#                                                                            --- full sequence --- -------------- this domain -------------   hmm coord   ali coord   env coord
# target name        accession   tlen query name           accession   qlen   E-value  score  bias   #  of  c-Evalue  i-Evalue  score  bias  from    to  from    to  from    to  acc description of target
#------------------- ---------- ----- -------------------- ---------- ----- --------- ------ ----- --- --- --------- --------- ------ ----- ----- ----- ----- ----- ----- ----- ---- ---------------------
1:386510-387430      -            307 1069591at2           -            187   1.1e-35  121.0   4.9   1   3   1.3e-31     2e-28   97.3   0.0     1    95     6   115     6   190 0.77 1_285 # 386510 # 387430 # -1 # ID=1_285;partial=00;start_type=ATG;rbs_motif=AATAA;rbs_spacer=10bp;gc_cont=0.460
1:386510-387430      -            307 1069591at2           -            187   1.1e-35  121.0   4.9   2   3    0.0024       3.7    5.2   0.3   133   164   193   226   186   229 0.78 1_285 # 386510 # 387430 # -1 # ID=1_285;partial=00;start_type=ATG;rbs_motif=AATAA;rbs_spacer=10bp;gc_cont=0.460
1:386510-387430      -            307 1069591at2           -            187   1.1e-35  121.0   4.9   3   3   8.3e-07    0.0013   16.5   0.1   162   186   249   274   242   275 0.82 1_285 # 386510 # 387430 # -1 # ID=1_285;partial=00;start_type=ATG;rbs_motif=AATAA;rbs_spacer=10bp;gc_cont=0.460
1:233785-234786      -            334 1069591at2           -            187   3.7e-34  116.0   4.8   1   3   1.2e-27   1.8e-24   84.4   0.0     1   111    35   157    35   165 0.85 1_171 # 233785 # 234786 # -1 # ID=1_171;partial=00;start_type=GTG;rbs_motif=AATAA;rbs_spacer=9bp;gc_cont=0.409
1:233785-234786      -            334 1069591at2           -            187   3.7e-34  116.0   4.8   2   3    0.0061       9.2    3.9   0.0   106   129   175   198   163   216 0.75 1_171 # 233785 # 234786 # -1 # ID=1_171;partial=00;start_type=GTG;rbs_motif=AATAA;rbs_spacer=9bp;gc_cont=0.409
1:233785-234786      -            334 1069591at2           -            187   3.7e-34  116.0   4.8   3   3   1.6e-08   2.4e-05   22.1   3.2   117   187   212   306   199   306 0.70 1_171 # 233785 # 234786 # -1 # ID=1_171;partial=00;start_type=GTG;rbs_motif=AATAA;rbs_spacer=9bp;gc_cont=0.409
1:2035861-2038395    -            845 1069591at2           -            187     0.012   13.3   0.0   1   2   3.4e-05     0.051   11.2   0.0     3    29   572   598   570   603 0.86 1_1734 # 2035861 # 2038395 # -1 # ID=1_1734;partial=00;start_type=ATG;rbs_motif=AAA;rbs_spacer=3bp;gc_cont=0.419
1:2035861-2038395    -            845 1069591at2           -            187     0.012   13.3   0.0   2   2      0.86   1.3e+03   -3.2   0.0   133   168   742   774   739   781 0.79 1_1734 # 2035861 # 2038395 # -1 # ID=1_1734;partial=00;start_type=ATG;rbs_motif=AAA;rbs_spacer=3bp;gc_cont=0.419
#
# Program:         hmmsearch
# Version:         3.1b2 (February 2015)
# Pipeline mode:   SEARCH
# Query file:      /data/wgs_assembly/hybrid_genome_assembly_guide/busco_downloads/lineages/bacteria_odb10/hmms/1069591at2.hmm
# Target file:     /data/wgs_assembly/hybrid_genome_assembly_guide/06_genome_quality_assessment/busco/hybrid/prodigal_output/predicted_genes/predicted.faa
# Option settings: hmmsearch --domtblout /data/wgs_assembly/hybrid_genome_assembly_guide/06_genome_quality_assessment/busco/hybrid/run_bacteria_odb10/hmmer_output/1069591at2.out --cpu 1 /data/wgs_assembly/hybrid_genome_assembly_guide/busco_downloads/lineages/bacteria_odb10/hmms/1069591at2.hmm /data/wgs_assembly/hybrid_genome_assembly_guide/06_genome_quality_assessment/busco/hybrid/prodigal_output/predicted_genes/predicted.faa 
# Current dir:     /data/wgs_assembly/hybrid_genome_assembly_guide
# Date:            Sun Dec 28 03:07:55 2025
# [ok]
