#                                                                            --- full sequence --- -------------- this domain -------------   hmm coord   ali coord   env coord
# target name        accession   tlen query name           accession   qlen   E-value  score  bias   #  of  c-Evalue  i-Evalue  score  bias  from    to  from    to  from    to  acc description of target
#------------------- ---------- ----- -------------------- ---------- ----- --------- ------ ----- --- --- --------- --------- ------ ----- ----- ----- ----- ----- ----- ----- ---- ---------------------
1:3376738-3377352    -            205 1502854at2           -            192   5.3e-68  226.4   0.0   1   1   5.4e-70   6.3e-68  226.2   0.0     4   186    14   197    11   201 0.97 1_2868 # 3376738 # 3377352 # 1 # ID=1_2868;partial=00;start_type=ATG;rbs_motif=TAA;rbs_spacer=12bp;gc_cont=0.442
1:3966507-3967820    -            438 1502854at2           -            192   4.3e-07   27.7   0.3   1   3   0.00053     0.062   10.9   0.0     5    47     1    43     1   109 0.90 1_3359 # 3966507 # 3967820 # -1 # ID=1_3359;partial=00;start_type=ATG;rbs_motif=TAAA;rbs_spacer=11bp;gc_cont=0.432
1:3966507-3967820    -            438 1502854at2           -            192   4.3e-07   27.7   0.3   2   3       2.6     3e+02   -1.1   0.0     9    29   142   162   139   167 0.85 1_3359 # 3966507 # 3967820 # -1 # ID=1_3359;partial=00;start_type=ATG;rbs_motif=TAAA;rbs_spacer=11bp;gc_cont=0.432
1:3966507-3967820    -            438 1502854at2           -            192   4.3e-07   27.7   0.3   3   3   7.5e-05    0.0087   13.7   0.1    10    90   179   261   176   354 0.76 1_3359 # 3966507 # 3967820 # -1 # ID=1_3359;partial=00;start_type=ATG;rbs_motif=TAAA;rbs_spacer=11bp;gc_cont=0.432
1:2905253-2908030    -            926 1502854at2           -            192   2.4e-05   22.0   0.0   1   2    0.0021      0.24    9.0   0.0     5    25    26    46    23    63 0.83 1_2471 # 2905253 # 2908030 # 1 # ID=1_2471;partial=00;start_type=ATG;rbs_motif=TAA;rbs_spacer=11bp;gc_cont=0.535
1:2905253-2908030    -            926 1502854at2           -            192   2.4e-05   22.0   0.0   2   2   0.00084     0.098   10.2   0.0     7    29   614   636   611   650 0.83 1_2471 # 2905253 # 2908030 # 1 # ID=1_2471;partial=00;start_type=ATG;rbs_motif=TAA;rbs_spacer=11bp;gc_cont=0.535
1:550173-550790      -            206 1502854at2           -            192   2.5e-05   22.0   1.2   1   2       2.2   2.6e+02   -0.9   0.1    11    26     7    22     5    32 0.69 1_418 # 550173 # 550790 # 1 # ID=1_418;partial=00;start_type=ATG;rbs_motif=AACAA;rbs_spacer=10bp;gc_cont=0.392
1:550173-550790      -            206 1502854at2           -            192   2.5e-05   22.0   1.2   2   2   3.8e-07   4.4e-05   21.2   0.1    90   184    95   189    79   195 0.85 1_418 # 550173 # 550790 # 1 # ID=1_418;partial=00;start_type=ATG;rbs_motif=AACAA;rbs_spacer=10bp;gc_cont=0.392
1:2235985-2238813    -            943 1502854at2           -            192   6.1e-05   20.7   0.1   1   2      0.02       2.4    5.7   0.0     5    23    26    44    23    56 0.89 1_1912 # 2235985 # 2238813 # -1 # ID=1_1912;partial=00;start_type=ATG;rbs_motif=AATAA;rbs_spacer=10bp;gc_cont=0.448
1:2235985-2238813    -            943 1502854at2           -            192   6.1e-05   20.7   0.1   2   2   0.00022     0.026   12.1   0.0     6    28   633   655   631   665 0.89 1_1912 # 2235985 # 2238813 # -1 # ID=1_1912;partial=00;start_type=ATG;rbs_motif=AATAA;rbs_spacer=10bp;gc_cont=0.448
1:2256679-2258139    -            487 1502854at2           -            192   0.00037   18.2   0.3   1   2     0.001      0.12   10.0   0.0     5    27    29    51    26    60 0.89 1_1929 # 2256679 # 2258139 # -1 # ID=1_1929;partial=00;start_type=ATG;rbs_motif=TAAA;rbs_spacer=12bp;gc_cont=0.500
1:2256679-2258139    -            487 1502854at2           -            192   0.00037   18.2   0.3   2   2      0.02       2.3    5.8   0.1     4    27   268   291   266   300 0.89 1_1929 # 2256679 # 2258139 # -1 # ID=1_1929;partial=00;start_type=ATG;rbs_motif=TAAA;rbs_spacer=12bp;gc_cont=0.500
1:491832-492401      -            190 1502854at2           -            192   0.00043   17.9   0.1   1   2     0.019       2.2    5.8   0.0     9    30     4    25     2    32 0.84 1_371 # 491832 # 492401 # 1 # ID=1_371;partial=00;start_type=ATG;rbs_motif=TAAA;rbs_spacer=8bp;gc_cont=0.416
1:491832-492401      -            190 1502854at2           -            192   0.00043   17.9   0.1   2   2   0.00095      0.11   10.1   0.0   129   164   118   159    90   185 0.80 1_371 # 491832 # 492401 # 1 # ID=1_371;partial=00;start_type=ATG;rbs_motif=TAAA;rbs_spacer=8bp;gc_cont=0.416
1:379187-379891      -            235 1502854at2           -            192   0.00089   16.9   0.1   1   2    0.0013      0.15    9.6   0.0     5    28    26    49    23    60 0.88 1_280 # 379187 # 379891 # -1 # ID=1_280;partial=00;start_type=ATG;rbs_motif=AAAAA;rbs_spacer=5bp;gc_cont=0.396
1:379187-379891      -            235 1502854at2           -            192   0.00089   16.9   0.1   2   2     0.033       3.9    5.0   0.0    73   116    92   134    86   204 0.66 1_280 # 379187 # 379891 # -1 # ID=1_280;partial=00;start_type=ATG;rbs_motif=AAAAA;rbs_spacer=5bp;gc_cont=0.396
1:2697129-2697737    -            203 1502854at2           -            192    0.0011   16.6   0.5   1   2   0.00032     0.037   11.6   0.1     8    31     3    26     1    33 0.83 1_2312 # 2697129 # 2697737 # 1 # ID=1_2312;partial=00;start_type=ATG;rbs_motif=TAA;rbs_spacer=4bp;gc_cont=0.471
1:2697129-2697737    -            203 1502854at2           -            192    0.0011   16.6   0.5   2   2       0.1        12    3.4   0.0    65   151    72   157    67   189 0.70 1_2312 # 2697129 # 2697737 # 1 # ID=1_2312;partial=00;start_type=ATG;rbs_motif=TAA;rbs_spacer=4bp;gc_cont=0.471
1:233785-234786      -            334 1502854at2           -            192    0.0012   16.5   0.6   1   2   2.5e-05    0.0029   15.2   0.1     4    31    31    58    29    69 0.83 1_171 # 233785 # 234786 # -1 # ID=1_171;partial=00;start_type=GTG;rbs_motif=AATAA;rbs_spacer=9bp;gc_cont=0.409
1:233785-234786      -            334 1502854at2           -            192    0.0012   16.5   0.6   2   2       3.4     4e+02   -1.5   0.1    61    77   239   255   211   267 0.57 1_171 # 233785 # 234786 # -1 # ID=1_171;partial=00;start_type=GTG;rbs_motif=AATAA;rbs_spacer=9bp;gc_cont=0.409
3:32273-33205        -            311 1502854at2           -            192    0.0015   16.1   0.0   1   1   2.1e-05    0.0025   15.5   0.0     5    27   172   194   168   205 0.87 3_21 # 32273 # 33205 # -1 # ID=3_21;partial=00;start_type=ATG;rbs_motif=TAA;rbs_spacer=3bp;gc_cont=0.472
3:62133-62552        -            140 1502854at2           -            192    0.0017   16.0   0.1   1   2       3.9   4.5e+02   -1.7   0.0   101   117     1    17     1    23 0.78 3_52 # 62133 # 62552 # -1 # ID=3_52;partial=00;start_type=ATG;rbs_motif=TAAAAA;rbs_spacer=12bp;gc_cont=0.452
3:62133-62552        -            140 1502854at2           -            192    0.0017   16.0   0.1   2   2   3.2e-05    0.0037   14.9   0.0     4    36    23    54    20    79 0.75 3_52 # 62133 # 62552 # -1 # ID=3_52;partial=00;start_type=ATG;rbs_motif=TAAAAA;rbs_spacer=12bp;gc_cont=0.452
1:3145305-3146702    -            466 1502854at2           -            192     0.002   15.7   0.1   1   2   6.1e-05    0.0071   14.0   0.0     9    65   223   281   217   308 0.82 1_2671 # 3145305 # 3146702 # 1 # ID=1_2671;partial=00;start_type=ATG;rbs_motif=AAAA;rbs_spacer=11bp;gc_cont=0.431
1:3145305-3146702    -            466 1502854at2           -            192     0.002   15.7   0.1   2   2       3.9   4.5e+02   -1.7   0.1   138   179   371   409   351   419 0.58 1_2671 # 3145305 # 3146702 # 1 # ID=1_2671;partial=00;start_type=ATG;rbs_motif=AAAA;rbs_spacer=11bp;gc_cont=0.431
1:981403-982119      -            239 1502854at2           -            192     0.003   15.2   0.0   1   1   5.3e-05    0.0061   14.2   0.0     4    26    29    51    26    62 0.86 1_799 # 981403 # 982119 # 1 # ID=1_799;partial=00;start_type=ATG;rbs_motif=TAA;rbs_spacer=12bp;gc_cont=0.501
1:2925390-2926616    -            409 1502854at2           -            192    0.0036   14.9   0.0   1   1   6.7e-05    0.0078   13.8   0.0     4    27    51    74    49    84 0.89 1_2486 # 2925390 # 2926616 # -1 # ID=1_2486;partial=00;start_type=ATG;rbs_motif=TAAA;rbs_spacer=11bp;gc_cont=0.475
1:2790807-2792261    -            485 1502854at2           -            192     0.004   14.8   0.0   1   2      0.17        20    2.7   0.0     6    31    31    56    27    72 0.80 1_2391 # 2790807 # 2792261 # -1 # ID=1_2391;partial=00;start_type=ATG;rbs_motif=TAA;rbs_spacer=12bp;gc_cont=0.490
1:2790807-2792261    -            485 1502854at2           -            192     0.004   14.8   0.0   2   2    0.0011      0.13    9.9   0.0     6    48   292   335   288   385 0.86 1_2391 # 2790807 # 2792261 # -1 # ID=1_2391;partial=00;start_type=ATG;rbs_motif=TAA;rbs_spacer=12bp;gc_cont=0.490
1:4961153-4961803    -            217 1502854at2           -            192     0.004   14.8   0.1   1   1   6.1e-05    0.0071   14.0   0.1     5    26    26    47    23    59 0.87 1_4149 # 4961153 # 4961803 # 1 # ID=1_4149;partial=00;start_type=ATG;rbs_motif=TAAAAA;rbs_spacer=12bp;gc_cont=0.449
1:1512291-1512965    -            225 1502854at2           -            192    0.0048   14.5   0.0   1   1   7.8e-05    0.0091   13.6   0.0     5    26    30    51    27    64 0.88 1_1244 # 1512291 # 1512965 # 1 # ID=1_1244;partial=00;start_type=ATG;rbs_motif=TAAAAA;rbs_spacer=12bp;gc_cont=0.462
1:2319156-2320958    -            601 1502854at2           -            192    0.0061   14.2   0.0   1   1   9.7e-05     0.011   13.3   0.0     4    26   375   397   373   403 0.88 1_1980 # 2319156 # 2320958 # 1 # ID=1_1980;partial=00;start_type=ATG;rbs_motif=TAA;rbs_spacer=12bp;gc_cont=0.514
3:24706-26877        -            724 1502854at2           -            192    0.0082   13.8   0.0   1   1   0.00014     0.016   12.8   0.0     5    29   507   531   505   540 0.89 3_14 # 24706 # 26877 # -1 # ID=3_14;partial=00;start_type=ATG;rbs_motif=AAGAA;rbs_spacer=5bp;gc_cont=0.374
1:4166108-4167781    -            558 1502854at2           -            192    0.0093   13.6   0.1   1   1   0.00018     0.021   12.4   0.1     4    27   290   313   287   321 0.88 1_3537 # 4166108 # 4167781 # 1 # ID=1_3537;partial=00;start_type=ATG;rbs_motif=TAAA;rbs_spacer=9bp;gc_cont=0.456
1:1999416-2000090    -            225 1502854at2           -            192    0.0095   13.6   0.3   1   1   0.00015     0.017   12.7   0.0     5    26    30    51    27    58 0.88 1_1702 # 1999416 # 2000090 # 1 # ID=1_1702;partial=00;start_type=ATG;rbs_motif=TAAAAA;rbs_spacer=9bp;gc_cont=0.427
1:2320990-2322720    -            577 1502854at2           -            192    0.0098   13.5   0.0   1   1   0.00015     0.018   12.6   0.0     4    27   357   380   355   392 0.86 1_1981 # 2320990 # 2322720 # 1 # ID=1_1981;partial=00;start_type=ATG;rbs_motif=AATAA;rbs_spacer=4bp;gc_cont=0.512
1:3387731-3389365    -            545 1502854at2           -            192      0.01   13.4   3.2   1   3     0.013       1.5    6.4   0.0     9    27    30    48    25    60 0.85 1_2878 # 3387731 # 3389365 # 1 # ID=1_2878;partial=00;start_type=ATG;rbs_motif=TAAAA;rbs_spacer=14bp;gc_cont=0.461
1:3387731-3389365    -            545 1502854at2           -            192      0.01   13.4   3.2   2   3       3.6   4.2e+02   -1.6   0.5   135   160   252   279   238   310 0.57 1_2878 # 3387731 # 3389365 # 1 # ID=1_2878;partial=00;start_type=ATG;rbs_motif=TAAAA;rbs_spacer=14bp;gc_cont=0.461
1:3387731-3389365    -            545 1502854at2           -            192      0.01   13.4   3.2   3   3     0.017         2    6.0   0.0     6    29   353   376   349   385 0.82 1_2878 # 3387731 # 3389365 # 1 # ID=1_2878;partial=00;start_type=ATG;rbs_motif=TAAAA;rbs_spacer=14bp;gc_cont=0.461
1:1602314-1602988    -            225 1502854at2           -            192     0.011   13.3   0.0   1   1   0.00016     0.019   12.6   0.0     5    26    30    51    27    60 0.88 1_1328 # 1602314 # 1602988 # 1 # ID=1_1328;partial=00;start_type=ATG;rbs_motif=TAAAAA;rbs_spacer=5bp;gc_cont=0.447
1:1607645-1608319    -            225 1502854at2           -            192     0.012   13.3   0.0   1   1   0.00016     0.019   12.6   0.0     5    26    30    51    27    60 0.88 1_1331 # 1607645 # 1608319 # 1 # ID=1_1331;partial=00;start_type=ATG;rbs_motif=AATAA;rbs_spacer=8bp;gc_cont=0.456
1:880047-880712      -            222 1502854at2           -            192     0.021   12.5   0.0   1   1   0.00033     0.039   11.6   0.0     5    25    30    50    27    61 0.88 1_712 # 880047 # 880712 # 1 # ID=1_712;partial=00;start_type=ATG;rbs_motif=TAAA;rbs_spacer=12bp;gc_cont=0.470
1:2370093-2371472    -            460 1502854at2           -            192     0.021   12.4   0.0   1   1   0.00038     0.044   11.4   0.0     4    27    31    54    29    75 0.86 1_2025 # 2370093 # 2371472 # -1 # ID=1_2025;partial=00;start_type=ATG;rbs_motif=AAA;rbs_spacer=11bp;gc_cont=0.479
1:880899-881564      -            222 1502854at2           -            192     0.021   12.4   0.0   1   1   0.00034      0.04   11.5   0.0     5    25    30    50    27    61 0.88 1_713 # 880899 # 881564 # 1 # ID=1_713;partial=00;start_type=ATG;rbs_motif=TAAA;rbs_spacer=11bp;gc_cont=0.479
1:4704981-4705520    -            180 1502854at2           -            192     0.024   12.2   0.3   1   2     0.019       2.2    5.9   0.0     9    29     4    24     2    31 0.84 1_3968 # 4704981 # 4705520 # 1 # ID=1_3968;partial=00;start_type=ATG;rbs_motif=AAAA;rbs_spacer=12bp;gc_cont=0.443
1:4704981-4705520    -            180 1502854at2           -            192     0.024   12.2   0.3   2   2     0.053       6.2    4.4   0.2   115   182    91   164    86   174 0.74 1_3968 # 4704981 # 4705520 # 1 # ID=1_3968;partial=00;start_type=ATG;rbs_motif=AAAA;rbs_spacer=12bp;gc_cont=0.443
1:2632392-2635355    -            988 1502854at2           -            192     0.029   12.0   0.0   1   3   0.00025     0.029   12.0   0.0     7    27    31    51    27    66 0.82 1_2259 # 2632392 # 2635355 # -1 # ID=1_2259;partial=00;start_type=ATG;rbs_motif=TAAA;rbs_spacer=15bp;gc_cont=0.505
1:2632392-2635355    -            988 1502854at2           -            192     0.029   12.0   0.0   2   3       5.1   5.9e+02   -2.1   1.6    91   172   227   308   220   322 0.63 1_2259 # 2632392 # 2635355 # -1 # ID=1_2259;partial=00;start_type=ATG;rbs_motif=TAAA;rbs_spacer=15bp;gc_cont=0.505
1:2632392-2635355    -            988 1502854at2           -            192     0.029   12.0   0.0   3   3       3.9   4.5e+02   -1.7   1.5   137   163   776   802   709   823 0.74 1_2259 # 2632392 # 2635355 # -1 # ID=1_2259;partial=00;start_type=ATG;rbs_motif=TAAA;rbs_spacer=15bp;gc_cont=0.505
1:1650053-1651057    -            335 1502854at2           -            192      0.03   11.9   0.1   1   1   0.00075     0.087   10.4   0.1     6    29    35    58    32    67 0.87 1_1365 # 1650053 # 1651057 # 1 # ID=1_1365;partial=00;start_type=ATG;rbs_motif=TAA;rbs_spacer=12bp;gc_cont=0.460
1:4700969-4702804    -            612 1502854at2           -            192     0.031   11.9   0.0   1   1   0.00059     0.068   10.8   0.0     5    28   399   422   396   430 0.85 1_3965 # 4700969 # 4702804 # 1 # ID=1_3965;partial=00;start_type=ATG;rbs_motif=TAA;rbs_spacer=3bp;gc_cont=0.412
1:2411522-2412283    -            254 1502854at2           -            192     0.031   11.9   0.0   1   2    0.0009       0.1   10.1   0.0     5    27    31    53    27    66 0.79 1_2055 # 2411522 # 2412283 # -1 # ID=1_2055;partial=00;start_type=ATG;rbs_motif=AACAA;rbs_spacer=5bp;gc_cont=0.471
1:2411522-2412283    -            254 1502854at2           -            192     0.031   11.9   0.0   2   2       4.5   5.3e+02   -1.9   0.0   157   178   190   213   180   218 0.64 1_2055 # 2411522 # 2412283 # -1 # ID=1_2055;partial=00;start_type=ATG;rbs_motif=AACAA;rbs_spacer=5bp;gc_cont=0.471
1:1059021-1059629    -            203 1502854at2           -            192     0.038   11.6   0.0   1   1   0.00067     0.078   10.6   0.0     4    29    26    51    24    59 0.85 1_863 # 1059021 # 1059629 # 1 # ID=1_863;partial=00;start_type=ATG;rbs_motif=TAA;rbs_spacer=9bp;gc_cont=0.452
1:1299875-1300618    -            248 1502854at2           -            192     0.038   11.6   0.1   1   2   0.00088       0.1   10.2   0.1     5    26    34    55    32    62 0.89 1_1052 # 1299875 # 1300618 # -1 # ID=1_1052;partial=00;start_type=ATG;rbs_motif=AAA;rbs_spacer=11bp;gc_cont=0.570
1:1299875-1300618    -            248 1502854at2           -            192     0.038   11.6   0.1   2   2       9.8   1.1e+03   -3.0   0.0    85   116   153   184   137   192 0.68 1_1052 # 1299875 # 1300618 # -1 # ID=1_1052;partial=00;start_type=ATG;rbs_motif=AAA;rbs_spacer=11bp;gc_cont=0.570
1:2035861-2038395    -            845 1502854at2           -            192     0.066   10.8   4.1   1   3      0.48        57    1.2   0.0     9    26   234   251   227   261 0.81 1_1734 # 2035861 # 2038395 # -1 # ID=1_1734;partial=00;start_type=ATG;rbs_motif=AAA;rbs_spacer=3bp;gc_cont=0.419
1:2035861-2038395    -            845 1502854at2           -            192     0.066   10.8   4.1   2   3       1.3   1.5e+02   -0.2   0.5    89   151   450   510   445   524 0.75 1_1734 # 2035861 # 2038395 # -1 # ID=1_1734;partial=00;start_type=ATG;rbs_motif=AAA;rbs_spacer=3bp;gc_cont=0.419
1:2035861-2038395    -            845 1502854at2           -            192     0.066   10.8   4.1   3   3    0.0057      0.67    7.5   0.0     9    28   571   590   566   596 0.90 1_1734 # 2035861 # 2038395 # -1 # ID=1_1734;partial=00;start_type=ATG;rbs_motif=AAA;rbs_spacer=3bp;gc_cont=0.419
1:3708064-3710019    -            652 1502854at2           -            192       0.1   10.2   4.9   1   3     0.043         5    4.7   0.1     9    26    30    47    25    57 0.85 1_3141 # 3708064 # 3710019 # -1 # ID=1_3141;partial=00;start_type=GTG;rbs_motif=AAA;rbs_spacer=3bp;gc_cont=0.454
1:3708064-3710019    -            652 1502854at2           -            192       0.1   10.2   4.9   2   3       3.2   3.7e+02   -1.4   0.6    71   179   269   296   230   321 0.51 1_3141 # 3708064 # 3710019 # -1 # ID=1_3141;partial=00;start_type=GTG;rbs_motif=AAA;rbs_spacer=3bp;gc_cont=0.454
1:3708064-3710019    -            652 1502854at2           -            192       0.1   10.2   4.9   3   3     0.025       2.9    5.5   0.0     6    29   353   376   350   385 0.83 1_3141 # 3708064 # 3710019 # -1 # ID=1_3141;partial=00;start_type=GTG;rbs_motif=AAA;rbs_spacer=3bp;gc_cont=0.454
1:1444010-1445668    -            553 1502854at2           -            192      0.86    7.2   5.4   1   3      0.47        55    1.3   0.1    11    27    30    46    25    59 0.81 1_1193 # 1444010 # 1445668 # 1 # ID=1_1193;partial=00;start_type=ATG;rbs_motif=TAAAAA;rbs_spacer=13bp;gc_cont=0.452
1:1444010-1445668    -            553 1502854at2           -            192      0.86    7.2   5.4   2   3       5.4   6.3e+02   -2.2   0.5   138   181   263   308   248   313 0.57 1_1193 # 1444010 # 1445668 # 1 # ID=1_1193;partial=00;start_type=ATG;rbs_motif=TAAAAA;rbs_spacer=13bp;gc_cont=0.452
1:1444010-1445668    -            553 1502854at2           -            192      0.86    7.2   5.4   3   3    0.0076      0.89    7.1   0.0     8    27   349   368   345   375 0.85 1_1193 # 1444010 # 1445668 # 1 # ID=1_1193;partial=00;start_type=ATG;rbs_motif=TAAAAA;rbs_spacer=13bp;gc_cont=0.452
#
# Program:         hmmsearch
# Version:         3.1b2 (February 2015)
# Pipeline mode:   SEARCH
# Query file:      /data/wgs_assembly/hybrid_genome_assembly_guide/busco_downloads/lineages/bacteria_odb10/hmms/1502854at2.hmm
# Target file:     /data/wgs_assembly/hybrid_genome_assembly_guide/06_genome_quality_assessment/busco/hybrid/prodigal_output/predicted_genes/predicted.faa
# Option settings: hmmsearch --domtblout /data/wgs_assembly/hybrid_genome_assembly_guide/06_genome_quality_assessment/busco/hybrid/run_bacteria_odb10/hmmer_output/1502854at2.out --cpu 1 /data/wgs_assembly/hybrid_genome_assembly_guide/busco_downloads/lineages/bacteria_odb10/hmms/1502854at2.hmm /data/wgs_assembly/hybrid_genome_assembly_guide/06_genome_quality_assessment/busco/hybrid/prodigal_output/predicted_genes/predicted.faa 
# Current dir:     /data/wgs_assembly/hybrid_genome_assembly_guide
# Date:            Sun Dec 28 03:07:55 2025
# [ok]
