#                                                                            --- full sequence --- -------------- this domain -------------   hmm coord   ali coord   env coord
# target name        accession   tlen query name           accession   qlen   E-value  score  bias   #  of  c-Evalue  i-Evalue  score  bias  from    to  from    to  from    to  acc description of target
#------------------- ---------- ----- -------------------- ---------- ----- --------- ------ ----- --- --- --------- --------- ------ ----- ----- ----- ----- ----- ----- ----- ---- ---------------------
1:23828-25078        -            417 776861at2            -            618   2.7e-86  288.1   0.0   1   1   4.1e-88   2.7e-85  284.8   0.0    11   399    10   400     3   413 0.90 1_21 # 23828 # 25078 # -1 # ID=1_21;partial=00;start_type=ATG;rbs_motif=AACAA;rbs_spacer=5bp;gc_cont=0.543
1:3413045-3413836    -            264 776861at2            -            618   1.6e-77  259.1   0.2   1   1   2.9e-80   1.9e-77  258.9   0.2   404   611    33   260    17   263 0.93 1_2905 # 3413045 # 3413836 # 1 # ID=1_2905;partial=00;start_type=TTG;rbs_motif=TAA;rbs_spacer=13bp;gc_cont=0.429
1:386510-387430      -            307 776861at2            -            618   0.00065   16.0   0.0   1   1   1.6e-06    0.0011   15.2   0.0   410   448     6    46     2    67 0.85 1_285 # 386510 # 387430 # -1 # ID=1_285;partial=00;start_type=ATG;rbs_motif=AATAA;rbs_spacer=10bp;gc_cont=0.460
1:1059021-1059629    -            203 776861at2            -            618   0.00084   15.6   0.0   1   2   0.00037      0.24    7.5   0.0   406   433    26    53     8    93 0.88 1_863 # 1059021 # 1059629 # 1 # ID=1_863;partial=00;start_type=ATG;rbs_motif=TAA;rbs_spacer=9bp;gc_cont=0.452
1:1059021-1059629    -            203 776861at2            -            618   0.00084   15.6   0.0   2   2   0.00078      0.51    6.4   0.0   583   611   169   197   138   202 0.85 1_863 # 1059021 # 1059629 # 1 # ID=1_863;partial=00;start_type=ATG;rbs_motif=TAA;rbs_spacer=9bp;gc_cont=0.452
1:491832-492401      -            190 776861at2            -            618    0.0012   15.1   0.0   1   1   2.3e-06    0.0015   14.7   0.0   410   445     3    38     1    52 0.92 1_371 # 491832 # 492401 # 1 # ID=1_371;partial=00;start_type=ATG;rbs_motif=TAAA;rbs_spacer=8bp;gc_cont=0.416
1:1884940-1887408    -            823 776861at2            -            618    0.0083   12.3   1.5   1   2      0.45   2.9e+02   -2.7   1.4   542   577   220   255   215   269 0.73 1_1578 # 1884940 # 1887408 # -1 # ID=1_1578;partial=00;start_type=ATG;rbs_motif=TAAA;rbs_spacer=14bp;gc_cont=0.427
1:1884940-1887408    -            823 776861at2            -            618    0.0083   12.3   1.5   2   2   1.7e-05     0.011   11.8   0.0   393   437   364   408   342   410 0.87 1_1578 # 1884940 # 1887408 # -1 # ID=1_1578;partial=00;start_type=ATG;rbs_motif=TAAA;rbs_spacer=14bp;gc_cont=0.427
1:4704981-4705520    -            180 776861at2            -            618     0.019   11.1   0.2   1   2   9.6e-05     0.062    9.4   0.0   411   438     4    31     1    32 0.90 1_3968 # 4704981 # 4705520 # 1 # ID=1_3968;partial=00;start_type=ATG;rbs_motif=AAAA;rbs_spacer=12bp;gc_cont=0.443
1:4704981-4705520    -            180 776861at2            -            618     0.019   11.1   0.2   2   2      0.12        75   -0.8   0.1   524   573    94   144    93   174 0.77 1_3968 # 4704981 # 4705520 # 1 # ID=1_3968;partial=00;start_type=ATG;rbs_motif=AAAA;rbs_spacer=12bp;gc_cont=0.443
#
# Program:         hmmsearch
# Version:         3.1b2 (February 2015)
# Pipeline mode:   SEARCH
# Query file:      /data/wgs_assembly/hybrid_genome_assembly_guide/busco_downloads/lineages/bacteria_odb10/hmms/776861at2.hmm
# Target file:     /data/wgs_assembly/hybrid_genome_assembly_guide/06_genome_quality_assessment/busco/hybrid/prodigal_output/predicted_genes/predicted.faa
# Option settings: hmmsearch --domtblout /data/wgs_assembly/hybrid_genome_assembly_guide/06_genome_quality_assessment/busco/hybrid/run_bacteria_odb10/hmmer_output/776861at2.out --cpu 1 /data/wgs_assembly/hybrid_genome_assembly_guide/busco_downloads/lineages/bacteria_odb10/hmms/776861at2.hmm /data/wgs_assembly/hybrid_genome_assembly_guide/06_genome_quality_assessment/busco/hybrid/prodigal_output/predicted_genes/predicted.faa 
# Current dir:     /data/wgs_assembly/hybrid_genome_assembly_guide
# Date:            Sun Dec 28 03:07:56 2025
# [ok]
