#                                                                            --- full sequence --- -------------- this domain -------------   hmm coord   ali coord   env coord
# target name        accession   tlen query name           accession   qlen   E-value  score  bias   #  of  c-Evalue  i-Evalue  score  bias  from    to  from    to  from    to  acc description of target
#------------------- ---------- ----- -------------------- ---------- ----- --------- ------ ----- --- --- --------- --------- ------ ----- ----- ----- ----- ----- ----- ----- ---- ---------------------
1:4626122-4627150    -            343 874197at2            -            274  9.1e-121  400.2   0.0   1   1  3.8e-123  1.3e-120  399.7   0.0     1   274    20   322    20   322 0.93 1_3903 # 4626122 # 4627150 # 1 # ID=1_3903;partial=00;start_type=ATG;rbs_motif=TAAAAA;rbs_spacer=4bp;gc_cont=0.504
1:1315055-1316326    -            424 874197at2            -            274   9.1e-14   49.3   0.0   1   2   1.3e-15   4.6e-13   47.0   0.0     3   101     7   110     5   138 0.72 1_1066 # 1315055 # 1316326 # -1 # ID=1_1066;partial=00;start_type=ATG;rbs_motif=AAA;rbs_spacer=5bp;gc_cont=0.484
1:1315055-1316326    -            424 874197at2            -            274   9.1e-14   49.3   0.0   2   2      0.17        59    0.7   0.0   130   169   123   166   111   186 0.72 1_1066 # 1315055 # 1316326 # -1 # ID=1_1066;partial=00;start_type=ATG;rbs_motif=AAA;rbs_spacer=5bp;gc_cont=0.484
1:3958095-3959342    -            416 874197at2            -            274   1.2e-05   22.7   0.0   1   1   7.2e-08   2.5e-05   21.6   0.0    34    99   112   191    70   198 0.73 1_3351 # 3958095 # 3959342 # -1 # ID=1_3351;partial=00;start_type=ATG;rbs_motif=AAGAA;rbs_spacer=6bp;gc_cont=0.488
1:2760805-2762649    -            615 874197at2            -            274   3.5e-05   21.1   0.0   1   1   2.6e-07     9e-05   19.8   0.0     5   101    12   112     8   129 0.68 1_2370 # 2760805 # 2762649 # -1 # ID=1_2370;partial=00;start_type=ATG;rbs_motif=None;rbs_spacer=None;gc_cont=0.491
1:77536-79524        -            663 874197at2            -            274     4e-05   21.0   0.0   1   1   2.8e-07   9.9e-05   19.6   0.0    33    95   208   278   170   285 0.64 1_58 # 77536 # 79524 # -1 # ID=1_58;partial=00;start_type=ATG;rbs_motif=AATAA;rbs_spacer=7bp;gc_cont=0.466
1:1884940-1887408    -            823 874197at2            -            274   0.00012   19.4   0.0   1   2   1.3e-06   0.00047   17.4   0.0     9    71   352   416   346   424 0.77 1_1578 # 1884940 # 1887408 # -1 # ID=1_1578;partial=00;start_type=ATG;rbs_motif=TAAA;rbs_spacer=14bp;gc_cont=0.427
1:1884940-1887408    -            823 874197at2            -            274   0.00012   19.4   0.0   2   2       1.5   5.2e+02   -2.4   0.0   124   155   489   520   484   534 0.83 1_1578 # 1884940 # 1887408 # -1 # ID=1_1578;partial=00;start_type=ATG;rbs_motif=TAAA;rbs_spacer=14bp;gc_cont=0.427
1:2035861-2038395    -            845 874197at2            -            274   0.00015   19.1   0.7   1   2   0.00097      0.34    8.1   0.3    74    99   288   315   208   320 0.62 1_1734 # 2035861 # 2038395 # -1 # ID=1_1734;partial=00;start_type=ATG;rbs_motif=AAA;rbs_spacer=3bp;gc_cont=0.419
1:2035861-2038395    -            845 874197at2            -            274   0.00015   19.1   0.7   2   2    0.0018      0.63    7.2   0.0    31    59   564   592   535   601 0.79 1_1734 # 2035861 # 2038395 # -1 # ID=1_1734;partial=00;start_type=ATG;rbs_motif=AAA;rbs_spacer=3bp;gc_cont=0.419
3:59597-60592        -            332 874197at2            -            274   0.00042   17.6   0.1   1   1     3e-06     0.001   16.3   0.1    34   114    52   147    11   212 0.75 3_49 # 59597 # 60592 # 1 # ID=3_49;partial=00;start_type=ATG;rbs_motif=TAA;rbs_spacer=11bp;gc_cont=0.466
1:3387731-3389365    -            545 874197at2            -            274    0.0029   14.8   0.3   1   3     0.027       9.4    3.3   0.0    35    56    27    48    22    62 0.87 1_2878 # 3387731 # 3389365 # 1 # ID=1_2878;partial=00;start_type=ATG;rbs_motif=TAAAA;rbs_spacer=14bp;gc_cont=0.461
1:3387731-3389365    -            545 874197at2            -            274    0.0029   14.8   0.3   2   3       4.9   1.7e+03   -4.1   0.0    81   110   178   205   171   210 0.65 1_2878 # 3387731 # 3389365 # 1 # ID=1_2878;partial=00;start_type=ATG;rbs_motif=TAAAA;rbs_spacer=14bp;gc_cont=0.461
1:3387731-3389365    -            545 874197at2            -            274    0.0029   14.8   0.3   3   3   0.00065      0.23    8.6   0.0    23    69   341   387   335   415 0.84 1_2878 # 3387731 # 3389365 # 1 # ID=1_2878;partial=00;start_type=ATG;rbs_motif=TAAAA;rbs_spacer=14bp;gc_cont=0.461
1:2422122-2422715    -            198 874197at2            -            274    0.0087   13.3   0.0   1   1   4.4e-05     0.015   12.5   0.0    64   103    39    78    32    93 0.87 1_2065 # 2422122 # 2422715 # -1 # ID=1_2065;partial=00;start_type=ATG;rbs_motif=TAAAAA;rbs_spacer=9bp;gc_cont=0.426
3:62133-62552        -            140 874197at2            -            274     0.012   12.8   0.0   1   1   4.6e-05     0.016   12.4   0.0    21    67     8    57     2    71 0.75 3_52 # 62133 # 62552 # -1 # ID=3_52;partial=00;start_type=ATG;rbs_motif=TAAAAA;rbs_spacer=12bp;gc_cont=0.452
1:4961153-4961803    -            217 874197at2            -            274     0.016   12.4   0.1   1   1   7.3e-05     0.026   11.7   0.1    38   141    30   132    15   152 0.71 1_4149 # 4961153 # 4961803 # 1 # ID=1_4149;partial=00;start_type=ATG;rbs_motif=TAAAAA;rbs_spacer=12bp;gc_cont=0.449
1:3708064-3710019    -            652 874197at2            -            274     0.019   12.1   0.1   1   2     0.051        18    2.4   0.0    34    56    26    48    18    63 0.90 1_3141 # 3708064 # 3710019 # -1 # ID=1_3141;partial=00;start_type=GTG;rbs_motif=AAA;rbs_spacer=3bp;gc_cont=0.454
1:3708064-3710019    -            652 874197at2            -            274     0.019   12.1   0.1   2   2    0.0019      0.65    7.1   0.0    36    99   354   416   339   444 0.81 1_3141 # 3708064 # 3710019 # -1 # ID=1_3141;partial=00;start_type=GTG;rbs_motif=AAA;rbs_spacer=3bp;gc_cont=0.454
#
# Program:         hmmsearch
# Version:         3.1b2 (February 2015)
# Pipeline mode:   SEARCH
# Query file:      /data/wgs_assembly/hybrid_genome_assembly_guide/busco_downloads/lineages/bacteria_odb10/hmms/874197at2.hmm
# Target file:     /data/wgs_assembly/hybrid_genome_assembly_guide/06_genome_quality_assessment/busco/hybrid/prodigal_output/predicted_genes/predicted.faa
# Option settings: hmmsearch --domtblout /data/wgs_assembly/hybrid_genome_assembly_guide/06_genome_quality_assessment/busco/hybrid/run_bacteria_odb10/hmmer_output/874197at2.out --cpu 1 /data/wgs_assembly/hybrid_genome_assembly_guide/busco_downloads/lineages/bacteria_odb10/hmms/874197at2.hmm /data/wgs_assembly/hybrid_genome_assembly_guide/06_genome_quality_assessment/busco/hybrid/prodigal_output/predicted_genes/predicted.faa 
# Current dir:     /data/wgs_assembly/hybrid_genome_assembly_guide
# Date:            Sun Dec 28 03:07:56 2025
# [ok]
