#                                                                            --- full sequence --- -------------- this domain -------------   hmm coord   ali coord   env coord
# target name        accession   tlen query name           accession   qlen   E-value  score  bias   #  of  c-Evalue  i-Evalue  score  bias  from    to  from    to  from    to  acc description of target
#------------------- ---------- ----- -------------------- ---------- ----- --------- ------ ----- --- --- --------- --------- ------ ----- ----- ----- ----- ----- ----- ----- ---- ---------------------
2:2539-4224          -            562 1074831at2           -            386     2e-79  265.5  40.7   1   3   1.6e-38   5.4e-36  122.5  17.6     1   235     1   282     1   284 0.79 2_3 # 2539 # 4224 # -1 # ID=2_3;partial=00;start_type=ATG;rbs_motif=TAAAA;rbs_spacer=12bp;gc_cont=0.453
2:2539-4224          -            562 1074831at2           -            386     2e-79  265.5  40.7   2   3   5.3e-08   1.7e-05   22.1   5.5   171   281   267   400   245   405 0.73 2_3 # 2539 # 4224 # -1 # ID=2_3;partial=00;start_type=ATG;rbs_motif=TAAAA;rbs_spacer=12bp;gc_cont=0.453
2:2539-4224          -            562 1074831at2           -            386     2e-79  265.5  40.7   3   3   3.2e-38   1.1e-35  121.6   4.6   266   386   405   551   398   551 0.83 2_3 # 2539 # 4224 # -1 # ID=2_3;partial=00;start_type=ATG;rbs_motif=TAAAA;rbs_spacer=12bp;gc_cont=0.453
2:399993-402770      -            926 1074831at2           -            386   2.6e-07   28.1   0.0   1   4     0.015         5    4.1   0.0     6    36    13    43     9    63 0.76 2_325 # 399993 # 402770 # 1 # ID=2_325;partial=00;start_type=ATG;rbs_motif=TAA;rbs_spacer=11bp;gc_cont=0.535
2:399993-402770      -            926 1074831at2           -            386   2.6e-07   28.1   0.0   2   4   0.00088      0.28    8.2   0.0   270   353   448   540   430   549 0.70 2_325 # 399993 # 402770 # 1 # ID=2_325;partial=00;start_type=ATG;rbs_motif=TAA;rbs_spacer=11bp;gc_cont=0.535
2:399993-402770      -            926 1074831at2           -            386   2.6e-07   28.1   0.0   3   4    0.0053       1.7    5.6   0.0    22    38   615   631   603   646 0.85 2_325 # 399993 # 402770 # 1 # ID=2_325;partial=00;start_type=ATG;rbs_motif=TAA;rbs_spacer=11bp;gc_cont=0.535
2:399993-402770      -            926 1074831at2           -            386   2.6e-07   28.1   0.0   4   4     0.014       4.5    4.3   0.0   285   319   807   844   803   846 0.75 2_325 # 399993 # 402770 # 1 # ID=2_325;partial=00;start_type=ATG;rbs_motif=TAA;rbs_spacer=11bp;gc_cont=0.535
1:565066-565809      -            248 1074831at2           -            386   2.8e-05   21.4   0.5   1   2    0.0034       1.1    6.3   0.0    21    50    36    65    23    97 0.75 1_482 # 565066 # 565809 # -1 # ID=1_482;partial=00;start_type=ATG;rbs_motif=AAA;rbs_spacer=11bp;gc_cont=0.570
1:565066-565809      -            248 1074831at2           -            386   2.8e-05   21.4   0.5   2   2   2.1e-05    0.0069   13.5   0.1   276   355   133   218   125   228 0.80 1_482 # 565066 # 565809 # -1 # ID=1_482;partial=00;start_type=ATG;rbs_motif=AAA;rbs_spacer=11bp;gc_cont=0.570
3:278671-279291      -            207 1074831at2           -            386   5.6e-05   20.4   0.2   1   2   0.00055      0.18    8.9   0.1    24    45    31    52    22    80 0.78 3_264 # 278671 # 279291 # 1 # ID=3_264;partial=00;start_type=ATG;rbs_motif=TAAA;rbs_spacer=8bp;gc_cont=0.424
3:278671-279291      -            207 1074831at2           -            386   5.6e-05   20.4   0.2   2   2   0.00029     0.094    9.8   0.0   290   335   135   180   127   201 0.83 3_264 # 278671 # 279291 # 1 # ID=3_264;partial=00;start_type=ATG;rbs_motif=TAAA;rbs_spacer=8bp;gc_cont=0.424
9:7398-10226         -            943 1074831at2           -            386    0.0001   19.5   0.1   1   4     0.011       3.6    4.6   0.0    11    36    18    43    11    60 0.75 9_9 # 7398 # 10226 # -1 # ID=9_9;partial=00;start_type=ATG;rbs_motif=AATAA;rbs_spacer=10bp;gc_cont=0.448
9:7398-10226         -            943 1074831at2           -            386    0.0001   19.5   0.1   2   4     0.032        10    3.1   0.0   284   307   483   506   381   525 0.68 9_9 # 7398 # 10226 # -1 # ID=9_9;partial=00;start_type=ATG;rbs_motif=AATAA;rbs_spacer=10bp;gc_cont=0.448
9:7398-10226         -            943 1074831at2           -            386    0.0001   19.5   0.1   3   4     0.033        11    3.0   0.0    21    38   634   651   621   670 0.74 9_9 # 7398 # 10226 # -1 # ID=9_9;partial=00;start_type=ATG;rbs_motif=AATAA;rbs_spacer=10bp;gc_cont=0.448
9:7398-10226         -            943 1074831at2           -            386    0.0001   19.5   0.1   4   4     0.036        12    2.9   0.0   285   320   824   862   818   902 0.70 9_9 # 7398 # 10226 # -1 # ID=9_9;partial=00;start_type=ATG;rbs_motif=AATAA;rbs_spacer=10bp;gc_cont=0.448
2:261763-262368      -            202 1074831at2           -            386   0.00012   19.3   4.1   1   1   4.8e-07   0.00016   18.9   4.1   186   267    75   155    51   167 0.86 2_230 # 261763 # 262368 # -1 # ID=2_230;partial=00;start_type=ATG;rbs_motif=AAAAA;rbs_spacer=15bp;gc_cont=0.393
16:63226-64263       -            346 1074831at2           -            386   0.00045   17.4   0.0   1   1   1.7e-06   0.00054   17.2   0.0     1    50     1    52     1   127 0.84 16_59 # 63226 # 64263 # 1 # ID=16_59;partial=00;start_type=ATG;rbs_motif=AAAAA;rbs_spacer=12bp;gc_cont=0.388
17:25913-26629       -            239 1074831at2           -            386    0.0011   16.1   0.3   1   2     0.026       8.6    3.4   0.0    22    43    32    53    21    83 0.84 17_17 # 25913 # 26629 # 1 # ID=17_17;partial=00;start_type=GTG;rbs_motif=TAAA;rbs_spacer=11bp;gc_cont=0.457
17:25913-26629       -            239 1074831at2           -            386    0.0011   16.1   0.3   2   2   0.00012      0.04   11.0   0.2   287   363   138   221   123   223 0.81 17_17 # 25913 # 26629 # 1 # ID=17_17;partial=00;start_type=GTG;rbs_motif=TAAA;rbs_spacer=11bp;gc_cont=0.457
1:255695-256411      -            239 1074831at2           -            386    0.0012   16.0   0.3   1   2    0.0074       2.4    5.2   0.0    22    77    33    88    14   103 0.82 1_234 # 255695 # 256411 # 1 # ID=1_234;partial=00;start_type=ATG;rbs_motif=TAA;rbs_spacer=12bp;gc_cont=0.501
1:255695-256411      -            239 1074831at2           -            386    0.0012   16.0   0.3   2   2   0.00042      0.14    9.3   0.1   282   372   134   230   119   237 0.77 1_234 # 255695 # 256411 # 1 # ID=1_234;partial=00;start_type=ATG;rbs_motif=TAA;rbs_spacer=12bp;gc_cont=0.501
42:8004-9116         -            371 1074831at2           -            386    0.0023   15.1   0.0   1   1   1.2e-05    0.0037   14.4   0.0     2    58     3    61     2    70 0.84 42_6 # 8004 # 9116 # 1 # ID=42_6;partial=00;start_type=ATG;rbs_motif=None;rbs_spacer=None;gc_cont=0.447
10:136486-137244     -            253 1074831at2           -            386    0.0067   13.6   0.3   1   2    0.0013      0.42    7.7   0.1    21    41    28    48    14    77 0.88 10_132 # 136486 # 137244 # -1 # ID=10_132;partial=00;start_type=ATG;rbs_motif=AAA;rbs_spacer=11bp;gc_cont=0.470
10:136486-137244     -            253 1074831at2           -            386    0.0067   13.6   0.3   2   2     0.016       5.3    4.0   0.0   283   315   131   163   116   165 0.82 10_132 # 136486 # 137244 # -1 # ID=10_132;partial=00;start_type=ATG;rbs_motif=AAA;rbs_spacer=11bp;gc_cont=0.470
3:13654-16422        -            923 1074831at2           -            386    0.0071   13.5   7.5   1   3     0.015       4.9    4.1   0.0    15    44   338   367   331   388 0.89 3_14 # 13654 # 16422 # -1 # ID=3_14;partial=00;start_type=ATG;rbs_motif=TAAAAA;rbs_spacer=10bp;gc_cont=0.297
3:13654-16422        -            923 1074831at2           -            386    0.0071   13.5   7.5   2   3         2   6.5e+02   -2.8   5.4   128   244   515   630   461   686 0.76 3_14 # 13654 # 16422 # -1 # ID=3_14;partial=00;start_type=ATG;rbs_motif=TAAAAA;rbs_spacer=10bp;gc_cont=0.297
3:13654-16422        -            923 1074831at2           -            386    0.0071   13.5   7.5   3   3   0.00021      0.07   10.2   0.0   330   355   828   853   827   861 0.88 3_14 # 13654 # 16422 # -1 # ID=3_14;partial=00;start_type=ATG;rbs_motif=TAAAAA;rbs_spacer=10bp;gc_cont=0.297
1:235719-237584      -            622 1074831at2           -            386     0.034   11.2   8.9   1   4   0.00092       0.3    8.1   0.0   281   315   143   177   131   207 0.86 1_220 # 235719 # 237584 # 1 # ID=1_220;partial=00;start_type=ATG;rbs_motif=None;rbs_spacer=None;gc_cont=0.468
1:235719-237584      -            622 1074831at2           -            386     0.034   11.2   8.9   2   4       2.2   7.1e+02   -3.0   0.4    25    38   343   356   341   360 0.84 1_220 # 235719 # 237584 # 1 # ID=1_220;partial=00;start_type=ATG;rbs_motif=None;rbs_spacer=None;gc_cont=0.468
1:235719-237584      -            622 1074831at2           -            386     0.034   11.2   8.9   3   4      0.09        29    1.6   0.0   290   341   435   489   420   511 0.71 1_220 # 235719 # 237584 # 1 # ID=1_220;partial=00;start_type=ATG;rbs_motif=None;rbs_spacer=None;gc_cont=0.468
1:235719-237584      -            622 1074831at2           -            386     0.034   11.2   8.9   4   4      0.17        54    0.7   4.6   119   178   520   582   517   619 0.66 1_220 # 235719 # 237584 # 1 # ID=1_220;partial=00;start_type=ATG;rbs_motif=None;rbs_spacer=None;gc_cont=0.468
1:709201-710859      -            553 1074831at2           -            386       0.1    9.7   0.0   1   4       5.6   1.8e+03   -4.3   0.3    27    38    32    43    30    46 0.81 1_623 # 709201 # 710859 # 1 # ID=1_623;partial=00;start_type=ATG;rbs_motif=TAAAAA;rbs_spacer=13bp;gc_cont=0.452
1:709201-710859      -            553 1074831at2           -            386       0.1    9.7   0.0   2   4      0.31     1e+02   -0.2   0.0   290   341   161   215   153   224 0.74 1_623 # 709201 # 710859 # 1 # ID=1_623;partial=00;start_type=ATG;rbs_motif=TAAAAA;rbs_spacer=13bp;gc_cont=0.452
1:709201-710859      -            553 1074831at2           -            386       0.1    9.7   0.0   3   4       1.6   5.1e+02   -2.5   1.9   169   228   250   307   241   311 0.56 1_623 # 709201 # 710859 # 1 # ID=1_623;partial=00;start_type=ATG;rbs_motif=TAAAAA;rbs_spacer=13bp;gc_cont=0.452
1:709201-710859      -            553 1074831at2           -            386       0.1    9.7   0.0   4   4   0.00031       0.1    9.7   0.0   279   322   432   475   424   492 0.85 1_623 # 709201 # 710859 # 1 # ID=1_623;partial=00;start_type=ATG;rbs_motif=TAAAAA;rbs_spacer=13bp;gc_cont=0.452
#
# Program:         hmmsearch
# Version:         3.1b2 (February 2015)
# Pipeline mode:   SEARCH
# Query file:      /data/wgs_assembly/hybrid_genome_assembly_guide/busco_downloads/lineages/bacteria_odb10/hmms/1074831at2.hmm
# Target file:     /data/wgs_assembly/hybrid_genome_assembly_guide/06_genome_quality_assessment/busco/short_only/prodigal_output/predicted_genes/predicted.faa
# Option settings: hmmsearch --domtblout /data/wgs_assembly/hybrid_genome_assembly_guide/06_genome_quality_assessment/busco/short_only/run_bacteria_odb10/hmmer_output/1074831at2.out --cpu 1 /data/wgs_assembly/hybrid_genome_assembly_guide/busco_downloads/lineages/bacteria_odb10/hmms/1074831at2.hmm /data/wgs_assembly/hybrid_genome_assembly_guide/06_genome_quality_assessment/busco/short_only/prodigal_output/predicted_genes/predicted.faa 
# Current dir:     /data/wgs_assembly/hybrid_genome_assembly_guide
# Date:            Sun Dec 28 03:07:11 2025
# [ok]
