#                                                                            --- full sequence --- -------------- this domain -------------   hmm coord   ali coord   env coord
# target name        accession   tlen query name           accession   qlen   E-value  score  bias   #  of  c-Evalue  i-Evalue  score  bias  from    to  from    to  from    to  acc description of target
#------------------- ---------- ----- -------------------- ---------- ----- --------- ------ ----- --- --- --------- --------- ------ ----- ----- ----- ----- ----- ----- ----- ---- ---------------------
26:27951-29750       -            600 143460at2            -            439  3.7e-156  518.3   0.3   1   2     3e-78   1.2e-75  252.9   0.0     1   192     4   239     4   247 0.87 26_12 # 27951 # 29750 # -1 # ID=26_12;partial=00;start_type=ATG;rbs_motif=AATAA;rbs_spacer=10bp;gc_cont=0.444
26:27951-29750       -            600 143460at2            -            439  3.7e-156  518.3   0.3   2   2   2.4e-79   9.8e-77  256.5   0.2   170   438   242   585   239   586 0.86 26_12 # 27951 # 29750 # -1 # ID=26_12;partial=00;start_type=ATG;rbs_motif=AATAA;rbs_spacer=10bp;gc_cont=0.444
28:35749-37530       -            594 143460at2            -            439   8.1e-36  121.7   1.3   1   3   5.4e-38   2.2e-35  120.2   0.4     1   191     4   223     4   237 0.85 28_35 # 35749 # 37530 # -1 # ID=28_35;partial=00;start_type=ATG;rbs_motif=TAA;rbs_spacer=14bp;gc_cont=0.454
28:35749-37530       -            594 143460at2            -            439   8.1e-36  121.7   1.3   2   3      0.54   2.2e+02   -1.7   0.0   236   264   339   367   327   371 0.81 28_35 # 35749 # 37530 # -1 # ID=28_35;partial=00;start_type=ATG;rbs_motif=TAA;rbs_spacer=14bp;gc_cont=0.454
28:35749-37530       -            594 143460at2            -            439   8.1e-36  121.7   1.3   3   3      0.39   1.6e+02   -1.2   0.0   122   172   369   415   340   437 0.47 28_35 # 35749 # 37530 # -1 # ID=28_35;partial=00;start_type=ATG;rbs_motif=TAA;rbs_spacer=14bp;gc_cont=0.454
17:75846-77771       -            642 143460at2            -            439   1.3e-30  104.6   0.5   1   1   6.4e-33   2.6e-30  103.5   0.5     2   135     4   154     3   180 0.84 17_62 # 75846 # 77771 # 1 # ID=17_62;partial=00;start_type=ATG;rbs_motif=TAA;rbs_spacer=5bp;gc_cont=0.398
35:19605-21530       -            642 143460at2            -            439   1.9e-30  104.0   1.1   1   1   9.6e-33     4e-30  102.9   1.1     2   142     4   161     3   183 0.82 35_20 # 19605 # 21530 # -1 # ID=35_20;partial=00;start_type=ATG;rbs_motif=TAA;rbs_spacer=4bp;gc_cont=0.381
10:64664-66781       -            706 143460at2            -            439   1.3e-29  101.3   0.4   1   3   9.2e-26   3.8e-23   79.9   0.0     2   123    10   153     9   196 0.83 10_59 # 64664 # 66781 # 1 # ID=10_59;partial=00;start_type=ATG;rbs_motif=TAAA;rbs_spacer=11bp;gc_cont=0.448
10:64664-66781       -            706 143460at2            -            439   1.3e-29  101.3   0.4   2   3    0.0001     0.041   10.6   0.0   192   293   371   484   307   503 0.63 10_59 # 64664 # 66781 # 1 # ID=10_59;partial=00;start_type=ATG;rbs_motif=TAAA;rbs_spacer=11bp;gc_cont=0.448
10:64664-66781       -            706 143460at2            -            439   1.3e-29  101.3   0.4   3   3     0.038        16    2.1   0.1   297   346   617   675   608   697 0.76 10_59 # 64664 # 66781 # 1 # ID=10_59;partial=00;start_type=ATG;rbs_motif=TAAA;rbs_spacer=11bp;gc_cont=0.448
24:46300-47874       -            525 143460at2            -            439   7.7e-21   72.3   0.1   1   1   3.4e-23   1.4e-20   71.4   0.1     2   121    11   152    10   188 0.76 24_43 # 46300 # 47874 # -1 # ID=24_43;partial=00;start_type=ATG;rbs_motif=None;rbs_spacer=None;gc_cont=0.451
10:47479-48663       -            395 143460at2            -            439   4.8e-20   69.7   0.6   1   2   2.2e-21   9.2e-19   65.5   0.4     3   121    14   150    12   175 0.71 10_44 # 47479 # 48663 # 1 # ID=10_44;partial=00;start_type=ATG;rbs_motif=TAA;rbs_spacer=11bp;gc_cont=0.449
10:47479-48663       -            395 143460at2            -            439   4.8e-20   69.7   0.6   2   2     0.028        12    2.5   0.0   169   195   224   250   184   261 0.75 10_44 # 47479 # 48663 # 1 # ID=10_44;partial=00;start_type=ATG;rbs_motif=TAA;rbs_spacer=11bp;gc_cont=0.449
4:252945-255995      -           1017 143460at2            -            439   2.3e-13   47.7   0.1   1   1   1.5e-15   6.4e-13   46.2   0.1     4   116   520   633   518   765 0.86 4_219 # 252945 # 255995 # 1 # ID=4_219;partial=00;start_type=ATG;rbs_motif=TAAA;rbs_spacer=7bp;gc_cont=0.441
7:116582-118738      -            719 143460at2            -            439   7.7e-11   39.4   0.0   1   2   4.6e-13   1.9e-10   38.1   0.0     1   121     9   146     9   176 0.80 7_106 # 116582 # 118738 # 1 # ID=7_106;partial=00;start_type=ATG;rbs_motif=TAAA;rbs_spacer=11bp;gc_cont=0.464
7:116582-118738      -            719 143460at2            -            439   7.7e-11   39.4   0.0   2   2       2.4     1e+03   -3.8   0.0   154   187   299   332   284   337 0.79 7_106 # 116582 # 118738 # 1 # ID=7_106;partial=00;start_type=ATG;rbs_motif=TAAA;rbs_spacer=11bp;gc_cont=0.464
1:334872-336302      -            477 143460at2            -            439   2.4e-09   34.4   0.4   1   3     0.019       7.8    3.1   0.0     9    36    27    55    22    62 0.78 1_300 # 334872 # 336302 # 1 # ID=1_300;partial=00;start_type=ATG;rbs_motif=TAA;rbs_spacer=11bp;gc_cont=0.435
1:334872-336302      -            477 143460at2            -            439   2.4e-09   34.4   0.4   2   3   3.7e-10   1.5e-07   28.5   0.1    30   114    72   166    64   193 0.81 1_300 # 334872 # 336302 # 1 # ID=1_300;partial=00;start_type=ATG;rbs_motif=TAA;rbs_spacer=11bp;gc_cont=0.435
1:334872-336302      -            477 143460at2            -            439   2.4e-09   34.4   0.4   3   3       1.1   4.4e+02   -2.7   0.0   162   181   248   267   239   288 0.63 1_300 # 334872 # 336302 # 1 # ID=1_300;partial=00;start_type=ATG;rbs_motif=TAA;rbs_spacer=11bp;gc_cont=0.435
12:135307-136620     -            438 143460at2            -            439   2.7e-08   31.0   2.4   1   2   2.9e-05     0.012   12.3   0.1     4   117     5   128     3   197 0.78 12_114 # 135307 # 136620 # -1 # ID=12_114;partial=00;start_type=ATG;rbs_motif=TAAA;rbs_spacer=11bp;gc_cont=0.432
12:135307-136620     -            438 143460at2            -            439   2.7e-08   31.0   2.4   2   2   3.8e-07   0.00016   18.6   0.3    70   150   253   343   247   362 0.70 12_114 # 135307 # 136620 # -1 # ID=12_114;partial=00;start_type=ATG;rbs_motif=TAAA;rbs_spacer=11bp;gc_cont=0.432
#
# Program:         hmmsearch
# Version:         3.1b2 (February 2015)
# Pipeline mode:   SEARCH
# Query file:      /data/wgs_assembly/hybrid_genome_assembly_guide/busco_downloads/lineages/bacteria_odb10/hmms/143460at2.hmm
# Target file:     /data/wgs_assembly/hybrid_genome_assembly_guide/06_genome_quality_assessment/busco/short_only/prodigal_output/predicted_genes/predicted.faa
# Option settings: hmmsearch --domtblout /data/wgs_assembly/hybrid_genome_assembly_guide/06_genome_quality_assessment/busco/short_only/run_bacteria_odb10/hmmer_output/143460at2.out --cpu 1 /data/wgs_assembly/hybrid_genome_assembly_guide/busco_downloads/lineages/bacteria_odb10/hmms/143460at2.hmm /data/wgs_assembly/hybrid_genome_assembly_guide/06_genome_quality_assessment/busco/short_only/prodigal_output/predicted_genes/predicted.faa 
# Current dir:     /data/wgs_assembly/hybrid_genome_assembly_guide
# Date:            Sun Dec 28 03:07:12 2025
# [ok]
