#                                                                            --- full sequence --- -------------- this domain -------------   hmm coord   ali coord   env coord
# target name        accession   tlen query name           accession   qlen   E-value  score  bias   #  of  c-Evalue  i-Evalue  score  bias  from    to  from    to  from    to  acc description of target
#------------------- ---------- ----- -------------------- ---------- ----- --------- ------ ----- --- --- --------- --------- ------ ----- ----- ----- ----- ----- ----- ----- ---- ---------------------
11:25129-25743       -            205 1502854at2           -            192   5.3e-68  226.4   0.0   1   1   5.4e-70   6.3e-68  226.2   0.0     4   186    14   197    11   201 0.97 11_23 # 25129 # 25743 # -1 # ID=11_23;partial=00;start_type=ATG;rbs_motif=TAA;rbs_spacer=12bp;gc_cont=0.442
12:135307-136620     -            438 1502854at2           -            192   4.3e-07   27.7   0.3   1   3   0.00053     0.062   10.9   0.0     5    47     1    43     1   109 0.90 12_114 # 135307 # 136620 # -1 # ID=12_114;partial=00;start_type=ATG;rbs_motif=TAAA;rbs_spacer=11bp;gc_cont=0.432
12:135307-136620     -            438 1502854at2           -            192   4.3e-07   27.7   0.3   2   3       2.6     3e+02   -1.1   0.0     9    29   142   162   139   167 0.85 12_114 # 135307 # 136620 # -1 # ID=12_114;partial=00;start_type=ATG;rbs_motif=TAAA;rbs_spacer=11bp;gc_cont=0.432
12:135307-136620     -            438 1502854at2           -            192   4.3e-07   27.7   0.3   3   3   7.5e-05    0.0087   13.7   0.1    10    90   179   261   176   354 0.76 12_114 # 135307 # 136620 # -1 # ID=12_114;partial=00;start_type=ATG;rbs_motif=TAAA;rbs_spacer=11bp;gc_cont=0.432
2:399993-402770      -            926 1502854at2           -            192   2.4e-05   22.0   0.0   1   2    0.0021      0.24    9.0   0.0     5    25    26    46    23    63 0.83 2_325 # 399993 # 402770 # 1 # ID=2_325;partial=00;start_type=ATG;rbs_motif=TAA;rbs_spacer=11bp;gc_cont=0.535
2:399993-402770      -            926 1502854at2           -            192   2.4e-05   22.0   0.0   2   2   0.00084     0.098   10.2   0.0     7    29   614   636   611   650 0.83 2_325 # 399993 # 402770 # 1 # ID=2_325;partial=00;start_type=ATG;rbs_motif=TAA;rbs_spacer=11bp;gc_cont=0.535
5:236506-237123      -            206 1502854at2           -            192   2.5e-05   22.0   1.2   1   2       2.2   2.6e+02   -0.9   0.1    11    26     7    22     5    32 0.69 5_192 # 236506 # 237123 # 1 # ID=5_192;partial=00;start_type=ATG;rbs_motif=AACAA;rbs_spacer=10bp;gc_cont=0.392
5:236506-237123      -            206 1502854at2           -            192   2.5e-05   22.0   1.2   2   2   3.8e-07   4.4e-05   21.2   0.1    90   184    95   189    79   195 0.85 5_192 # 236506 # 237123 # 1 # ID=5_192;partial=00;start_type=ATG;rbs_motif=AACAA;rbs_spacer=10bp;gc_cont=0.392
9:7398-10226         -            943 1502854at2           -            192   6.1e-05   20.7   0.1   1   2      0.02       2.4    5.7   0.0     5    23    26    44    23    56 0.89 9_9 # 7398 # 10226 # -1 # ID=9_9;partial=00;start_type=ATG;rbs_motif=AATAA;rbs_spacer=10bp;gc_cont=0.448
9:7398-10226         -            943 1502854at2           -            192   6.1e-05   20.7   0.1   2   2   0.00022     0.026   12.1   0.0     6    28   633   655   631   665 0.89 9_9 # 7398 # 10226 # -1 # ID=9_9;partial=00;start_type=ATG;rbs_motif=AATAA;rbs_spacer=10bp;gc_cont=0.448
9:28092-29552        -            487 1502854at2           -            192   0.00037   18.2   0.3   1   2     0.001      0.12   10.0   0.0     5    27    29    51    26    60 0.89 9_26 # 28092 # 29552 # -1 # ID=9_26;partial=00;start_type=ATG;rbs_motif=TAAA;rbs_spacer=12bp;gc_cont=0.500
9:28092-29552        -            487 1502854at2           -            192   0.00037   18.2   0.3   2   2      0.02       2.3    5.8   0.1     4    27   268   291   266   300 0.89 9_26 # 28092 # 29552 # -1 # ID=9_26;partial=00;start_type=ATG;rbs_motif=TAAA;rbs_spacer=12bp;gc_cont=0.500
5:178165-178734      -            190 1502854at2           -            192   0.00043   17.9   0.1   1   2     0.019       2.2    5.8   0.0     9    30     4    25     2    32 0.84 5_145 # 178165 # 178734 # 1 # ID=5_145;partial=00;start_type=ATG;rbs_motif=TAAA;rbs_spacer=8bp;gc_cont=0.416
5:178165-178734      -            190 1502854at2           -            192   0.00043   17.9   0.1   2   2   0.00095      0.11   10.1   0.0   129   164   118   159    90   185 0.80 5_145 # 178165 # 178734 # 1 # ID=5_145;partial=00;start_type=ATG;rbs_motif=TAAA;rbs_spacer=8bp;gc_cont=0.416
5:65520-66224        -            235 1502854at2           -            192   0.00089   16.9   0.1   1   2    0.0013      0.15    9.6   0.0     5    28    26    49    23    60 0.88 5_54 # 65520 # 66224 # -1 # ID=5_54;partial=00;start_type=ATG;rbs_motif=AAAAA;rbs_spacer=5bp;gc_cont=0.396
5:65520-66224        -            235 1502854at2           -            192   0.00089   16.9   0.1   2   2     0.033       3.9    5.0   0.0    73   116    92   134    86   204 0.66 5_54 # 65520 # 66224 # -1 # ID=5_54;partial=00;start_type=ATG;rbs_motif=AAAAA;rbs_spacer=5bp;gc_cont=0.396
2:191869-192477      -            203 1502854at2           -            192    0.0011   16.6   0.5   1   2   0.00032     0.037   11.6   0.1     8    31     3    26     1    33 0.83 2_166 # 191869 # 192477 # 1 # ID=2_166;partial=00;start_type=ATG;rbs_motif=TAA;rbs_spacer=4bp;gc_cont=0.471
2:191869-192477      -            203 1502854at2           -            192    0.0011   16.6   0.5   2   2       0.1        12    3.4   0.0    65   151    72   157    67   189 0.70 2_166 # 191869 # 192477 # 1 # ID=2_166;partial=00;start_type=ATG;rbs_motif=TAA;rbs_spacer=4bp;gc_cont=0.471
6:232017-233018      -            334 1502854at2           -            192    0.0012   16.5   0.6   1   2   2.5e-05    0.0029   15.2   0.1     4    31    31    58    29    69 0.83 6_169 # 232017 # 233018 # -1 # ID=6_169;partial=00;start_type=GTG;rbs_motif=AATAA;rbs_spacer=9bp;gc_cont=0.409
6:232017-233018      -            334 1502854at2           -            192    0.0012   16.5   0.6   2   2       3.4     4e+02   -1.5   0.1    61    77   239   255   211   267 0.57 6_169 # 232017 # 233018 # -1 # ID=6_169;partial=00;start_type=GTG;rbs_motif=AATAA;rbs_spacer=9bp;gc_cont=0.409
23:32273-33205       -            311 1502854at2           -            192    0.0015   16.1   0.0   1   1   2.1e-05    0.0025   15.5   0.0     5    27   172   194   168   205 0.87 23_21 # 32273 # 33205 # -1 # ID=23_21;partial=00;start_type=ATG;rbs_motif=TAA;rbs_spacer=3bp;gc_cont=0.472
23:62133-62552       -            140 1502854at2           -            192    0.0017   16.0   0.1   1   2       3.9   4.5e+02   -1.7   0.0   101   117     1    17     1    23 0.78 23_52 # 62133 # 62552 # -1 # ID=23_52;partial=00;start_type=ATG;rbs_motif=TAAAAA;rbs_spacer=12bp;gc_cont=0.452
23:62133-62552       -            140 1502854at2           -            192    0.0017   16.0   0.1   2   2   3.2e-05    0.0037   14.9   0.0     4    36    23    54    20    79 0.75 23_52 # 62133 # 62552 # -1 # ID=23_52;partial=00;start_type=ATG;rbs_motif=TAAAAA;rbs_spacer=12bp;gc_cont=0.452
14:43470-44867       -            466 1502854at2           -            192     0.002   15.7   0.1   1   2   6.1e-05    0.0071   14.0   0.0     9    65   223   281   217   308 0.82 14_51 # 43470 # 44867 # 1 # ID=14_51;partial=00;start_type=ATG;rbs_motif=AAAA;rbs_spacer=11bp;gc_cont=0.431
14:43470-44867       -            466 1502854at2           -            192     0.002   15.7   0.1   2   2       3.9   4.5e+02   -1.7   0.1   138   179   371   409   351   419 0.58 14_51 # 43470 # 44867 # 1 # ID=14_51;partial=00;start_type=ATG;rbs_motif=AAAA;rbs_spacer=11bp;gc_cont=0.431
1:255695-256411      -            239 1502854at2           -            192     0.003   15.2   0.0   1   1   5.3e-05    0.0061   14.2   0.0     4    26    29    51    26    62 0.86 1_234 # 255695 # 256411 # 1 # ID=1_234;partial=00;start_type=ATG;rbs_motif=TAA;rbs_spacer=12bp;gc_cont=0.501
2:420130-421356      -            409 1502854at2           -            192    0.0036   14.9   0.0   1   1   6.7e-05    0.0078   13.8   0.0     4    27    51    74    49    84 0.89 2_340 # 420130 # 421356 # -1 # ID=2_340;partial=00;start_type=ATG;rbs_motif=TAAA;rbs_spacer=11bp;gc_cont=0.475
2:285547-287001      -            485 1502854at2           -            192     0.004   14.8   0.0   1   2      0.17        20    2.7   0.0     6    31    31    56    27    72 0.80 2_245 # 285547 # 287001 # -1 # ID=2_245;partial=00;start_type=ATG;rbs_motif=TAA;rbs_spacer=12bp;gc_cont=0.490
2:285547-287001      -            485 1502854at2           -            192     0.004   14.8   0.0   2   2    0.0011      0.13    9.9   0.0     6    48   292   335   288   385 0.86 2_245 # 285547 # 287001 # -1 # ID=2_245;partial=00;start_type=ATG;rbs_motif=TAA;rbs_spacer=12bp;gc_cont=0.490
8:108424-109074      -            217 1502854at2           -            192     0.004   14.8   0.1   1   1   6.1e-05    0.0071   14.0   0.1     5    26    26    47    23    59 0.87 8_76 # 108424 # 109074 # 1 # ID=8_76;partial=00;start_type=ATG;rbs_motif=TAAAAA;rbs_spacer=12bp;gc_cont=0.449
1:777482-778156      -            225 1502854at2           -            192    0.0048   14.5   0.0   1   1   7.8e-05    0.0091   13.6   0.0     5    26    30    51    27    64 0.88 1_674 # 777482 # 778156 # 1 # ID=1_674;partial=00;start_type=ATG;rbs_motif=TAAAAA;rbs_spacer=12bp;gc_cont=0.462
9:90569-92371        -            601 1502854at2           -            192    0.0061   14.2   0.0   1   1   9.7e-05     0.011   13.3   0.0     4    26   375   397   373   403 0.88 9_77 # 90569 # 92371 # 1 # ID=9_77;partial=00;start_type=ATG;rbs_motif=TAA;rbs_spacer=12bp;gc_cont=0.514
23:24706-26877       -            724 1502854at2           -            192    0.0082   13.8   0.0   1   1   0.00014     0.016   12.8   0.0     5    29   507   531   505   540 0.89 23_14 # 24706 # 26877 # -1 # ID=23_14;partial=00;start_type=ATG;rbs_motif=AAGAA;rbs_spacer=5bp;gc_cont=0.374
18:71196-72869       -            558 1502854at2           -            192    0.0093   13.6   0.1   1   1   0.00018     0.021   12.4   0.1     4    27   290   313   287   321 0.88 18_56 # 71196 # 72869 # -1 # ID=18_56;partial=00;start_type=ATG;rbs_motif=TAAA;rbs_spacer=9bp;gc_cont=0.456
3:268023-268697      -            225 1502854at2           -            192    0.0095   13.6   0.3   1   1   0.00015     0.017   12.7   0.0     5    26    30    51    27    58 0.88 3_255 # 268023 # 268697 # 1 # ID=3_255;partial=00;start_type=ATG;rbs_motif=TAAAAA;rbs_spacer=9bp;gc_cont=0.427
9:92403-94133        -            577 1502854at2           -            192    0.0098   13.5   0.0   1   1   0.00015     0.018   12.6   0.0     4    27   357   380   355   392 0.86 9_78 # 92403 # 94133 # 1 # ID=9_78;partial=00;start_type=ATG;rbs_motif=AATAA;rbs_spacer=4bp;gc_cont=0.512
11:13116-14750       -            545 1502854at2           -            192      0.01   13.4   3.2   1   3     0.013       1.5    6.4   0.0     9    27    30    48    25    60 0.85 11_13 # 13116 # 14750 # -1 # ID=11_13;partial=00;start_type=ATG;rbs_motif=TAAAA;rbs_spacer=14bp;gc_cont=0.461
11:13116-14750       -            545 1502854at2           -            192      0.01   13.4   3.2   2   3       3.6   4.2e+02   -1.6   0.5   135   160   252   279   238   310 0.57 11_13 # 13116 # 14750 # -1 # ID=11_13;partial=00;start_type=ATG;rbs_motif=TAAAA;rbs_spacer=14bp;gc_cont=0.461
11:13116-14750       -            545 1502854at2           -            192      0.01   13.4   3.2   3   3     0.017         2    6.0   0.0     6    29   353   376   349   385 0.82 11_13 # 13116 # 14750 # -1 # ID=11_13;partial=00;start_type=ATG;rbs_motif=TAAAA;rbs_spacer=14bp;gc_cont=0.461
21:55163-55837       -            225 1502854at2           -            192     0.011   13.3   0.0   1   1   0.00016     0.019   12.6   0.0     5    26    30    51    27    60 0.88 21_48 # 55163 # 55837 # 1 # ID=21_48;partial=00;start_type=ATG;rbs_motif=TAAAAA;rbs_spacer=5bp;gc_cont=0.447
21:60494-61168       -            225 1502854at2           -            192     0.012   13.3   0.0   1   1   0.00016     0.019   12.6   0.0     5    26    30    51    27    60 0.88 21_51 # 60494 # 61168 # 1 # ID=21_51;partial=00;start_type=ATG;rbs_motif=AATAA;rbs_spacer=8bp;gc_cont=0.456
1:154339-155004      -            222 1502854at2           -            192     0.021   12.5   0.0   1   1   0.00033     0.039   11.6   0.0     5    25    30    50    27    61 0.88 1_147 # 154339 # 155004 # 1 # ID=1_147;partial=00;start_type=ATG;rbs_motif=TAAA;rbs_spacer=12bp;gc_cont=0.470
9:141506-142885      -            460 1502854at2           -            192     0.021   12.4   0.0   1   1   0.00038     0.044   11.4   0.0     4    27    31    54    29    75 0.86 9_122 # 141506 # 142885 # -1 # ID=9_122;partial=00;start_type=ATG;rbs_motif=AAA;rbs_spacer=11bp;gc_cont=0.479
1:155191-155856      -            222 1502854at2           -            192     0.021   12.4   0.0   1   1   0.00034      0.04   11.5   0.0     5    25    30    50    27    61 0.88 1_148 # 155191 # 155856 # 1 # ID=1_148;partial=00;start_type=ATG;rbs_motif=TAAA;rbs_spacer=11bp;gc_cont=0.479
4:226078-226617      -            180 1502854at2           -            192     0.024   12.2   0.3   1   2     0.019       2.2    5.9   0.0     9    29     4    24     2    31 0.84 4_195 # 226078 # 226617 # 1 # ID=4_195;partial=00;start_type=ATG;rbs_motif=AAAA;rbs_spacer=12bp;gc_cont=0.443
4:226078-226617      -            180 1502854at2           -            192     0.024   12.2   0.3   2   2     0.053       6.2    4.4   0.2   115   182    91   164    86   174 0.74 4_195 # 226078 # 226617 # 1 # ID=4_195;partial=00;start_type=ATG;rbs_motif=AAAA;rbs_spacer=12bp;gc_cont=0.443
2:127132-130095      -            988 1502854at2           -            192     0.029   12.0   0.0   1   3   0.00025     0.029   12.0   0.0     7    27    31    51    27    66 0.82 2_113 # 127132 # 130095 # -1 # ID=2_113;partial=00;start_type=ATG;rbs_motif=TAAA;rbs_spacer=15bp;gc_cont=0.505
2:127132-130095      -            988 1502854at2           -            192     0.029   12.0   0.0   2   3       5.1   5.9e+02   -2.1   1.6    91   172   227   308   220   322 0.63 2_113 # 127132 # 130095 # -1 # ID=2_113;partial=00;start_type=ATG;rbs_motif=TAAA;rbs_spacer=15bp;gc_cont=0.505
2:127132-130095      -            988 1502854at2           -            192     0.029   12.0   0.0   3   3       3.9   4.5e+02   -1.7   1.5   137   163   776   802   709   823 0.74 2_113 # 127132 # 130095 # -1 # ID=2_113;partial=00;start_type=ATG;rbs_motif=TAAA;rbs_spacer=15bp;gc_cont=0.505
16:27205-28209       -            335 1502854at2           -            192      0.03   11.9   0.1   1   1   0.00075     0.087   10.4   0.1     6    29    35    58    32    67 0.87 16_25 # 27205 # 28209 # 1 # ID=16_25;partial=00;start_type=ATG;rbs_motif=TAA;rbs_spacer=12bp;gc_cont=0.460
4:222066-223901      -            612 1502854at2           -            192     0.031   11.9   0.0   1   1   0.00059     0.068   10.8   0.0     5    28   399   422   396   430 0.85 4_192 # 222066 # 223901 # 1 # ID=4_192;partial=00;start_type=ATG;rbs_motif=TAA;rbs_spacer=3bp;gc_cont=0.412
15:91210-91971       -            254 1502854at2           -            192     0.031   11.9   0.0   1   2    0.0009       0.1   10.1   0.0     5    27    31    53    27    66 0.79 15_91 # 91210 # 91971 # 1 # ID=15_91;partial=00;start_type=ATG;rbs_motif=AACAA;rbs_spacer=5bp;gc_cont=0.474
15:91210-91971       -            254 1502854at2           -            192     0.031   11.9   0.0   2   2       4.5   5.3e+02   -1.9   0.0   157   178   190   213   180   218 0.64 15_91 # 91210 # 91971 # 1 # ID=15_91;partial=00;start_type=ATG;rbs_motif=AACAA;rbs_spacer=5bp;gc_cont=0.474
1:333313-333921      -            203 1502854at2           -            192     0.038   11.6   0.0   1   1   0.00067     0.078   10.6   0.0     4    29    26    51    24    59 0.85 1_298 # 333313 # 333921 # 1 # ID=1_298;partial=00;start_type=ATG;rbs_motif=TAA;rbs_spacer=9bp;gc_cont=0.452
1:565066-565809      -            248 1502854at2           -            192     0.038   11.6   0.1   1   2   0.00088       0.1   10.2   0.1     5    26    34    55    32    62 0.89 1_482 # 565066 # 565809 # -1 # ID=1_482;partial=00;start_type=ATG;rbs_motif=AAA;rbs_spacer=11bp;gc_cont=0.570
1:565066-565809      -            248 1502854at2           -            192     0.038   11.6   0.1   2   2       9.8   1.1e+03   -3.0   0.0    85   116   153   184   137   192 0.68 1_482 # 565066 # 565809 # -1 # ID=1_482;partial=00;start_type=ATG;rbs_motif=AAA;rbs_spacer=11bp;gc_cont=0.570
3:304468-307002      -            845 1502854at2           -            192     0.066   10.8   4.1   1   3      0.48        57    1.2   0.0     9    26   234   251   227   261 0.81 3_286 # 304468 # 307002 # -1 # ID=3_286;partial=00;start_type=ATG;rbs_motif=AAA;rbs_spacer=3bp;gc_cont=0.419
3:304468-307002      -            845 1502854at2           -            192     0.066   10.8   4.1   2   3       1.3   1.5e+02   -0.2   0.5    89   151   450   510   445   524 0.75 3_286 # 304468 # 307002 # -1 # ID=3_286;partial=00;start_type=ATG;rbs_motif=AAA;rbs_spacer=3bp;gc_cont=0.419
3:304468-307002      -            845 1502854at2           -            192     0.066   10.8   4.1   3   3    0.0057      0.67    7.5   0.0     9    28   571   590   566   596 0.90 3_286 # 304468 # 307002 # -1 # ID=3_286;partial=00;start_type=ATG;rbs_motif=AAA;rbs_spacer=3bp;gc_cont=0.419
30:15816-17771       -            652 1502854at2           -            192       0.1   10.2   4.9   1   3     0.043         5    4.7   0.1     9    26    30    47    25    57 0.85 30_14 # 15816 # 17771 # -1 # ID=30_14;partial=00;start_type=GTG;rbs_motif=AAA;rbs_spacer=3bp;gc_cont=0.454
30:15816-17771       -            652 1502854at2           -            192       0.1   10.2   4.9   2   3       3.2   3.7e+02   -1.4   0.6    71   179   269   296   230   321 0.51 30_14 # 15816 # 17771 # -1 # ID=30_14;partial=00;start_type=GTG;rbs_motif=AAA;rbs_spacer=3bp;gc_cont=0.454
30:15816-17771       -            652 1502854at2           -            192       0.1   10.2   4.9   3   3     0.025       2.9    5.5   0.0     6    29   353   376   350   385 0.83 30_14 # 15816 # 17771 # -1 # ID=30_14;partial=00;start_type=GTG;rbs_motif=AAA;rbs_spacer=3bp;gc_cont=0.454
1:709201-710859      -            553 1502854at2           -            192      0.86    7.2   5.4   1   3      0.47        55    1.3   0.1    11    27    30    46    25    59 0.81 1_623 # 709201 # 710859 # 1 # ID=1_623;partial=00;start_type=ATG;rbs_motif=TAAAAA;rbs_spacer=13bp;gc_cont=0.452
1:709201-710859      -            553 1502854at2           -            192      0.86    7.2   5.4   2   3       5.4   6.3e+02   -2.2   0.5   138   181   263   308   248   313 0.57 1_623 # 709201 # 710859 # 1 # ID=1_623;partial=00;start_type=ATG;rbs_motif=TAAAAA;rbs_spacer=13bp;gc_cont=0.452
1:709201-710859      -            553 1502854at2           -            192      0.86    7.2   5.4   3   3    0.0076      0.89    7.1   0.0     8    27   349   368   345   375 0.85 1_623 # 709201 # 710859 # 1 # ID=1_623;partial=00;start_type=ATG;rbs_motif=TAAAAA;rbs_spacer=13bp;gc_cont=0.452
#
# Program:         hmmsearch
# Version:         3.1b2 (February 2015)
# Pipeline mode:   SEARCH
# Query file:      /data/wgs_assembly/hybrid_genome_assembly_guide/busco_downloads/lineages/bacteria_odb10/hmms/1502854at2.hmm
# Target file:     /data/wgs_assembly/hybrid_genome_assembly_guide/06_genome_quality_assessment/busco/short_only/prodigal_output/predicted_genes/predicted.faa
# Option settings: hmmsearch --domtblout /data/wgs_assembly/hybrid_genome_assembly_guide/06_genome_quality_assessment/busco/short_only/run_bacteria_odb10/hmmer_output/1502854at2.out --cpu 1 /data/wgs_assembly/hybrid_genome_assembly_guide/busco_downloads/lineages/bacteria_odb10/hmms/1502854at2.hmm /data/wgs_assembly/hybrid_genome_assembly_guide/06_genome_quality_assessment/busco/short_only/prodigal_output/predicted_genes/predicted.faa 
# Current dir:     /data/wgs_assembly/hybrid_genome_assembly_guide
# Date:            Sun Dec 28 03:07:12 2025
# [ok]
