#                                                                            --- full sequence --- -------------- this domain -------------   hmm coord   ali coord   env coord
# target name        accession   tlen query name           accession   qlen   E-value  score  bias   #  of  c-Evalue  i-Evalue  score  bias  from    to  from    to  from    to  acc description of target
#------------------- ---------- ----- -------------------- ---------- ----- --------- ------ ----- --- --- --------- --------- ------ ----- ----- ----- ----- ----- ----- ----- ---- ---------------------
33:17464-19809       -            782 223233at2            -            494  2.4e-152  506.2  26.5   1   2  2.2e-143  1.4e-140  467.4  21.5     1   374     3   484     3   490 0.85 33_13 # 17464 # 19809 # -1 # ID=33_13;partial=00;start_type=ATG;rbs_motif=TAA;rbs_spacer=10bp;gc_cont=0.471
33:17464-19809       -            782 223233at2            -            494  2.4e-152  506.2  26.5   2   2   3.2e-11   2.1e-08   31.5   0.2   382   466   535   630   526   773 0.69 33_13 # 17464 # 19809 # -1 # ID=33_13;partial=00;start_type=ATG;rbs_motif=TAA;rbs_spacer=10bp;gc_cont=0.471
17:66680-68767       -            696 223233at2            -            494   2.3e-60  202.8   0.4   1   2   1.4e-40   9.3e-38  128.3   0.1    39   248    81   332    33   336 0.87 17_59 # 66680 # 68767 # 1 # ID=17_59;partial=00;start_type=ATG;rbs_motif=AAAA;rbs_spacer=11bp;gc_cont=0.566
17:66680-68767       -            696 223233at2            -            494   2.3e-60  202.8   0.4   2   2   7.1e-20   4.6e-17   60.0   0.0   267   439   384   613   376   668 0.68 17_59 # 66680 # 68767 # 1 # ID=17_59;partial=00;start_type=ATG;rbs_motif=AAAA;rbs_spacer=11bp;gc_cont=0.566
16:47344-49437       -            698 223233at2            -            494   2.1e-59  199.7   1.3   1   4      0.84   5.5e+02   -2.9   0.1     2    19     8    25     7    26 0.91 16_46 # 47344 # 49437 # 1 # ID=16_46;partial=00;start_type=ATG;rbs_motif=TAA;rbs_spacer=15bp;gc_cont=0.445
16:47344-49437       -            698 223233at2            -            494   2.1e-59  199.7   1.3   2   4   6.8e-42   4.4e-39  132.7   0.0    39   248    89   337    38   342 0.87 16_46 # 47344 # 49437 # 1 # ID=16_46;partial=00;start_type=ATG;rbs_motif=TAA;rbs_spacer=15bp;gc_cont=0.445
16:47344-49437       -            698 223233at2            -            494   2.1e-59  199.7   1.3   3   4   8.7e-09   5.7e-06   23.4   0.0   265   352   389   494   361   496 0.78 16_46 # 47344 # 49437 # 1 # ID=16_46;partial=00;start_type=ATG;rbs_motif=TAA;rbs_spacer=15bp;gc_cont=0.445
16:47344-49437       -            698 223233at2            -            494   2.1e-59  199.7   1.3   4   4   4.8e-12   3.1e-09   34.2   0.1   347   414   505   582   502   672 0.71 16_46 # 47344 # 49437 # 1 # ID=16_46;partial=00;start_type=ATG;rbs_motif=TAA;rbs_spacer=15bp;gc_cont=0.445
26:38981-41071       -            697 223233at2            -            494   2.3e-57  193.0   0.3   1   2   3.5e-40   2.3e-37  127.0   0.1    39   247    81   331    33   335 0.87 26_23 # 38981 # 41071 # 1 # ID=26_23;partial=00;start_type=ATG;rbs_motif=AAAA;rbs_spacer=12bp;gc_cont=0.591
26:38981-41071       -            697 223233at2            -            494   2.3e-57  193.0   0.3   2   2     2e-17   1.3e-14   51.9   0.0   267   433   384   596   379   662 0.69 26_23 # 38981 # 41071 # 1 # ID=26_23;partial=00;start_type=ATG;rbs_motif=AAAA;rbs_spacer=12bp;gc_cont=0.591
1:12667-14754        -            696 223233at2            -            494   1.6e-54  183.5   0.0   1   2   1.3e-40   8.4e-38  128.4   0.0    17   248    33   331    31   335 0.87 1_16 # 12667 # 14754 # 1 # ID=1_16;partial=00;start_type=ATG;rbs_motif=TAAAAA;rbs_spacer=10bp;gc_cont=0.566
1:12667-14754        -            696 223233at2            -            494   1.6e-54  183.5   0.0   2   2   1.7e-14   1.1e-11   42.3   0.0   266   419   384   582   379   668 0.69 1_16 # 12667 # 14754 # 1 # ID=1_16;partial=00;start_type=ATG;rbs_motif=TAAAAA;rbs_spacer=10bp;gc_cont=0.566
25:19317-21419       -            701 223233at2            -            494   1.8e-53  180.1   0.0   1   2   1.1e-37   7.3e-35  118.7   0.0    17   248    34   332    31   349 0.88 25_20 # 19317 # 21419 # 1 # ID=25_20;partial=00;start_type=ATG;rbs_motif=TAAA;rbs_spacer=12bp;gc_cont=0.602
25:19317-21419       -            701 223233at2            -            494   1.8e-53  180.1   0.0   2   2   4.5e-17   2.9e-14   50.8   0.0   265   446   384   624   379   669 0.65 25_20 # 19317 # 21419 # 1 # ID=25_20;partial=00;start_type=ATG;rbs_motif=TAAA;rbs_spacer=12bp;gc_cont=0.602
7:179275-181497      -            741 223233at2            -            494   4.3e-53  178.9   0.2   1   4   1.4e-23   9.1e-21   72.2   0.0    18   173    58   247    53   269 0.82 7_156 # 179275 # 181497 # 1 # ID=7_156;partial=00;start_type=ATG;rbs_motif=AATAA;rbs_spacer=6bp;gc_cont=0.443
7:179275-181497      -            741 223233at2            -            494   4.3e-53  178.9   0.2   2   4   4.3e-14   2.8e-11   40.9   0.0   179   245   301   369   288   378 0.90 7_156 # 179275 # 181497 # 1 # ID=7_156;partial=00;start_type=ATG;rbs_motif=AATAA;rbs_spacer=6bp;gc_cont=0.443
7:179275-181497      -            741 223233at2            -            494   4.3e-53  178.9   0.2   3   4   1.7e-08   1.1e-05   22.5   0.0   245   352   394   534   385   535 0.65 7_156 # 179275 # 181497 # 1 # ID=7_156;partial=00;start_type=ATG;rbs_motif=AATAA;rbs_spacer=6bp;gc_cont=0.443
7:179275-181497      -            741 223233at2            -            494   4.3e-53  178.9   0.2   4   4   3.2e-12   2.1e-09   34.8   0.9   344   461   542   667   538   703 0.59 7_156 # 179275 # 181497 # 1 # ID=7_156;partial=00;start_type=ATG;rbs_motif=AATAA;rbs_spacer=6bp;gc_cont=0.443
#
# Program:         hmmsearch
# Version:         3.1b2 (February 2015)
# Pipeline mode:   SEARCH
# Query file:      /data/wgs_assembly/hybrid_genome_assembly_guide/busco_downloads/lineages/bacteria_odb10/hmms/223233at2.hmm
# Target file:     /data/wgs_assembly/hybrid_genome_assembly_guide/06_genome_quality_assessment/busco/short_only/prodigal_output/predicted_genes/predicted.faa
# Option settings: hmmsearch --domtblout /data/wgs_assembly/hybrid_genome_assembly_guide/06_genome_quality_assessment/busco/short_only/run_bacteria_odb10/hmmer_output/223233at2.out --cpu 1 /data/wgs_assembly/hybrid_genome_assembly_guide/busco_downloads/lineages/bacteria_odb10/hmms/223233at2.hmm /data/wgs_assembly/hybrid_genome_assembly_guide/06_genome_quality_assessment/busco/short_only/prodigal_output/predicted_genes/predicted.faa 
# Current dir:     /data/wgs_assembly/hybrid_genome_assembly_guide
# Date:            Sun Dec 28 03:07:13 2025
# [ok]
