#                                                                            --- full sequence --- -------------- this domain -------------   hmm coord   ali coord   env coord
# target name        accession   tlen query name           accession   qlen   E-value  score  bias   #  of  c-Evalue  i-Evalue  score  bias  from    to  from    to  from    to  acc description of target
#------------------- ---------- ----- -------------------- ---------- ----- --------- ------ ----- --- --- --------- --------- ------ ----- ----- ----- ----- ----- ----- ----- ---- ---------------------
16:7402-8985         -            528 837522at2            -            420  1.3e-188  625.1   2.7   1   2  3.2e-128  2.9e-125  416.4   0.9     8   272    25   315    19   321 0.93 16_10 # 7402 # 8985 # 1 # ID=16_10;partial=00;start_type=ATG;rbs_motif=TAA;rbs_spacer=13bp;gc_cont=0.463
16:7402-8985         -            528 837522at2            -            420  1.3e-188  625.1   2.7   2   2   4.7e-65   4.3e-62  208.3   0.0   268   416   332   486   328   490 0.91 16_10 # 7402 # 8985 # 1 # ID=16_10;partial=00;start_type=ATG;rbs_motif=TAA;rbs_spacer=13bp;gc_cont=0.463
9:152498-153817      -            440 837522at2            -            420   1.1e-22   78.5   0.2   1   1   1.5e-25   1.4e-22   78.2   0.2    34   310    30   323     3   371 0.83 9_130 # 152498 # 153817 # -1 # ID=9_130;partial=00;start_type=ATG;rbs_motif=AATAA;rbs_spacer=4bp;gc_cont=0.473
9:153847-155604      -            586 837522at2            -            420   2.7e-20   70.6   0.0   1   2    0.0056       5.1    3.8   0.0    58    97    60    99    27   108 0.89 9_131 # 153847 # 155604 # -1 # ID=9_131;partial=00;start_type=ATG;rbs_motif=TAAAAA;rbs_spacer=5bp;gc_cont=0.451
9:153847-155604      -            586 837522at2            -            420   2.7e-20   70.6   0.0   2   2   2.1e-21   1.9e-18   64.5   0.0   116   326   212   436   194   440 0.87 9_131 # 153847 # 155604 # -1 # ID=9_131;partial=00;start_type=ATG;rbs_motif=TAAAAA;rbs_spacer=5bp;gc_cont=0.451
16:2656-4173         -            506 837522at2            -            420   1.3e-18   65.1   3.1   1   2   5.6e-14   5.1e-11   40.1   0.3    47   187    54   209    45   217 0.77 16_3 # 2656 # 4173 # 1 # ID=16_3;partial=00;start_type=ATG;rbs_motif=TAAAAA;rbs_spacer=8bp;gc_cont=0.458
16:2656-4173         -            506 837522at2            -            420   1.3e-18   65.1   3.1   2   2   1.4e-09   1.3e-06   25.6   0.2   187   357   236   413   225   463 0.83 16_3 # 2656 # 4173 # 1 # ID=16_3;partial=00;start_type=ATG;rbs_motif=TAAAAA;rbs_spacer=8bp;gc_cont=0.458
2:230241-232310      -            690 837522at2            -            420   1.7e-06   25.2   0.1   1   1   4.2e-09   3.8e-06   24.0   0.1   121   327   431   637   426   647 0.70 2_204 # 230241 # 232310 # 1 # ID=2_204;partial=00;start_type=ATG;rbs_motif=TAA;rbs_spacer=14bp;gc_cont=0.481
#
# Program:         hmmsearch
# Version:         3.1b2 (February 2015)
# Pipeline mode:   SEARCH
# Query file:      /data/wgs_assembly/hybrid_genome_assembly_guide/busco_downloads/lineages/bacteria_odb10/hmms/837522at2.hmm
# Target file:     /data/wgs_assembly/hybrid_genome_assembly_guide/06_genome_quality_assessment/busco/short_only/prodigal_output/predicted_genes/predicted.faa
# Option settings: hmmsearch --domtblout /data/wgs_assembly/hybrid_genome_assembly_guide/06_genome_quality_assessment/busco/short_only/run_bacteria_odb10/hmmer_output/837522at2.out --cpu 1 /data/wgs_assembly/hybrid_genome_assembly_guide/busco_downloads/lineages/bacteria_odb10/hmms/837522at2.hmm /data/wgs_assembly/hybrid_genome_assembly_guide/06_genome_quality_assessment/busco/short_only/prodigal_output/predicted_genes/predicted.faa 
# Current dir:     /data/wgs_assembly/hybrid_genome_assembly_guide
# Date:            Sun Dec 28 03:07:13 2025
# [ok]
