#                                                                            --- full sequence --- -------------- this domain -------------   hmm coord   ali coord   env coord
# target name        accession   tlen query name           accession   qlen   E-value  score  bias   #  of  c-Evalue  i-Evalue  score  bias  from    to  from    to  from    to  acc description of target
#------------------- ---------- ----- -------------------- ---------- ----- --------- ------ ----- --- --- --------- --------- ------ ----- ----- ----- ----- ----- ----- ----- ---- ---------------------
4:147219-148247      -            343 874197at2            -            274  9.1e-121  400.2   0.0   1   1  3.8e-123  1.3e-120  399.7   0.0     1   274    20   322    20   322 0.93 4_130 # 147219 # 148247 # 1 # ID=4_130;partial=00;start_type=ATG;rbs_motif=TAAAAA;rbs_spacer=4bp;gc_cont=0.504
1:580246-581517      -            424 874197at2            -            274   9.1e-14   49.3   0.0   1   2   1.3e-15   4.6e-13   47.0   0.0     3   101     7   110     5   138 0.72 1_496 # 580246 # 581517 # -1 # ID=1_496;partial=00;start_type=ATG;rbs_motif=AAA;rbs_spacer=5bp;gc_cont=0.484
1:580246-581517      -            424 874197at2            -            274   9.1e-14   49.3   0.0   2   2      0.17        59    0.7   0.0   130   169   123   166   111   186 0.72 1_496 # 580246 # 581517 # -1 # ID=1_496;partial=00;start_type=ATG;rbs_motif=AAA;rbs_spacer=5bp;gc_cont=0.484
12:126895-128142     -            416 874197at2            -            274   1.2e-05   22.7   0.0   1   1   7.2e-08   2.5e-05   21.6   0.0    34    99   112   191    70   198 0.73 12_106 # 126895 # 128142 # -1 # ID=12_106;partial=00;start_type=ATG;rbs_motif=AAGAA;rbs_spacer=6bp;gc_cont=0.488
2:255545-257389      -            615 874197at2            -            274   3.5e-05   21.1   0.0   1   1   2.6e-07     9e-05   19.8   0.0     5   101    12   112     8   129 0.68 2_224 # 255545 # 257389 # -1 # ID=2_224;partial=00;start_type=ATG;rbs_motif=None;rbs_spacer=None;gc_cont=0.491
6:75768-77756        -            663 874197at2            -            274     4e-05   21.0   0.0   1   1   2.8e-07   9.9e-05   19.6   0.0    33    95   208   278   170   285 0.64 6_56 # 75768 # 77756 # -1 # ID=6_56;partial=00;start_type=ATG;rbs_motif=AATAA;rbs_spacer=7bp;gc_cont=0.466
3:153547-156015      -            823 874197at2            -            274   0.00012   19.4   0.0   1   2   1.3e-06   0.00047   17.4   0.0     9    71   352   416   346   424 0.77 3_131 # 153547 # 156015 # -1 # ID=3_131;partial=00;start_type=ATG;rbs_motif=TAAA;rbs_spacer=14bp;gc_cont=0.427
3:153547-156015      -            823 874197at2            -            274   0.00012   19.4   0.0   2   2       1.5   5.2e+02   -2.4   0.0   124   155   489   520   484   534 0.83 3_131 # 153547 # 156015 # -1 # ID=3_131;partial=00;start_type=ATG;rbs_motif=TAAA;rbs_spacer=14bp;gc_cont=0.427
3:304468-307002      -            845 874197at2            -            274   0.00015   19.1   0.7   1   2   0.00097      0.34    8.1   0.3    74    99   288   315   208   320 0.62 3_286 # 304468 # 307002 # -1 # ID=3_286;partial=00;start_type=ATG;rbs_motif=AAA;rbs_spacer=3bp;gc_cont=0.419
3:304468-307002      -            845 874197at2            -            274   0.00015   19.1   0.7   2   2    0.0018      0.63    7.2   0.0    31    59   564   592   535   601 0.79 3_286 # 304468 # 307002 # -1 # ID=3_286;partial=00;start_type=ATG;rbs_motif=AAA;rbs_spacer=3bp;gc_cont=0.419
23:59597-60592       -            332 874197at2            -            274   0.00042   17.6   0.1   1   1     3e-06     0.001   16.3   0.1    34   114    52   147    11   212 0.75 23_49 # 59597 # 60592 # 1 # ID=23_49;partial=00;start_type=ATG;rbs_motif=TAA;rbs_spacer=11bp;gc_cont=0.466
11:13116-14750       -            545 874197at2            -            274    0.0029   14.8   0.3   1   3     0.027       9.4    3.3   0.0    35    56    27    48    22    62 0.87 11_13 # 13116 # 14750 # -1 # ID=11_13;partial=00;start_type=ATG;rbs_motif=TAAAA;rbs_spacer=14bp;gc_cont=0.461
11:13116-14750       -            545 874197at2            -            274    0.0029   14.8   0.3   2   3       4.9   1.7e+03   -4.1   0.0    81   110   178   205   171   210 0.65 11_13 # 13116 # 14750 # -1 # ID=11_13;partial=00;start_type=ATG;rbs_motif=TAAAA;rbs_spacer=14bp;gc_cont=0.461
11:13116-14750       -            545 874197at2            -            274    0.0029   14.8   0.3   3   3   0.00065      0.23    8.6   0.0    23    69   341   387   335   415 0.84 11_13 # 13116 # 14750 # -1 # ID=11_13;partial=00;start_type=ATG;rbs_motif=TAAAA;rbs_spacer=14bp;gc_cont=0.461
15:80778-81371       -            198 874197at2            -            274    0.0087   13.3   0.0   1   1   4.4e-05     0.015   12.5   0.0    64   103    39    78    32    93 0.87 15_81 # 80778 # 81371 # 1 # ID=15_81;partial=00;start_type=ATG;rbs_motif=TAAAAA;rbs_spacer=9bp;gc_cont=0.426
23:62133-62552       -            140 874197at2            -            274     0.012   12.8   0.0   1   1   4.6e-05     0.016   12.4   0.0    21    67     8    57     2    71 0.75 23_52 # 62133 # 62552 # -1 # ID=23_52;partial=00;start_type=ATG;rbs_motif=TAAAAA;rbs_spacer=12bp;gc_cont=0.452
8:108424-109074      -            217 874197at2            -            274     0.016   12.4   0.1   1   1   7.3e-05     0.026   11.7   0.1    38   141    30   132    15   152 0.71 8_76 # 108424 # 109074 # 1 # ID=8_76;partial=00;start_type=ATG;rbs_motif=TAAAAA;rbs_spacer=12bp;gc_cont=0.449
30:15816-17771       -            652 874197at2            -            274     0.019   12.1   0.1   1   2     0.051        18    2.4   0.0    34    56    26    48    18    63 0.90 30_14 # 15816 # 17771 # -1 # ID=30_14;partial=00;start_type=GTG;rbs_motif=AAA;rbs_spacer=3bp;gc_cont=0.454
30:15816-17771       -            652 874197at2            -            274     0.019   12.1   0.1   2   2    0.0019      0.65    7.1   0.0    36    99   354   416   339   444 0.81 30_14 # 15816 # 17771 # -1 # ID=30_14;partial=00;start_type=GTG;rbs_motif=AAA;rbs_spacer=3bp;gc_cont=0.454
#
# Program:         hmmsearch
# Version:         3.1b2 (February 2015)
# Pipeline mode:   SEARCH
# Query file:      /data/wgs_assembly/hybrid_genome_assembly_guide/busco_downloads/lineages/bacteria_odb10/hmms/874197at2.hmm
# Target file:     /data/wgs_assembly/hybrid_genome_assembly_guide/06_genome_quality_assessment/busco/short_only/prodigal_output/predicted_genes/predicted.faa
# Option settings: hmmsearch --domtblout /data/wgs_assembly/hybrid_genome_assembly_guide/06_genome_quality_assessment/busco/short_only/run_bacteria_odb10/hmmer_output/874197at2.out --cpu 1 /data/wgs_assembly/hybrid_genome_assembly_guide/busco_downloads/lineages/bacteria_odb10/hmms/874197at2.hmm /data/wgs_assembly/hybrid_genome_assembly_guide/06_genome_quality_assessment/busco/short_only/prodigal_output/predicted_genes/predicted.faa 
# Current dir:     /data/wgs_assembly/hybrid_genome_assembly_guide
# Date:            Sun Dec 28 03:07:13 2025
# [ok]
