#                                                                            --- full sequence --- -------------- this domain -------------   hmm coord   ali coord   env coord
# target name        accession   tlen query name           accession   qlen   E-value  score  bias   #  of  c-Evalue  i-Evalue  score  bias  from    to  from    to  from    to  acc description of target
#------------------- ---------- ----- -------------------- ---------- ----- --------- ------ ----- --- --- --------- --------- ------ ----- ----- ----- ----- ----- ----- ----- ---- ---------------------
12:136673-137554     -            294 984717at2            -            224   4.8e-65  217.2   8.5   1   2   1.7e-35   6.5e-33  112.1   1.0     1   124     6   143     6   152 0.82 12_115 # 136673 # 137554 # -1 # ID=12_115;partial=00;start_type=ATG;rbs_motif=AATAA;rbs_spacer=10bp;gc_cont=0.416
12:136673-137554     -            294 984717at2            -            224   4.8e-65  217.2   8.5   2   2     4e-34   1.5e-31  107.7   1.4   112   224   158   290   148   290 0.85 12_115 # 136673 # 137554 # -1 # ID=12_115;partial=00;start_type=ATG;rbs_motif=AATAA;rbs_spacer=10bp;gc_cont=0.416
12:135307-136620     -            438 984717at2            -            224   9.3e-30  101.8   2.4   1   2   4.4e-17   1.7e-14   51.9   0.3     2   104     5   124     4   130 0.71 12_114 # 135307 # 136620 # -1 # ID=12_114;partial=00;start_type=ATG;rbs_motif=TAAA;rbs_spacer=11bp;gc_cont=0.432
12:135307-136620     -            438 984717at2            -            224   9.3e-30  101.8   2.4   2   2   3.3e-16   1.3e-13   49.1   0.1     3   106   179   301   177   316 0.71 12_114 # 135307 # 136620 # -1 # ID=12_114;partial=00;start_type=ATG;rbs_motif=TAAA;rbs_spacer=11bp;gc_cont=0.432
14:43470-44867       -            466 984717at2            -            224   7.5e-14   49.8   1.7   1   1     6e-16   2.3e-13   48.2   1.6     2   107   223   345   222   385 0.73 14_51 # 43470 # 44867 # 1 # ID=14_51;partial=00;start_type=ATG;rbs_motif=AAAA;rbs_spacer=11bp;gc_cont=0.431
23:4466-5719         -            418 984717at2            -            224     4e-10   37.6   2.3   1   2     0.015       5.5    4.4   0.2    60   119    71   130    66   141 0.90 23_3 # 4466 # 5719 # 1 # ID=23_3;partial=00;start_type=ATG;rbs_motif=TAA;rbs_spacer=13bp;gc_cont=0.468
23:4466-5719         -            418 984717at2            -            224     4e-10   37.6   2.3   2   2   3.9e-11   1.5e-08   32.5   0.1     2   143   217   361   216   384 0.69 23_3 # 4466 # 5719 # 1 # ID=23_3;partial=00;start_type=ATG;rbs_motif=TAA;rbs_spacer=13bp;gc_cont=0.468
7:83504-84688        -            395 984717at2            -            224   9.7e-10   36.3   0.0   1   1   6.3e-12   2.4e-09   35.0   0.0     2   106    12   130    11   137 0.71 7_75 # 83504 # 84688 # -1 # ID=7_75;partial=00;start_type=TTG;rbs_motif=None;rbs_spacer=None;gc_cont=0.489
5:178763-179980      -            406 984717at2            -            224   7.5e-06   23.6   0.0   1   1   4.4e-08   1.7e-05   22.5   0.0     2    59   184   242   183   318 0.79 5_146 # 178763 # 179980 # 1 # ID=5_146;partial=00;start_type=ATG;rbs_motif=None;rbs_spacer=None;gc_cont=0.460
1:778912-779517      -            202 984717at2            -            224   1.9e-05   22.3   0.0   1   1   8.9e-08   3.4e-05   21.5   0.0     3    56    27    79    26   109 0.84 1_677 # 778912 # 779517 # -1 # ID=1_677;partial=00;start_type=ATG;rbs_motif=TAAAAA;rbs_spacer=12bp;gc_cont=0.441
4:26227-27330        -            368 984717at2            -            224   0.00093   16.8   0.5   1   2   5.2e-06     0.002   15.7   0.0     3    23     6    26     4    45 0.89 4_25 # 26227 # 27330 # 1 # ID=4_25;partial=00;start_type=ATG;rbs_motif=TAAAAA;rbs_spacer=13bp;gc_cont=0.459
4:26227-27330        -            368 984717at2            -            224   0.00093   16.8   0.5   2   2       4.4   1.7e+03   -3.7   0.1    65    82   224   241   220   251 0.71 4_25 # 26227 # 27330 # 1 # ID=4_25;partial=00;start_type=ATG;rbs_motif=TAAAAA;rbs_spacer=13bp;gc_cont=0.459
11:13116-14750       -            545 984717at2            -            224    0.0024   15.4   1.2   1   3    0.0096       3.6    5.0   0.0     2    21    30    49    29    58 0.90 11_13 # 13116 # 14750 # -1 # ID=11_13;partial=00;start_type=ATG;rbs_motif=TAAAA;rbs_spacer=14bp;gc_cont=0.461
11:13116-14750       -            545 984717at2            -            224    0.0024   15.4   1.2   2   3     0.015       5.7    4.4   0.1     2    21   356   375   355   378 0.90 11_13 # 13116 # 14750 # -1 # ID=11_13;partial=00;start_type=ATG;rbs_motif=TAAAA;rbs_spacer=14bp;gc_cont=0.461
11:13116-14750       -            545 984717at2            -            224    0.0024   15.4   1.2   3   3     0.041        16    3.0   0.0    23    83   442   501   440   525 0.78 11_13 # 13116 # 14750 # -1 # ID=11_13;partial=00;start_type=ATG;rbs_motif=TAAAA;rbs_spacer=14bp;gc_cont=0.461
23:32273-33205       -            311 984717at2            -            224     0.012   13.1   0.2   1   2      0.15        59    1.1   0.0    58   105    85   132    44   144 0.79 23_21 # 32273 # 33205 # -1 # ID=23_21;partial=00;start_type=ATG;rbs_motif=TAA;rbs_spacer=3bp;gc_cont=0.472
23:32273-33205       -            311 984717at2            -            224     0.012   13.1   0.2   2   2   0.00033      0.12    9.8   0.0     6    56   180   235   175   239 0.56 23_21 # 32273 # 33205 # -1 # ID=23_21;partial=00;start_type=ATG;rbs_motif=TAA;rbs_spacer=3bp;gc_cont=0.472
30:15816-17771       -            652 984717at2            -            224     0.031   11.8   1.2   1   3     0.011       4.2    4.8   0.1     2    21    30    49    29    52 0.89 30_14 # 15816 # 17771 # -1 # ID=30_14;partial=00;start_type=GTG;rbs_motif=AAA;rbs_spacer=3bp;gc_cont=0.454
30:15816-17771       -            652 984717at2            -            224     0.031   11.8   1.2   2   3     0.025       9.5    3.7   0.1     2    21   356   375   355   377 0.89 30_14 # 15816 # 17771 # -1 # ID=30_14;partial=00;start_type=GTG;rbs_motif=AAA;rbs_spacer=3bp;gc_cont=0.454
30:15816-17771       -            652 984717at2            -            224     0.031   11.8   1.2   3   3      0.48   1.8e+02   -0.5   0.0    23    83   441   500   437   512 0.75 30_14 # 15816 # 17771 # -1 # ID=30_14;partial=00;start_type=GTG;rbs_motif=AAA;rbs_spacer=3bp;gc_cont=0.454
1:235719-237584      -            622 984717at2            -            224      0.35    8.3   7.0   1   3      0.26        99    0.3   0.2     2    22    33    53    32    54 0.84 1_220 # 235719 # 237584 # 1 # ID=1_220;partial=00;start_type=ATG;rbs_motif=None;rbs_spacer=None;gc_cont=0.468
1:235719-237584      -            622 984717at2            -            224      0.35    8.3   7.0   2   3     0.027        10    3.6   0.4     3    22   342   361   340   363 0.92 1_220 # 235719 # 237584 # 1 # ID=1_220;partial=00;start_type=ATG;rbs_motif=None;rbs_spacer=None;gc_cont=0.468
1:235719-237584      -            622 984717at2            -            224      0.35    8.3   7.0   3   3    0.0035       1.3    6.4   0.1   109   150   570   612   544   617 0.84 1_220 # 235719 # 237584 # 1 # ID=1_220;partial=00;start_type=ATG;rbs_motif=None;rbs_spacer=None;gc_cont=0.468
#
# Program:         hmmsearch
# Version:         3.1b2 (February 2015)
# Pipeline mode:   SEARCH
# Query file:      /data/wgs_assembly/hybrid_genome_assembly_guide/busco_downloads/lineages/bacteria_odb10/hmms/984717at2.hmm
# Target file:     /data/wgs_assembly/hybrid_genome_assembly_guide/06_genome_quality_assessment/busco/short_only/prodigal_output/predicted_genes/predicted.faa
# Option settings: hmmsearch --domtblout /data/wgs_assembly/hybrid_genome_assembly_guide/06_genome_quality_assessment/busco/short_only/run_bacteria_odb10/hmmer_output/984717at2.out --cpu 1 /data/wgs_assembly/hybrid_genome_assembly_guide/busco_downloads/lineages/bacteria_odb10/hmms/984717at2.hmm /data/wgs_assembly/hybrid_genome_assembly_guide/06_genome_quality_assessment/busco/short_only/prodigal_output/predicted_genes/predicted.faa 
# Current dir:     /data/wgs_assembly/hybrid_genome_assembly_guide
# Date:            Sun Dec 28 03:07:13 2025
# [ok]
