#                                                                            --- full sequence --- -------------- this domain -------------   hmm coord   ali coord   env coord
# target name        accession   tlen query name           accession   qlen   E-value  score  bias   #  of  c-Evalue  i-Evalue  score  bias  from    to  from    to  from    to  acc description of target
#------------------- ---------- ----- -------------------- ---------- ----- --------- ------ ----- --- --- --------- --------- ------ ----- ----- ----- ----- ----- ----- ----- ---- ---------------------
1:2074612-2074911    -            100 1054741at2           -            333   1.3e-30  106.0   0.0   1   1   1.4e-33   1.5e-30  105.7   0.0     2    97     4    94     3    97 0.96 1_4548 # 2074612 # 2074911 # -1 # ID=1_4548;partial=00;start_type=ATG;rbs_motif=None;rbs_spacer=None;gc_cont=0.430
1:658101-658418      -            106 1054741at2           -            333   5.9e-26   90.6   0.0   1   1   5.9e-29   6.5e-26   90.5   0.0    43   133     6    95     1    99 0.93 1_1454 # 658101 # 658418 # -1 # ID=1_1454;partial=00;start_type=ATG;rbs_motif=AAAAA;rbs_spacer=5bp;gc_cont=0.472
1:2887239-2887631    -            131 1054741at2           -            333   1.4e-25   89.4   0.0   1   1   1.6e-28   1.7e-25   89.1   0.0    98   183     1    92     1    95 0.93 1_6267 # 2887239 # 2887631 # 1 # ID=1_6267;partial=00;start_type=ATG;rbs_motif=None;rbs_spacer=None;gc_cont=0.499
1:657925-658125      -             67 1054741at2           -            333     4e-17   61.6   0.0   1   1   3.8e-20   4.2e-17   61.5   0.0   133   193     3    64     1    66 0.92 1_1453 # 657925 # 658125 # -1 # ID=1_1453;partial=00;start_type=TTG;rbs_motif=AAAA;rbs_spacer=5bp;gc_cont=0.443
1:2887782-2888057    -             92 1054741at2           -            333   2.2e-09   36.1   0.0   1   1   2.1e-12   2.3e-09   36.1   0.0   260   331     3    77     1    79 0.79 1_6268 # 2887782 # 2888057 # 1 # ID=1_6268;partial=00;start_type=ATG;rbs_motif=None;rbs_spacer=None;gc_cont=0.511
1:1659157-1659678    -            174 1054741at2           -            333   2.3e-09   36.1   0.2   1   1   2.8e-12   3.1e-09   35.7   0.2     2   123     3   120     2   123 0.80 1_3647 # 1659157 # 1659678 # 1 # ID=1_3647;partial=00;start_type=ATG;rbs_motif=AAAAA;rbs_spacer=12bp;gc_cont=0.466
1:2887040-2887258    -             73 1054741at2           -            333   4.5e-09   35.1   0.0   1   1   4.6e-12   5.1e-09   35.0   0.0    22    92     1    61     1    69 0.91 1_6266 # 2887040 # 2887258 # 1 # ID=1_6266;partial=00;start_type=ATG;rbs_motif=None;rbs_spacer=None;gc_cont=0.493
1:2074460-2074603    -             48 1054741at2           -            333   8.1e-07   27.7   0.0   1   1   7.6e-10   8.3e-07   27.7   0.0   108   144     2    44     1    47 0.80 1_4547 # 2074460 # 2074603 # -1 # ID=1_4547;partial=00;start_type=TTG;rbs_motif=AAAA;rbs_spacer=6bp;gc_cont=0.417
1:642453-642875      -            141 1054741at2           -            333   8.4e-05   21.1   0.0   1   2   1.8e-07    0.0002   19.9   0.0     7    72     1    62     1    70 0.90 1_1429 # 642453 # 642875 # 1 # ID=1_1429;partial=00;start_type=TTG;rbs_motif=None;rbs_spacer=None;gc_cont=0.489
1:642453-642875      -            141 1054741at2           -            333   8.4e-05   21.1   0.0   2   2      0.77   8.4e+02   -1.9   0.0   101   125    79   103    75   110 0.80 1_1429 # 642453 # 642875 # 1 # ID=1_1429;partial=00;start_type=TTG;rbs_motif=None;rbs_spacer=None;gc_cont=0.489
2:349646-350233      -            196 1054741at2           -            333    0.0031   15.9   0.0   1   1   3.7e-06    0.0041   15.5   0.0     8    72     8    77     5   133 0.82 2_760 # 349646 # 350233 # 1 # ID=2_760;partial=00;start_type=ATG;rbs_motif=None;rbs_spacer=None;gc_cont=0.524
1:2073828-2074139    -            104 1054741at2           -            333    0.0058   15.1   0.0   1   1   7.7e-06    0.0085   14.5   0.0   245   302     3    69     1    78 0.77 1_4545 # 2073828 # 2074139 # -1 # ID=1_4545;partial=00;start_type=GTG;rbs_motif=None;rbs_spacer=None;gc_cont=0.410
#
# Program:         hmmsearch
# Version:         3.1b2 (February 2015)
# Pipeline mode:   SEARCH
# Query file:      /data/wgs_assembly/hybrid_genome_assembly_guide/busco_downloads/lineages/bacteria_odb10/hmms/1054741at2.hmm
# Target file:     /data/wgs_assembly/hybrid_genome_assembly_guide/06_genome_quality_assessment/busco/long_only/prodigal_output/predicted_genes/predicted.faa
# Option settings: hmmsearch --domtblout /data/wgs_assembly/hybrid_genome_assembly_guide/06_genome_quality_assessment/busco/long_only/run_bacteria_odb10/hmmer_output/1054741at2.out --cpu 1 /data/wgs_assembly/hybrid_genome_assembly_guide/busco_downloads/lineages/bacteria_odb10/hmms/1054741at2.hmm /data/wgs_assembly/hybrid_genome_assembly_guide/06_genome_quality_assessment/busco/long_only/prodigal_output/predicted_genes/predicted.faa 
# Current dir:     /data/wgs_assembly/hybrid_genome_assembly_guide
# Date:            Sun Dec 28 03:07:38 2025
# [ok]
