#                                                                            --- full sequence --- -------------- this domain -------------   hmm coord   ali coord   env coord
# target name        accession   tlen query name           accession   qlen   E-value  score  bias   #  of  c-Evalue  i-Evalue  score  bias  from    to  from    to  from    to  acc description of target
#------------------- ---------- ----- -------------------- ---------- ----- --------- ------ ----- --- --- --------- --------- ------ ----- ----- ----- ----- ----- ----- ----- ---- ---------------------
2:577846-578319      -            158 1074831at2           -            386   7.9e-38  129.9   4.9   1   1   1.9e-39   1.9e-36  125.4   4.9   266   386     4   150     3   150 0.83 2_1236 # 577846 # 578319 # -1 # ID=2_1236;partial=00;start_type=TTG;rbs_motif=AAAAA;rbs_spacer=3bp;gc_cont=0.477
2:579085-579369      -             95 1074831at2           -            386   1.4e-11   43.5   0.0   1   1   1.4e-14   1.4e-11   43.5   0.0    64   116    37    94     7    94 0.91 2_1239 # 579085 # 579369 # -1 # ID=2_1239;partial=00;start_type=GTG;rbs_motif=None;rbs_spacer=None;gc_cont=0.432
2:579366-579521      -             52 1074831at2           -            386   6.8e-10   38.0   0.0   1   1   7.5e-13   7.6e-10   37.8   0.0     1    33     1    35     1    39 0.92 2_1240 # 579366 # 579521 # -1 # ID=2_1240;partial=00;start_type=ATG;rbs_motif=AAGAA;rbs_spacer=9bp;gc_cont=0.429
2:578621-579055      -            145 1074831at2           -            386   5.2e-07   28.5   3.7   1   1   5.8e-10   5.8e-07   28.3   3.7   129   250    23   142    13   144 0.85 2_1238 # 578621 # 579055 # -1 # ID=2_1238;partial=00;start_type=ATG;rbs_motif=None;rbs_spacer=None;gc_cont=0.457
2:578292-578561      -             90 1074831at2           -            386    0.0016   17.0   0.2   1   1     2e-06     0.002   16.7   0.2   218   281    15    80     2    88 0.78 2_1237 # 578292 # 578561 # -1 # ID=2_1237;partial=00;start_type=TTG;rbs_motif=None;rbs_spacer=None;gc_cont=0.463
1:449288-449980      -            231 1074831at2           -            386    0.0029   16.2   0.3   1   2    0.0062       6.2    5.2   0.0    22    77    25    80     8    95 0.82 1_1007 # 449288 # 449980 # -1 # ID=1_1007;partial=00;start_type=ATG;rbs_motif=AAAAA;rbs_spacer=6bp;gc_cont=0.511
1:449288-449980      -            231 1074831at2           -            386    0.0029   16.2   0.3   2   2   0.00034      0.34    9.4   0.1   282   372   126   222   111   229 0.77 1_1007 # 449288 # 449980 # -1 # ID=1_1007;partial=00;start_type=ATG;rbs_motif=AAAAA;rbs_spacer=6bp;gc_cont=0.511
1:1636365-1636724    -            120 1074831at2           -            386     0.018   13.5   0.4   1   1   2.3e-05     0.023   13.2   0.4   287   364    19   103    12   104 0.80 1_3602 # 1636365 # 1636724 # 1 # ID=1_3602;partial=00;start_type=ATG;rbs_motif=AAAAA;rbs_spacer=11bp;gc_cont=0.486
2:975767-977362      -            532 1074831at2           -            386     0.038   12.5   0.1   1   2      0.14   1.4e+02    0.7   0.0    24    36     2    14     1    34 0.76 2_2100 # 975767 # 977362 # 1 # ID=2_2100;partial=00;start_type=GTG;rbs_motif=AATAA;rbs_spacer=4bp;gc_cont=0.546
2:975767-977362      -            532 1074831at2           -            386     0.038   12.5   0.1   2   2   0.00033      0.33    9.4   0.0   270   354   421   514   402   522 0.71 2_2100 # 975767 # 977362 # 1 # ID=2_2100;partial=00;start_type=GTG;rbs_motif=AATAA;rbs_spacer=4bp;gc_cont=0.546
1:3432167-3432388    -             74 1074831at2           -            386      0.12   10.8   0.0   1   1   0.00012      0.12   10.8   0.0    14    62     8    56     5    69 0.80 1_7495 # 3432167 # 3432388 # -1 # ID=1_7495;partial=00;start_type=ATG;rbs_motif=AAAA;rbs_spacer=3bp;gc_cont=0.378
2:861610-861834      -             75 1074831at2           -            386      0.16   10.4   0.0   1   1   0.00017      0.17   10.4   0.0    24    38    31    45     5    49 0.88 2_1864 # 861610 # 861834 # -1 # ID=2_1864;partial=00;start_type=GTG;rbs_motif=None;rbs_spacer=None;gc_cont=0.484
1:572196-572672      -            159 1074831at2           -            386      0.29    9.6   3.7   1   2    0.0079       7.9    4.8   0.0   287   315    12    40     5    69 0.87 1_1270 # 572196 # 572672 # 1 # ID=1_1270;partial=00;start_type=ATG;rbs_motif=None;rbs_spacer=None;gc_cont=0.491
1:572196-572672      -            159 1074831at2           -            386      0.29    9.6   3.7   2   2     0.028        28    3.1   3.7   209   255    98   143    94   150 0.87 1_1270 # 572196 # 572672 # 1 # ID=1_1270;partial=00;start_type=ATG;rbs_motif=None;rbs_spacer=None;gc_cont=0.491
1:468100-469521      -            474 1074831at2           -            386       1.4    7.4  12.6   1   5    0.0022       2.2    6.7   0.0   288   315     2    29     1    59 0.90 1_1042 # 468100 # 469521 # -1 # ID=1_1042;partial=00;start_type=GTG;rbs_motif=None;rbs_spacer=None;gc_cont=0.474
1:468100-469521      -            474 1074831at2           -            386       1.4    7.4  12.6   2   5       2.1   2.1e+03   -3.2   0.1   133   162    89   118    73   152 0.58 1_1042 # 468100 # 469521 # -1 # ID=1_1042;partial=00;start_type=GTG;rbs_motif=None;rbs_spacer=None;gc_cont=0.474
1:468100-469521      -            474 1074831at2           -            386       1.4    7.4  12.6   3   5       1.2   1.2e+03   -2.3   0.3    25    39   195   209   193   213 0.84 1_1042 # 468100 # 469521 # -1 # ID=1_1042;partial=00;start_type=GTG;rbs_motif=None;rbs_spacer=None;gc_cont=0.474
1:468100-469521      -            474 1074831at2           -            386       1.4    7.4  12.6   4   5     0.053        53    2.1   0.0   290   341   287   341   272   363 0.71 1_1042 # 468100 # 469521 # -1 # ID=1_1042;partial=00;start_type=GTG;rbs_motif=None;rbs_spacer=None;gc_cont=0.474
1:468100-469521      -            474 1074831at2           -            386       1.4    7.4  12.6   5   5     0.097        97    1.3   4.6   119   178   372   434   369   471 0.65 1_1042 # 468100 # 469521 # -1 # ID=1_1042;partial=00;start_type=GTG;rbs_motif=None;rbs_spacer=None;gc_cont=0.474
#
# Program:         hmmsearch
# Version:         3.1b2 (February 2015)
# Pipeline mode:   SEARCH
# Query file:      /data/wgs_assembly/hybrid_genome_assembly_guide/busco_downloads/lineages/bacteria_odb10/hmms/1074831at2.hmm
# Target file:     /data/wgs_assembly/hybrid_genome_assembly_guide/06_genome_quality_assessment/busco/long_only/prodigal_output/predicted_genes/predicted.faa
# Option settings: hmmsearch --domtblout /data/wgs_assembly/hybrid_genome_assembly_guide/06_genome_quality_assessment/busco/long_only/run_bacteria_odb10/hmmer_output/1074831at2.out --cpu 1 /data/wgs_assembly/hybrid_genome_assembly_guide/busco_downloads/lineages/bacteria_odb10/hmms/1074831at2.hmm /data/wgs_assembly/hybrid_genome_assembly_guide/06_genome_quality_assessment/busco/long_only/prodigal_output/predicted_genes/predicted.faa 
# Current dir:     /data/wgs_assembly/hybrid_genome_assembly_guide
# Date:            Sun Dec 28 03:07:38 2025
# [ok]
