#                                                                            --- full sequence --- -------------- this domain -------------   hmm coord   ali coord   env coord
# target name        accession   tlen query name           accession   qlen   E-value  score  bias   #  of  c-Evalue  i-Evalue  score  bias  from    to  from    to  from    to  acc description of target
#------------------- ---------- ----- -------------------- ---------- ----- --------- ------ ----- --- --- --------- --------- ------ ----- ----- ----- ----- ----- ----- ----- ---- ---------------------
1:1980505-1980669    -             55 1151822at2           -            254   7.8e-16   57.5   0.3   1   1   9.7e-19     9e-16   57.3   0.3   167   218     1    52     1    53 0.91 1_4345 # 1980505 # 1980669 # 1 # ID=1_4345;partial=00;start_type=ATG;rbs_motif=None;rbs_spacer=None;gc_cont=0.418
1:1979677-1980267    -            197 1151822at2           -            254   9.9e-14   50.6   2.9   1   1   1.6e-16   1.5e-13   50.0   2.9     6   104     3   123     1   132 0.79 1_4343 # 1979677 # 1980267 # 1 # ID=1_4343;partial=00;start_type=ATG;rbs_motif=None;rbs_spacer=None;gc_cont=0.425
1:3413998-3414600    -            201 1151822at2           -            254     9e-12   44.2  16.6   1   3    0.0082       7.6    5.1   0.0    34    65     6    37     2    44 0.80 1_7453 # 3413998 # 3414600 # 1 # ID=1_7453;partial=00;start_type=ATG;rbs_motif=AAGAA;rbs_spacer=10bp;gc_cont=0.512
1:3413998-3414600    -            201 1151822at2           -            254     9e-12   44.2  16.6   2   3   2.7e-05     0.025   13.3   1.0    60   106    55    98    42   104 0.78 1_7453 # 3413998 # 3414600 # 1 # ID=1_7453;partial=00;start_type=ATG;rbs_motif=AAGAA;rbs_spacer=10bp;gc_cont=0.512
1:3413998-3414600    -            201 1151822at2           -            254     9e-12   44.2  16.6   3   3   5.6e-11   5.1e-08   31.9   6.3    95   153   112   172    99   185 0.76 1_7453 # 3413998 # 3414600 # 1 # ID=1_7453;partial=00;start_type=ATG;rbs_motif=AAGAA;rbs_spacer=10bp;gc_cont=0.512
1:1980237-1980434    -             66 1151822at2           -            254   2.1e-10   39.7   4.1   1   1   2.5e-13   2.3e-10   39.6   4.1    98   142     1    45     1    55 0.92 1_4344 # 1980237 # 1980434 # 1 # ID=1_4344;partial=00;start_type=TTG;rbs_motif=None;rbs_spacer=None;gc_cont=0.439
1:3134131-3134874    -            248 1151822at2           -            254   4.7e-09   35.3  18.4   1   1   9.8e-12   9.1e-09   34.4  18.4    96   213    42   170     1   210 0.68 1_6817 # 3134131 # 3134874 # 1 # ID=1_6817;partial=00;start_type=TTG;rbs_motif=None;rbs_spacer=None;gc_cont=0.422
2:784420-784896      -            159 1151822at2           -            254   4.8e-09   35.3  12.4   1   1   1.1e-11   9.8e-09   34.3  12.4    95   179    41   132     1   154 0.69 2_1705 # 784420 # 784896 # -1 # ID=2_1705;partial=00;start_type=TTG;rbs_motif=None;rbs_spacer=None;gc_cont=0.415
1:154317-154574      -             86 1151822at2           -            254   8.1e-07   28.0   7.7   1   1   1.1e-09     1e-06   27.7   7.7    98   168     7    84     2    84 0.80 1_339 # 154317 # 154574 # -1 # ID=1_339;partial=00;start_type=TTG;rbs_motif=None;rbs_spacer=None;gc_cont=0.422
1:3414579-3414869    -             97 1151822at2           -            254   1.8e-06   26.9   0.1   1   1   2.5e-09   2.3e-06   26.5   0.1   167   230     1    76     1    96 0.69 1_7454 # 3414579 # 3414869 # 1 # ID=1_7454;partial=00;start_type=ATG;rbs_motif=None;rbs_spacer=None;gc_cont=0.488
2:252579-252827      -             83 1151822at2           -            254    0.0012   17.6   5.7   1   1   1.6e-06    0.0015   17.3   5.7   108   160     2    57     1    60 0.77 2_552 # 252579 # 252827 # -1 # ID=2_552;partial=00;start_type=TTG;rbs_motif=None;rbs_spacer=None;gc_cont=0.361
1:1980720-1980860    -             47 1151822at2           -            254    0.0019   17.0   0.4   1   1   2.3e-06    0.0021   16.8   0.4   230   254    19    43    15    43 0.89 1_4346 # 1980720 # 1980860 # 1 # ID=1_4346;partial=00;start_type=ATG;rbs_motif=None;rbs_spacer=None;gc_cont=0.426
1:945490-945708      -             73 1151822at2           -            254    0.0029   16.3   1.3   1   1   3.3e-06    0.0031   16.3   1.3   143   179    21    58     1    62 0.71 1_2089 # 945490 # 945708 # -1 # ID=1_2089;partial=00;start_type=TTG;rbs_motif=None;rbs_spacer=None;gc_cont=0.356
1:504478-504804      -            109 1151822at2           -            254    0.0037   16.0   8.6   1   1   1.4e-05     0.013   14.2   8.6    62   128    14    91     2   107 0.61 1_1119 # 504478 # 504804 # -1 # ID=1_1119;partial=00;start_type=TTG;rbs_motif=None;rbs_spacer=None;gc_cont=0.416
1:1299664-1299948    -             95 1151822at2           -            254    0.0069   15.1   0.5   1   1   8.3e-06    0.0076   15.0   0.5   123   175    39    92     9    94 0.81 1_2867 # 1299664 # 1299948 # -1 # ID=1_2867;partial=00;start_type=GTG;rbs_motif=None;rbs_spacer=None;gc_cont=0.446
#
# Program:         hmmsearch
# Version:         3.1b2 (February 2015)
# Pipeline mode:   SEARCH
# Query file:      /data/wgs_assembly/hybrid_genome_assembly_guide/busco_downloads/lineages/bacteria_odb10/hmms/1151822at2.hmm
# Target file:     /data/wgs_assembly/hybrid_genome_assembly_guide/06_genome_quality_assessment/busco/long_only/prodigal_output/predicted_genes/predicted.faa
# Option settings: hmmsearch --domtblout /data/wgs_assembly/hybrid_genome_assembly_guide/06_genome_quality_assessment/busco/long_only/run_bacteria_odb10/hmmer_output/1151822at2.out --cpu 1 /data/wgs_assembly/hybrid_genome_assembly_guide/busco_downloads/lineages/bacteria_odb10/hmms/1151822at2.hmm /data/wgs_assembly/hybrid_genome_assembly_guide/06_genome_quality_assessment/busco/long_only/prodigal_output/predicted_genes/predicted.faa 
# Current dir:     /data/wgs_assembly/hybrid_genome_assembly_guide
# Date:            Sun Dec 28 03:07:38 2025
# [ok]
