#                                                                            --- full sequence --- -------------- this domain -------------   hmm coord   ali coord   env coord
# target name        accession   tlen query name           accession   qlen   E-value  score  bias   #  of  c-Evalue  i-Evalue  score  bias  from    to  from    to  from    to  acc description of target
#------------------- ---------- ----- -------------------- ---------- ----- --------- ------ ----- --- --- --------- --------- ------ ----- ----- ----- ----- ----- ----- ----- ---- ---------------------
1:2455093-2455908    -            272 143460at2            -            439   3.6e-58  196.7   0.0   1   1   2.4e-58   1.6e-55  188.0   0.0   194   389     6   267     1   270 0.86 1_5355 # 2455093 # 2455908 # 1 # ID=1_5355;partial=00;start_type=GTG;rbs_motif=None;rbs_spacer=None;gc_cont=0.441
1:2454581-2455096    -            172 143460at2            -            439   1.3e-35  122.4   0.0   1   1   5.5e-38   3.7e-35  120.9   0.0    74   192     1   150     1   159 0.84 1_5354 # 2454581 # 2455096 # 1 # ID=1_5354;partial=00;start_type=ATG;rbs_motif=None;rbs_spacer=None;gc_cont=0.467
1:1685942-1686871    -            310 143460at2            -            439   6.8e-31  106.8   0.5   1   2   2.1e-33   1.4e-30  105.8   0.4     2   136    20   171    19   198 0.84 1_3704 # 1685942 # 1686871 # 1 # ID=1_3704;partial=00;start_type=GTG;rbs_motif=None;rbs_spacer=None;gc_cont=0.398
1:1685942-1686871    -            310 143460at2            -            439   6.8e-31  106.8   0.5   2   2       1.5     1e+03   -2.5   0.0   119   155   220   256   215   303 0.51 1_3704 # 1685942 # 1686871 # 1 # ID=1_3704;partial=00;start_type=GTG;rbs_motif=None;rbs_spacer=None;gc_cont=0.398
1:2694553-2695224    -            224 143460at2            -            439   5.9e-24   84.0   0.0   1   1     1e-26   6.9e-24   83.7   0.0     2   123    10   153     9   198 0.83 1_5850 # 2694553 # 2695224 # 1 # ID=1_5850;partial=00;start_type=ATG;rbs_motif=AAAAAA;rbs_spacer=4bp;gc_cont=0.458
2:242016-242603      -            196 143460at2            -            439   1.8e-21   75.8   0.1   1   1   3.3e-24   2.2e-21   75.5   0.1    30   186    14   194     3   195 0.81 2_532 # 242016 # 242603 # -1 # ID=2_532;partial=00;start_type=TTG;rbs_motif=None;rbs_spacer=None;gc_cont=0.452
1:2454313-2454516    -             68 143460at2            -            439     1e-19   70.0   0.2   1   1   1.8e-22   1.2e-19   69.8   0.2     1    49     4    59     4    61 0.91 1_5353 # 2454313 # 2454516 # 1 # ID=1_5353;partial=00;start_type=ATG;rbs_motif=AATAA;rbs_spacer=10bp;gc_cont=0.397
1:2431710-2431979    -             90 143460at2            -            439   1.1e-18   66.5   0.0   1   1     2e-21   1.3e-18   66.3   0.0    36    97     2    69     1    74 0.93 1_5311 # 2431710 # 2431979 # -1 # ID=1_5311;partial=00;start_type=ATG;rbs_motif=None;rbs_spacer=None;gc_cont=0.396
1:755770-756033      -             88 143460at2            -            439   5.8e-15   54.3   0.1   1   1     1e-17   6.9e-15   54.1   0.1    53   114    10    74     7    80 0.88 1_1677 # 755770 # 756033 # -1 # ID=1_1677;partial=00;start_type=ATG;rbs_motif=None;rbs_spacer=None;gc_cont=0.485
1:2023611-2024870    -            420 143460at2            -            439   1.2e-12   46.7   1.7   1   2       2.7   1.8e+03   -3.3   0.0   114   140    94   120    63   126 0.68 1_4437 # 2023611 # 2024870 # -1 # ID=1_4437;partial=00;start_type=GTG;rbs_motif=AAGAA;rbs_spacer=7bp;gc_cont=0.453
1:2023611-2024870    -            420 143460at2            -            439   1.2e-12   46.7   1.7   2   2   1.8e-15   1.2e-12   46.7   1.7     4   116   141   254   139   345 0.84 1_4437 # 2023611 # 2024870 # -1 # ID=1_4437;partial=00;start_type=GTG;rbs_motif=AAGAA;rbs_spacer=7bp;gc_cont=0.453
1:2455911-2456114    -             68 143460at2            -            439   1.2e-12   46.7   0.1   1   1     2e-15   1.3e-12   46.6   0.1   395   438     2    53     1    54 0.90 1_5356 # 2455911 # 2456114 # 1 # ID=1_5356;partial=00;start_type=GTG;rbs_motif=AAAAAA;rbs_spacer=15bp;gc_cont=0.446
1:3189007-3189726    -            240 143460at2            -            439   3.8e-11   41.8   0.0   1   1   6.8e-14   4.6e-11   41.5   0.0     1   122     9   147     9   178 0.80 1_6942 # 3189007 # 3189726 # 1 # ID=1_6942;partial=00;start_type=ATG;rbs_motif=None;rbs_spacer=None;gc_cont=0.457
1:370206-370775      -            190 143460at2            -            439   7.4e-10   37.5   0.2   1   2    0.0089       5.9    4.9   0.0     9    36    27    55    22    62 0.78 1_837 # 370206 # 370775 # -1 # ID=1_837;partial=00;start_type=ATG;rbs_motif=None;rbs_spacer=None;gc_cont=0.449
1:370206-370775      -            190 143460at2            -            439   7.4e-10   37.5   0.2   2   2   1.1e-10   7.1e-08   31.0   0.1    29   113    71   165    63   180 0.81 1_837 # 370206 # 370775 # -1 # ID=1_837;partial=00;start_type=ATG;rbs_motif=None;rbs_spacer=None;gc_cont=0.449
1:2677634-2677951    -            106 143460at2            -            439   3.5e-05   22.1   0.1   1   1   6.2e-08   4.1e-05   21.9   0.1    75   121     8    59     3    74 0.69 1_5821 # 2677634 # 2677951 # 1 # ID=1_5821;partial=00;start_type=ATG;rbs_motif=None;rbs_spacer=None;gc_cont=0.447
1:2790406-2790846    -            147 143460at2            -            439    0.0018   16.5   0.1   1   1   3.5e-06    0.0023   16.1   0.1     4   117     5   128     3   141 0.76 1_6053 # 2790406 # 2790846 # 1 # ID=1_6053;partial=00;start_type=ATG;rbs_motif=AAAAAA;rbs_spacer=15bp;gc_cont=0.456
1:2677360-2677488    -             43 143460at2            -            439    0.0032   15.6   0.5   1   1   4.9e-06    0.0033   15.6   0.5     3    21    14    32    12    41 0.87 1_5820 # 2677360 # 2677488 # 1 # ID=1_5820;partial=00;start_type=ATG;rbs_motif=AATAA;rbs_spacer=15bp;gc_cont=0.419
1:756110-756247      -             46 143460at2            -            439    0.0033   15.6   0.0   1   1   5.3e-06    0.0035   15.5   0.0     2    28    11    37    10    42 0.87 1_1678 # 756110 # 756247 # -1 # ID=1_1678;partial=00;start_type=ATG;rbs_motif=None;rbs_spacer=None;gc_cont=0.428
1:2695758-2696672    -            305 143460at2            -            439    0.0037   15.4   0.2   1   2   0.00034      0.23    9.5   0.0   264   294    53    84    43   109 0.85 1_5852 # 2695758 # 2696672 # 1 # ID=1_5852;partial=00;start_type=TTG;rbs_motif=None;rbs_spacer=None;gc_cont=0.446
1:2695758-2696672    -            305 143460at2            -            439    0.0037   15.4   0.2   2   2     0.017        12    3.9   0.1   297   346   216   274   207   299 0.76 1_5852 # 2695758 # 2696672 # 1 # ID=1_5852;partial=00;start_type=TTG;rbs_motif=None;rbs_spacer=None;gc_cont=0.446
1:2791271-2791717    -            149 143460at2            -            439     0.096   10.8   0.1   1   1   0.00018      0.12   10.5   0.1   105   151     9    55     2    75 0.82 1_6055 # 2791271 # 2791717 # 1 # ID=1_6055;partial=00;start_type=GTG;rbs_motif=AAAAAA;rbs_spacer=13bp;gc_cont=0.416
#
# Program:         hmmsearch
# Version:         3.1b2 (February 2015)
# Pipeline mode:   SEARCH
# Query file:      /data/wgs_assembly/hybrid_genome_assembly_guide/busco_downloads/lineages/bacteria_odb10/hmms/143460at2.hmm
# Target file:     /data/wgs_assembly/hybrid_genome_assembly_guide/06_genome_quality_assessment/busco/long_only/prodigal_output/predicted_genes/predicted.faa
# Option settings: hmmsearch --domtblout /data/wgs_assembly/hybrid_genome_assembly_guide/06_genome_quality_assessment/busco/long_only/run_bacteria_odb10/hmmer_output/143460at2.out --cpu 1 /data/wgs_assembly/hybrid_genome_assembly_guide/busco_downloads/lineages/bacteria_odb10/hmms/143460at2.hmm /data/wgs_assembly/hybrid_genome_assembly_guide/06_genome_quality_assessment/busco/long_only/prodigal_output/predicted_genes/predicted.faa 
# Current dir:     /data/wgs_assembly/hybrid_genome_assembly_guide
# Date:            Sun Dec 28 03:07:39 2025
# [ok]
