#                                                                            --- full sequence --- -------------- this domain -------------   hmm coord   ali coord   env coord
# target name        accession   tlen query name           accession   qlen   E-value  score  bias   #  of  c-Evalue  i-Evalue  score  bias  from    to  from    to  from    to  acc description of target
#------------------- ---------- ----- -------------------- ---------- ----- --------- ------ ----- --- --- --------- --------- ------ ----- ----- ----- ----- ----- ----- ----- ---- ---------------------
1:3381211-3381471    -             87 1502854at2           -            192   1.1e-16   60.4   0.0   1   1   3.5e-19   1.2e-16   60.3   0.0   120   186     5    71     1    76 0.93 1_7378 # 3381211 # 3381471 # -1 # ID=1_7378;partial=00;start_type=ATG;rbs_motif=AAAAAA;rbs_spacer=4bp;gc_cont=0.452
1:880923-881279      -            119 1502854at2           -            192   0.00031   19.8   0.1   1   1   1.2e-06   0.00039   19.5   0.1   106   184     7    85     3    91 0.79 1_1948 # 880923 # 881279 # -1 # ID=1_1948;partial=00;start_type=ATG;rbs_motif=None;rbs_spacer=None;gc_cont=0.356
1:1470121-1470483    -            121 1502854at2           -            192    0.0012   17.9   0.1   1   1   4.5e-06    0.0015   17.5   0.1     5    27    45    67    41    79 0.87 1_3242 # 1470121 # 1470483 # 1 # ID=1_3242;partial=00;start_type=GTG;rbs_motif=None;rbs_spacer=None;gc_cont=0.490
1:1440331-1440588    -             86 1502854at2           -            192    0.0014   17.6   0.1   1   2       1.8     6e+02   -0.7   0.0   101   117     1    17     1    22 0.78 1_3175 # 1440331 # 1440588 # 1 # ID=1_3175;partial=00;start_type=ATG;rbs_motif=AAAAA;rbs_spacer=12bp;gc_cont=0.461
1:1440331-1440588    -             86 1502854at2           -            192    0.0014   17.6   0.1   2   2   9.6e-06    0.0032   16.5   0.0     3    37    22    55    20    79 0.74 1_3175 # 1440331 # 1440588 # 1 # ID=1_3175;partial=00;start_type=ATG;rbs_motif=AAAAA;rbs_spacer=12bp;gc_cont=0.461
1:1197298-1197846    -            183 1502854at2           -            192    0.0019   17.2   0.0   1   1     8e-06    0.0027   16.7   0.0     4    31    31    58    29    93 0.88 1_2667 # 1197298 # 1197846 # 1 # ID=1_2667;partial=00;start_type=GTG;rbs_motif=AATAA;rbs_spacer=9bp;gc_cont=0.426
1:3612390-3613244    -            285 1502854at2           -            192     0.004   16.1   0.0   1   1   2.5e-05    0.0084   15.1   0.0     9    65   125   183   119   212 0.82 1_7881 # 3612390 # 3613244 # -1 # ID=1_7881;partial=00;start_type=ATG;rbs_motif=None;rbs_spacer=None;gc_cont=0.425
2:389505-390326      -            274 1502854at2           -            192    0.0064   15.5   0.1   1   1   3.1e-05      0.01   14.8   0.1     4    26   239   261   237   268 0.87 2_838 # 389505 # 390326 # 1 # ID=2_838;partial=00;start_type=TTG;rbs_motif=None;rbs_spacer=None;gc_cont=0.516
2:306425-307081      -            219 1502854at2           -            192    0.0072   15.3   0.0   1   1   3.3e-05     0.011   14.7   0.0     6    28   100   122    98   133 0.89 2_678 # 306425 # 307081 # -1 # ID=2_678;partial=00;start_type=TTG;rbs_motif=None;rbs_spacer=None;gc_cont=0.464
1:449288-449980      -            231 1502854at2           -            192    0.0074   15.3   0.0   1   1   4.6e-05     0.015   14.2   0.0     4    26    21    43    18    54 0.86 1_1007 # 449288 # 449980 # -1 # ID=1_1007;partial=00;start_type=ATG;rbs_motif=AAAAA;rbs_spacer=6bp;gc_cont=0.511
2:69148-69429        -             94 1502854at2           -            192    0.0084   15.1   0.0   1   1   3.6e-05     0.012   14.6   0.0     4    26    29    51    27    57 0.88 2_150 # 69148 # 69429 # 1 # ID=2_150;partial=00;start_type=ATG;rbs_motif=AAAAA;rbs_spacer=10bp;gc_cont=0.394
3:82014-82511        -            166 1502854at2           -            192     0.009   15.0   0.0   1   1   4.4e-05     0.015   14.3   0.0     5    26    39    60    36    74 0.87 3_177 # 82014 # 82511 # 1 # ID=3_177;partial=00;start_type=ATG;rbs_motif=None;rbs_spacer=None;gc_cont=0.440
1:1796004-1796549    -            182 1502854at2           -            192    0.0092   15.0   0.1   1   1   4.4e-05     0.015   14.3   0.1     5    26    26    47    23    59 0.87 1_3959 # 1796004 # 1796549 # -1 # ID=1_3959;partial=00;start_type=ATG;rbs_motif=AAAAA;rbs_spacer=12bp;gc_cont=0.452
2:701230-701772      -            181 1502854at2           -            192     0.011   14.8   0.1   1   2   0.00087      0.29   10.1   0.0     5    26    24    45    21    53 0.85 2_1496 # 701230 # 701772 # 1 # ID=2_1496;partial=00;start_type=TTG;rbs_motif=AACAA;rbs_spacer=14bp;gc_cont=0.545
2:701230-701772      -            181 1502854at2           -            192     0.011   14.8   0.1   2   2      0.16        52    2.7   0.0   141   186   101   149    81   154 0.81 2_1496 # 701230 # 701772 # 1 # ID=2_1496;partial=00;start_type=TTG;rbs_motif=AACAA;rbs_spacer=14bp;gc_cont=0.545
1:2590693-2591637    -            315 1502854at2           -            192     0.011   14.7   0.3   1   2       9.3   3.1e+03   -3.1   0.0   105   184    26    40    22    55 0.58 1_5627 # 2590693 # 2591637 # -1 # ID=1_5627;partial=00;start_type=ATG;rbs_motif=None;rbs_spacer=None;gc_cont=0.466
1:2590693-2591637    -            315 1502854at2           -            192     0.011   14.7   0.3   2   2   8.3e-05     0.028   13.4   0.1     4    27   198   221   195   229 0.88 1_5627 # 2590693 # 2591637 # -1 # ID=1_5627;partial=00;start_type=ATG;rbs_motif=None;rbs_spacer=None;gc_cont=0.466
2:391545-392384      -            280 1502854at2           -            192     0.012   14.6   0.0   1   1   5.7e-05     0.019   13.9   0.0     4    27   152   175   150   188 0.86 2_842 # 391545 # 392384 # 1 # ID=2_842;partial=00;start_type=TTG;rbs_motif=None;rbs_spacer=None;gc_cont=0.519
1:2790406-2790846    -            147 1502854at2           -            192     0.014   14.3   0.2   1   1   6.7e-05     0.022   13.7   0.2     5    47     1    43     1   118 0.88 1_6053 # 2790406 # 2790846 # 1 # ID=1_6053;partial=00;start_type=ATG;rbs_motif=AAAAAA;rbs_spacer=15bp;gc_cont=0.456
2:767405-767764      -            120 1502854at2           -            192     0.026   13.5   0.1   1   1   0.00013     0.043   12.8   0.1     8    31     3    26     1    33 0.83 2_1656 # 767405 # 767764 # 1 # ID=2_1656;partial=00;start_type=ATG;rbs_motif=None;rbs_spacer=None;gc_cont=0.458
3:172099-172704      -            202 1502854at2           -            192     0.026   13.5   0.0   1   1   0.00013     0.044   12.8   0.0     5    26    30    51    27    60 0.88 3_399 # 172099 # 172704 # 1 # ID=3_399;partial=00;start_type=ATG;rbs_motif=AAAA;rbs_spacer=10bp;gc_cont=0.439
2:977359-977997      -            213 1502854at2           -            192     0.027   13.5   0.0   1   1   0.00012     0.039   12.9   0.0     7    29    56    78    53    93 0.81 2_2101 # 977359 # 977997 # 1 # ID=2_2101;partial=00;start_type=ATG;rbs_motif=None;rbs_spacer=None;gc_cont=0.531
2:327680-328033      -            118 1502854at2           -            192     0.029   13.3   0.0   1   1   0.00012     0.041   12.9   0.0     5    27    30    52    27    63 0.88 2_720 # 327680 # 328033 # -1 # ID=2_720;partial=00;start_type=ATG;rbs_motif=None;rbs_spacer=None;gc_cont=0.480
3:177430-178104      -            225 1502854at2           -            192     0.031   13.3   0.0   1   1   0.00015     0.051   12.6   0.0     5    26    30    51    27    60 0.88 3_409 # 177430 # 178104 # 1 # ID=3_409;partial=00;start_type=ATG;rbs_motif=AATAA;rbs_spacer=3bp;gc_cont=0.456
1:2843743-2844126    -            128 1502854at2           -            192     0.034   13.1   0.1   1   1   0.00016     0.055   12.4   0.1     6    27    94   115    91   120 0.90 1_6177 # 2843743 # 2844126 # 1 # ID=1_6177;partial=00;start_type=ATG;rbs_motif=None;rbs_spacer=None;gc_cont=0.458
3:219855-220232      -            126 1502854at2           -            192     0.037   13.0   0.1   1   1   0.00016     0.053   12.5   0.1     6    29    35    58    32    68 0.87 3_510 # 219855 # 220232 # 1 # ID=3_510;partial=00;start_type=ATG;rbs_motif=AATAA;rbs_spacer=4bp;gc_cont=0.479
1:3156540-3157088    -            183 1502854at2           -            192     0.037   13.0   0.0   1   2   0.00054      0.18   10.8   0.0     9    65    12    71     7    85 0.78 1_6872 # 3156540 # 3157088 # -1 # ID=1_6872;partial=00;start_type=TTG;rbs_motif=None;rbs_spacer=None;gc_cont=0.497
1:3156540-3157088    -            183 1502854at2           -            192     0.037   13.0   0.0   2   2       1.3   4.3e+02   -0.3   0.0     8    31   146   169   139   180 0.82 1_6872 # 3156540 # 3157088 # -1 # ID=1_6872;partial=00;start_type=TTG;rbs_motif=None;rbs_spacer=None;gc_cont=0.497
1:372061-372333      -             91 1502854at2           -            192     0.039   12.9   0.0   1   1   0.00016     0.053   12.5   0.0     4    29    26    51    24    59 0.85 1_842 # 372061 # 372333 # -1 # ID=1_842;partial=00;start_type=ATG;rbs_motif=None;rbs_spacer=None;gc_cont=0.440
2:861610-861834      -             75 1502854at2           -            192      0.04   12.9   0.0   1   1   0.00015     0.049   12.6   0.0     5    34    26    56    23    66 0.78 2_1864 # 861610 # 861834 # -1 # ID=2_1864;partial=00;start_type=GTG;rbs_motif=None;rbs_spacer=None;gc_cont=0.484
1:550697-551293      -            199 1502854at2           -            192     0.046   12.7   0.0   1   1   0.00026     0.088   11.8   0.0     5    25     7    27     4    38 0.88 1_1227 # 550697 # 551293 # -1 # ID=1_1227;partial=00;start_type=GTG;rbs_motif=None;rbs_spacer=None;gc_cont=0.482
1:2019877-2020191    -            105 1502854at2           -            192     0.048   12.6   0.1   1   1   0.00019     0.063   12.2   0.1     5    29    38    62    35    73 0.82 1_4429 # 2019877 # 2020191 # -1 # ID=1_4429;partial=00;start_type=TTG;rbs_motif=None;rbs_spacer=None;gc_cont=0.410
1:114976-115227      -             84 1502854at2           -            192     0.049   12.6   0.0   1   1   0.00017     0.057   12.4   0.0    12    32     1    21     1    48 0.83 1_246 # 114976 # 115227 # 1 # ID=1_246;partial=00;start_type=GTG;rbs_motif=None;rbs_spacer=None;gc_cont=0.496
1:2766970-2767416    -            149 1502854at2           -            192     0.052   12.5   0.0   1   1   0.00022     0.074   12.0   0.0     3    27    77   101    75   108 0.90 1_6013 # 2766970 # 2767416 # -1 # ID=1_6013;partial=00;start_type=ATG;rbs_motif=AAAA;rbs_spacer=11bp;gc_cont=0.477
1:549844-550509      -            222 1502854at2           -            192     0.056   12.4   0.0   1   1   0.00031       0.1   11.5   0.0     5    25    30    50    27    61 0.88 1_1226 # 549844 # 550509 # -1 # ID=1_1226;partial=00;start_type=ATG;rbs_motif=AAAA;rbs_spacer=10bp;gc_cont=0.479
1:871151-871447      -             99 1502854at2           -            192     0.059   12.3   0.1   1   3       8.6   2.9e+03   -3.0   0.0    18    32     9    23     6    28 0.61 1_1925 # 871151 # 871447 # 1 # ID=1_1925;partial=00;start_type=ATG;rbs_motif=AAAA;rbs_spacer=15bp;gc_cont=0.455
1:871151-871447      -             99 1502854at2           -            192     0.059   12.3   0.1   2   3   0.00048      0.16   10.9   0.0     5    31    45    71    42    83 0.76 1_1925 # 871151 # 871447 # 1 # ID=1_1925;partial=00;start_type=ATG;rbs_motif=AAAA;rbs_spacer=15bp;gc_cont=0.455
1:871151-871447      -             99 1502854at2           -            192     0.059   12.3   0.1   3   3       4.8   1.6e+03   -2.1   0.0     7    18    85    96    79    96 0.87 1_1925 # 871151 # 871447 # 1 # ID=1_1925;partial=00;start_type=ATG;rbs_motif=AAAA;rbs_spacer=15bp;gc_cont=0.455
1:130547-130948      -            134 1502854at2           -            192     0.066   12.2   0.4   1   1   0.00034      0.11   11.4   0.1     5    26    34    55    32    62 0.89 1_287 # 130547 # 130948 # 1 # ID=1_287;partial=00;start_type=ATG;rbs_motif=AAAA;rbs_spacer=5bp;gc_cont=0.575
1:878678-879004      -            109 1502854at2           -            192     0.076   12.0   0.4   1   3       1.5     5e+02   -0.5   0.0    77    98    20    38     6    61 0.54 1_1942 # 878678 # 879004 # 1 # ID=1_1942;partial=00;start_type=ATG;rbs_motif=AAAA;rbs_spacer=10bp;gc_cont=0.480
1:878678-879004      -            109 1502854at2           -            192     0.076   12.0   0.4   2   3      0.85   2.8e+02    0.3   0.1   151   185    33    66    20    73 0.59 1_1942 # 878678 # 879004 # 1 # ID=1_1942;partial=00;start_type=ATG;rbs_motif=AAAA;rbs_spacer=10bp;gc_cont=0.480
1:878678-879004      -            109 1502854at2           -            192     0.076   12.0   0.4   3   3    0.0014      0.46    9.4   0.0     9    28    82   101    76   107 0.90 1_1942 # 878678 # 879004 # 1 # ID=1_1942;partial=00;start_type=ATG;rbs_motif=AAAA;rbs_spacer=10bp;gc_cont=0.480
1:1052009-1052341    -            111 1502854at2           -            192     0.076   12.0   0.0   1   1   0.00033      0.11   11.4   0.0     5    28    27    50    24    64 0.88 1_2345 # 1052009 # 1052341 # 1 # ID=1_2345;partial=00;start_type=ATG;rbs_motif=AAAAAA;rbs_spacer=4bp;gc_cont=0.393
1:3432167-3432388    -             74 1502854at2           -            192      0.11   11.4   0.0   1   1   0.00035      0.12   11.4   0.0     6    26    14    34    10    53 0.87 1_7495 # 3432167 # 3432388 # -1 # ID=1_7495;partial=00;start_type=ATG;rbs_motif=AAAA;rbs_spacer=3bp;gc_cont=0.378
#
# Program:         hmmsearch
# Version:         3.1b2 (February 2015)
# Pipeline mode:   SEARCH
# Query file:      /data/wgs_assembly/hybrid_genome_assembly_guide/busco_downloads/lineages/bacteria_odb10/hmms/1502854at2.hmm
# Target file:     /data/wgs_assembly/hybrid_genome_assembly_guide/06_genome_quality_assessment/busco/long_only/prodigal_output/predicted_genes/predicted.faa
# Option settings: hmmsearch --domtblout /data/wgs_assembly/hybrid_genome_assembly_guide/06_genome_quality_assessment/busco/long_only/run_bacteria_odb10/hmmer_output/1502854at2.out --cpu 1 /data/wgs_assembly/hybrid_genome_assembly_guide/busco_downloads/lineages/bacteria_odb10/hmms/1502854at2.hmm /data/wgs_assembly/hybrid_genome_assembly_guide/06_genome_quality_assessment/busco/long_only/prodigal_output/predicted_genes/predicted.faa 
# Current dir:     /data/wgs_assembly/hybrid_genome_assembly_guide
# Date:            Sun Dec 28 03:07:39 2025
# [ok]
