#                                                                            --- full sequence --- -------------- this domain -------------   hmm coord   ali coord   env coord
# target name        accession   tlen query name           accession   qlen   E-value  score  bias   #  of  c-Evalue  i-Evalue  score  bias  from    to  from    to  from    to  acc description of target
#------------------- ---------- ----- -------------------- ---------- ----- --------- ------ ----- --- --- --------- --------- ------ ----- ----- ----- ----- ----- ----- ----- ---- ---------------------
1:1497399-1498208    -            270 1592033at2           -            393  1.1e-116  389.6   0.2   1   1  1.7e-119  1.3e-116  389.3   0.2    80   320     1   254     1   265 0.97 1_3297 # 1497399 # 1498208 # -1 # ID=1_3297;partial=00;start_type=ATG;rbs_motif=None;rbs_spacer=None;gc_cont=0.478
1:2790406-2790846    -            147 1592033at2           -            393   3.2e-15   55.5   0.1   1   1   5.2e-18   3.9e-15   55.2   0.1   197   318     5   125     2   136 0.90 1_6053 # 2790406 # 2790846 # 1 # ID=1_6053;partial=00;start_type=ATG;rbs_motif=AAAAAA;rbs_spacer=15bp;gc_cont=0.456
1:3612390-3613244    -            285 1592033at2           -            393   7.7e-15   54.2   1.2   1   1   1.3e-17   9.9e-15   53.9   1.2   161   345    91   283    82   284 0.82 1_7881 # 3612390 # 3613244 # -1 # ID=1_7881;partial=00;start_type=ATG;rbs_motif=None;rbs_spacer=None;gc_cont=0.425
1:3156540-3157088    -            183 1592033at2           -            393   2.3e-13   49.4   0.0   1   1   7.6e-16   5.7e-13   48.1   0.0   194   351     9   169     5   177 0.83 1_6872 # 3156540 # 3157088 # -1 # ID=1_6872;partial=00;start_type=TTG;rbs_motif=None;rbs_spacer=None;gc_cont=0.497
1:1498241-1498468    -             76 1592033at2           -            393   5.6e-13   48.1   0.2   1   1   8.3e-16   6.3e-13   47.9   0.2     5    71     8    74     4    75 0.94 1_3298 # 1498241 # 1498468 # -1 # ID=1_3298;partial=00;start_type=ATG;rbs_motif=AATAA;rbs_spacer=13bp;gc_cont=0.456
1:938322-938807      -            162 1592033at2           -            393   4.6e-10   38.5   0.0   1   1   1.1e-12   8.4e-10   37.6   0.0   194   321     4   134     1   150 0.82 1_2075 # 938322 # 938807 # -1 # ID=1_2075;partial=00;start_type=TTG;rbs_motif=None;rbs_spacer=None;gc_cont=0.449
1:2252178-2252861    -            228 1592033at2           -            393   4.1e-08   32.1   0.7   1   2   1.7e-10   1.3e-07   30.4   0.0   196   241     4    50     1    59 0.89 1_4930 # 2252178 # 2252861 # -1 # ID=1_4930;partial=00;start_type=ATG;rbs_motif=AAAAA;rbs_spacer=12bp;gc_cont=0.439
1:2252178-2252861    -            228 1592033at2           -            393   4.1e-08   32.1   0.7   2   2      0.92   6.9e+02   -1.6   0.2   170   194   139   163   132   194 0.70 1_4930 # 2252178 # 2252861 # -1 # ID=1_4930;partial=00;start_type=ATG;rbs_motif=AAAAA;rbs_spacer=12bp;gc_cont=0.439
1:2789650-2790186    -            179 1592033at2           -            393   2.2e-05   23.1   0.1   1   1   3.8e-08   2.8e-05   22.7   0.1   271   352    21   108    17   138 0.82 1_6052 # 2789650 # 2790186 # 1 # ID=1_6052;partial=00;start_type=GTG;rbs_motif=None;rbs_spacer=None;gc_cont=0.412
1:2789465-2789656    -             64 1592033at2           -            393    0.0003   19.4   0.0   1   1     4e-07    0.0003   19.4   0.0   196   219     6    29     2    53 0.84 1_6051 # 2789465 # 2789656 # 1 # ID=1_6051;partial=00;start_type=ATG;rbs_motif=AATAA;rbs_spacer=10bp;gc_cont=0.422
1:1497214-1497402    -             63 1592033at2           -            393   0.00076   18.0   0.0   1   1     1e-06   0.00076   18.0   0.0   322   372    12    60     2    62 0.79 1_3296 # 1497214 # 1497402 # -1 # ID=1_3296;partial=00;start_type=TTG;rbs_motif=AAAA;rbs_spacer=11bp;gc_cont=0.423
1:641430-642215      -            262 1592033at2           -            393    0.0012   17.3   0.2   1   2   6.3e-06    0.0047   15.4   0.0   191   223    92   124    58   151 0.79 1_1428 # 641430 # 642215 # -1 # ID=1_1428;partial=00;start_type=GTG;rbs_motif=None;rbs_spacer=None;gc_cont=0.454
1:641430-642215      -            262 1592033at2           -            393    0.0012   17.3   0.2   2   2      0.38   2.8e+02   -0.3   0.2   273   318   174   214   167   225 0.64 1_1428 # 641430 # 642215 # -1 # ID=1_1428;partial=00;start_type=GTG;rbs_motif=None;rbs_spacer=None;gc_cont=0.454
1:2790940-2791116    -             59 1592033at2           -            393    0.0063   15.0   0.0   1   1   8.8e-06    0.0066   14.9   0.0   199   250     1    53     1    57 0.89 1_6054 # 2790940 # 2791116 # 1 # ID=1_6054;partial=00;start_type=GTG;rbs_motif=None;rbs_spacer=None;gc_cont=0.412
1:2023611-2024870    -            420 1592033at2           -            393     0.012   14.1   1.6   1   2       1.2   8.9e+02   -1.9   0.5   312   327    35    50     4   108 0.48 1_4437 # 2023611 # 2024870 # -1 # ID=1_4437;partial=00;start_type=GTG;rbs_motif=AAGAA;rbs_spacer=7bp;gc_cont=0.453
1:2023611-2024870    -            420 1592033at2           -            393     0.012   14.1   1.6   2   2   2.8e-05     0.021   13.3   0.0   191   347   135   297   111   326 0.78 1_4437 # 2023611 # 2024870 # -1 # ID=1_4437;partial=00;start_type=GTG;rbs_motif=AAGAA;rbs_spacer=7bp;gc_cont=0.453
2:242016-242603      -            196 1592033at2           -            393     0.039   12.4   0.0   1   1   6.8e-05     0.051   12.0   0.0   279   360    74   163    66   176 0.78 2_532 # 242016 # 242603 # -1 # ID=2_532;partial=00;start_type=TTG;rbs_motif=None;rbs_spacer=None;gc_cont=0.452
2:701230-701772      -            181 1592033at2           -            393     0.039   12.4   0.0   1   1     8e-05      0.06   11.8   0.0   195   215    26    46    20    87 0.81 2_1496 # 701230 # 701772 # 1 # ID=2_1496;partial=00;start_type=TTG;rbs_motif=AACAA;rbs_spacer=14bp;gc_cont=0.545
1:2515306-2515542    -             79 1592033at2           -            393     0.087   11.2   0.0   1   1   0.00013       0.1   11.0   0.0   259   291    13    44    11    66 0.84 1_5459 # 2515306 # 2515542 # 1 # ID=1_5459;partial=00;start_type=GTG;rbs_motif=AAAA;rbs_spacer=13bp;gc_cont=0.439
#
# Program:         hmmsearch
# Version:         3.1b2 (February 2015)
# Pipeline mode:   SEARCH
# Query file:      /data/wgs_assembly/hybrid_genome_assembly_guide/busco_downloads/lineages/bacteria_odb10/hmms/1592033at2.hmm
# Target file:     /data/wgs_assembly/hybrid_genome_assembly_guide/06_genome_quality_assessment/busco/long_only/prodigal_output/predicted_genes/predicted.faa
# Option settings: hmmsearch --domtblout /data/wgs_assembly/hybrid_genome_assembly_guide/06_genome_quality_assessment/busco/long_only/run_bacteria_odb10/hmmer_output/1592033at2.out --cpu 1 /data/wgs_assembly/hybrid_genome_assembly_guide/busco_downloads/lineages/bacteria_odb10/hmms/1592033at2.hmm /data/wgs_assembly/hybrid_genome_assembly_guide/06_genome_quality_assessment/busco/long_only/prodigal_output/predicted_genes/predicted.faa 
# Current dir:     /data/wgs_assembly/hybrid_genome_assembly_guide
# Date:            Sun Dec 28 03:07:39 2025
# [ok]
