#                                                                            --- full sequence --- -------------- this domain -------------   hmm coord   ali coord   env coord
# target name        accession   tlen query name           accession   qlen   E-value  score  bias   #  of  c-Evalue  i-Evalue  score  bias  from    to  from    to  from    to  acc description of target
#------------------- ---------- ----- -------------------- ---------- ----- --------- ------ ----- --- --- --------- --------- ------ ----- ----- ----- ----- ----- ----- ----- ---- ---------------------
2:240907-241647      -            247 182107at2            -            492   1.4e-71  240.7   4.1   1   1   7.4e-73   5.2e-70  235.6   4.1   289   472     1   229     1   237 0.89 2_529 # 240907 # 241647 # -1 # ID=2_529;partial=00;start_type=ATG;rbs_motif=None;rbs_spacer=None;gc_cont=0.447
2:242016-242603      -            196 182107at2            -            492   2.3e-70  236.8   0.1   1   1   3.9e-73   2.8e-70  236.5   0.1    21   192    10   194     5   195 0.91 2_532 # 242016 # 242603 # -1 # ID=2_532;partial=00;start_type=TTG;rbs_motif=None;rbs_spacer=None;gc_cont=0.452
1:1685942-1686871    -            310 182107at2            -            492   6.4e-26   90.2   0.6   1   2   8.5e-26     6e-23   80.4   0.3     1   129    19   165    19   179 0.82 1_3704 # 1685942 # 1686871 # 1 # ID=1_3704;partial=00;start_type=GTG;rbs_motif=None;rbs_spacer=None;gc_cont=0.398
1:1685942-1686871    -            310 182107at2            -            492   6.4e-26   90.2   0.6   2   2   0.00098      0.69    7.6   0.0   131   199   232   303   196   308 0.82 1_3704 # 1685942 # 1686871 # 1 # ID=1_3704;partial=00;start_type=GTG;rbs_motif=None;rbs_spacer=None;gc_cont=0.398
1:2694553-2695224    -            224 182107at2            -            492   2.8e-24   84.8   0.0   1   1   7.6e-27   5.4e-24   83.8   0.0     2   132    10   162     9   185 0.83 1_5850 # 2694553 # 2695224 # 1 # ID=1_5850;partial=00;start_type=ATG;rbs_motif=AAAAAA;rbs_spacer=4bp;gc_cont=0.458
1:2023611-2024870    -            420 182107at2            -            492   1.3e-22   79.3   0.5   1   1   3.3e-25   2.3e-22   78.5   0.5     5   194   142   345   140   359 0.82 1_4437 # 2023611 # 2024870 # -1 # ID=1_4437;partial=00;start_type=GTG;rbs_motif=AAGAA;rbs_spacer=7bp;gc_cont=0.453
1:2431710-2431979    -             90 182107at2            -            492   1.9e-16   59.0   0.0   1   1   2.9e-19     2e-16   58.9   0.0    30    89     1    64     1    79 0.89 1_5311 # 2431710 # 2431979 # -1 # ID=1_5311;partial=00;start_type=ATG;rbs_motif=None;rbs_spacer=None;gc_cont=0.396
2:241616-241885      -             90 182107at2            -            492   2.8e-16   58.4   0.0   1   1   4.4e-19   3.1e-16   58.2   0.0   224   275     4    67     1    77 0.78 2_530 # 241616 # 241885 # -1 # ID=2_530;partial=00;start_type=GTG;rbs_motif=None;rbs_spacer=None;gc_cont=0.496
1:755770-756033      -             88 182107at2            -            492   5.3e-14   50.9   0.0   1   1   9.2e-17   6.5e-14   50.6   0.0    46   113     6    73     4    77 0.96 1_1677 # 755770 # 756033 # -1 # ID=1_1677;partial=00;start_type=ATG;rbs_motif=None;rbs_spacer=None;gc_cont=0.485
1:2454581-2455096    -            172 182107at2            -            492   1.5e-13   49.4   0.0   1   1   9.7e-16   6.8e-13   47.2   0.0    72   200     2   152     1   166 0.78 1_5354 # 2454581 # 2455096 # 1 # ID=1_5354;partial=00;start_type=ATG;rbs_motif=None;rbs_spacer=None;gc_cont=0.467
1:2454313-2454516    -             68 182107at2            -            492   1.4e-11   42.9   0.2   1   1   2.8e-14   1.9e-11   42.4   0.2     1    50     4    64     4    66 0.76 1_5353 # 2454313 # 2454516 # 1 # ID=1_5353;partial=00;start_type=ATG;rbs_motif=AATAA;rbs_spacer=10bp;gc_cont=0.397
1:370206-370775      -            190 182107at2            -            492   6.5e-10   37.4   0.2   1   2      0.18   1.3e+02    0.2   0.0     9    23    27    41    23    59 0.71 1_837 # 370206 # 370775 # -1 # ID=1_837;partial=00;start_type=ATG;rbs_motif=None;rbs_spacer=None;gc_cont=0.449
1:370206-370775      -            190 182107at2            -            492   6.5e-10   37.4   0.2   2   2   4.4e-12   3.1e-09   35.1   0.0    26   126    73   178    64   187 0.82 1_837 # 370206 # 370775 # -1 # ID=1_837;partial=00;start_type=ATG;rbs_motif=None;rbs_spacer=None;gc_cont=0.449
1:2695758-2696672    -            305 182107at2            -            492   2.4e-09   35.5   0.0   1   2   8.2e-10   5.8e-07   27.7   0.0   239   326    14    99     6   104 0.84 1_5852 # 2695758 # 2696672 # 1 # ID=1_5852;partial=00;start_type=TTG;rbs_motif=None;rbs_spacer=None;gc_cont=0.446
1:2695758-2696672    -            305 182107at2            -            492   2.4e-09   35.5   0.0   2   2     0.004       2.8    5.6   0.0   322   351   206   235   192   241 0.89 1_5852 # 2695758 # 2696672 # 1 # ID=1_5852;partial=00;start_type=TTG;rbs_motif=None;rbs_spacer=None;gc_cont=0.446
1:3189007-3189726    -            240 182107at2            -            492   1.3e-06   26.5   0.0   1   1   2.2e-09   1.6e-06   26.2   0.0    26   132    48   158    10   182 0.85 1_6942 # 3189007 # 3189726 # 1 # ID=1_6942;partial=00;start_type=ATG;rbs_motif=None;rbs_spacer=None;gc_cont=0.457
1:2455093-2455908    -            272 182107at2            -            492   1.9e-05   22.7   0.0   1   1   3.6e-08   2.5e-05   22.3   0.0   284   353    99   165    58   184 0.85 1_5355 # 2455093 # 2455908 # 1 # ID=1_5355;partial=00;start_type=GTG;rbs_motif=None;rbs_spacer=None;gc_cont=0.441
1:2789650-2790186    -            179 182107at2            -            492    0.0017   16.3   0.1   1   1   3.2e-06    0.0023   15.8   0.1    97   157    47   108    14   114 0.82 1_6052 # 2789650 # 2790186 # 1 # ID=1_6052;partial=00;start_type=GTG;rbs_motif=None;rbs_spacer=None;gc_cont=0.412
1:2677634-2677951    -            106 182107at2            -            492     0.023   12.5   0.1   1   1   3.8e-05     0.027   12.3   0.1    70   129     6    68     2    76 0.81 1_5821 # 2677634 # 2677951 # 1 # ID=1_5821;partial=00;start_type=ATG;rbs_motif=None;rbs_spacer=None;gc_cont=0.447
1:756110-756247      -             46 182107at2            -            492     0.036   11.9   0.0   1   1   5.3e-05     0.038   11.8   0.0     2    22    11    31    10    41 0.90 1_1678 # 756110 # 756247 # -1 # ID=1_1678;partial=00;start_type=ATG;rbs_motif=None;rbs_spacer=None;gc_cont=0.428
#
# Program:         hmmsearch
# Version:         3.1b2 (February 2015)
# Pipeline mode:   SEARCH
# Query file:      /data/wgs_assembly/hybrid_genome_assembly_guide/busco_downloads/lineages/bacteria_odb10/hmms/182107at2.hmm
# Target file:     /data/wgs_assembly/hybrid_genome_assembly_guide/06_genome_quality_assessment/busco/long_only/prodigal_output/predicted_genes/predicted.faa
# Option settings: hmmsearch --domtblout /data/wgs_assembly/hybrid_genome_assembly_guide/06_genome_quality_assessment/busco/long_only/run_bacteria_odb10/hmmer_output/182107at2.out --cpu 1 /data/wgs_assembly/hybrid_genome_assembly_guide/busco_downloads/lineages/bacteria_odb10/hmms/182107at2.hmm /data/wgs_assembly/hybrid_genome_assembly_guide/06_genome_quality_assessment/busco/long_only/prodigal_output/predicted_genes/predicted.faa 
# Current dir:     /data/wgs_assembly/hybrid_genome_assembly_guide
# Date:            Sun Dec 28 03:07:40 2025
# [ok]
