#                                                                            --- full sequence --- -------------- this domain -------------   hmm coord   ali coord   env coord
# target name        accession   tlen query name           accession   qlen   E-value  score  bias   #  of  c-Evalue  i-Evalue  score  bias  from    to  from    to  from    to  acc description of target
#------------------- ---------- ----- -------------------- ---------- ----- --------- ------ ----- --- --- --------- --------- ------ ----- ----- ----- ----- ----- ----- ----- ---- ---------------------
1:1676985-1678085    -            367 223233at2            -            494   1.1e-32  113.0   0.6   1   2   7.5e-33   4.3e-30  104.4   0.4    84   248    75   273    56   277 0.92 1_3687 # 1676985 # 1678085 # 1 # ID=1_3687;partial=00;start_type=GTG;rbs_motif=None;rbs_spacer=None;gc_cont=0.562
1:1676985-1678085    -            367 223233at2            -            494   1.1e-32  113.0   0.6   2   2      0.98   5.6e+02   -1.5   0.0   267   294   325   352   317   362 0.78 1_3687 # 1676985 # 1678085 # 1 # ID=1_3687;partial=00;start_type=GTG;rbs_motif=None;rbs_spacer=None;gc_cont=0.562
1:2504345-2504815    -            157 223233at2            -            494   1.2e-23   83.2   2.3   1   1   8.7e-25     5e-22   77.8   2.3   227   323     3   136     1   148 0.73 1_5440 # 2504345 # 2504815 # -1 # ID=1_5440;partial=00;start_type=ATG;rbs_motif=None;rbs_spacer=None;gc_cont=0.488
1:2444312-2444812    -            167 223233at2            -            494   1.8e-20   72.7   0.0   1   1   3.5e-23     2e-20   72.5   0.0    47   189     4   157     1   163 0.85 1_5333 # 2444312 # 2444812 # -1 # ID=1_5333;partial=00;start_type=GTG;rbs_motif=None;rbs_spacer=None;gc_cont=0.595
1:2503761-2504294    -            178 223233at2            -            494   1.5e-19   69.6   0.3   1   2   2.1e-13   1.2e-10   40.2   0.1   346   374     2    30     1    51 0.95 1_5439 # 2503761 # 2504294 # -1 # ID=1_5439;partial=00;start_type=GTG;rbs_motif=None;rbs_spacer=None;gc_cont=0.464
1:2503761-2504294    -            178 223233at2            -            494   1.5e-19   69.6   0.3   2   2   1.2e-09   6.7e-07   27.9   0.0   381   442    80   146    72   174 0.69 1_5439 # 2503761 # 2504294 # -1 # ID=1_5439;partial=00;start_type=GTG;rbs_motif=None;rbs_spacer=None;gc_cont=0.464
1:2973239-2974024    -            262 223233at2            -            494   1.5e-18   66.3   0.0   1   2   1.4e-17   8.2e-15   54.0   0.0   179   248    22    92     3   109 0.88 1_6452 # 2973239 # 2974024 # 1 # ID=1_6452;partial=00;start_type=TTG;rbs_motif=None;rbs_spacer=None;gc_cont=0.628
1:2973239-2974024    -            262 223233at2            -            494   1.5e-18   66.3   0.0   2   2   0.00022      0.13   10.5   0.0   265   317   144   203   124   221 0.79 1_6452 # 2973239 # 2974024 # 1 # ID=1_6452;partial=00;start_type=TTG;rbs_motif=None;rbs_spacer=None;gc_cont=0.628
1:2443981-2444307    -            109 223233at2            -            494   4.4e-18   64.8   0.5   1   1   8.6e-21   4.9e-18   64.6   0.5   178   247     6    76     1    83 0.91 1_5332 # 2443981 # 2444307 # -1 # ID=1_5332;partial=00;start_type=GTG;rbs_motif=None;rbs_spacer=None;gc_cont=0.587
3:240788-241270      -            161 223233at2            -            494   4.6e-17   61.4   0.2   1   2   3.7e-19   2.1e-16   59.2   0.2   179   248     6    76     1    81 0.92 3_561 # 240788 # 241270 # 1 # ID=3_561;partial=00;start_type=ATG;rbs_motif=AAAAAA;rbs_spacer=4bp;gc_cont=0.445
3:240788-241270      -            161 223233at2            -            494   4.6e-17   61.4   0.2   2   2      0.33   1.9e+02    0.0   0.0   264   288   127   151    96   154 0.87 3_561 # 240788 # 241270 # 1 # ID=3_561;partial=00;start_type=ATG;rbs_motif=AAAAAA;rbs_spacer=4bp;gc_cont=0.445
1:692008-692490      -            161 223233at2            -            494   4.8e-17   61.3   0.0   1   2   3.2e-19   1.8e-16   59.4   0.1   180   248     2    70     1    75 0.95 1_1530 # 692008 # 692490 # -1 # ID=1_1530;partial=00;start_type=GTG;rbs_motif=None;rbs_spacer=None;gc_cont=0.555
1:692008-692490      -            161 223233at2            -            494   4.8e-17   61.3   0.0   2   2      0.49   2.8e+02   -0.6   0.0   265   295   122   152   100   157 0.86 1_1530 # 692008 # 692490 # -1 # ID=1_1530;partial=00;start_type=GTG;rbs_motif=None;rbs_spacer=None;gc_cont=0.555
1:2504943-2505200    -             86 223233at2            -            494   1.5e-15   56.4   0.3   1   1   2.7e-18   1.5e-15   56.4   0.3   129   181     1    56     1    77 0.79 1_5441 # 2504943 # 2505200 # -1 # ID=1_5441;partial=00;start_type=GTG;rbs_motif=None;rbs_spacer=None;gc_cont=0.519
1:2972796-2973191    -            132 223233at2            -            494   2.1e-15   55.9   0.0   1   1   4.1e-18   2.4e-15   55.8   0.0    49   163     2   127     1   130 0.88 1_6451 # 2972796 # 2973191 # 1 # ID=1_6451;partial=00;start_type=TTG;rbs_motif=None;rbs_spacer=None;gc_cont=0.583
1:692483-693268      -            262 223233at2            -            494     2e-14   52.7   0.0   1   1   5.6e-17   3.2e-14   52.0   0.0    17   157    33   211    31   219 0.85 1_1531 # 692483 # 693268 # -1 # ID=1_1531;partial=00;start_type=ATG;rbs_motif=AAAAA;rbs_spacer=12bp;gc_cont=0.564
3:240474-240806      -            111 223233at2            -            494   4.3e-14   51.6   0.0   1   1   8.3e-17   4.8e-14   51.5   0.0   104   187     6    95     1   101 0.80 3_560 # 240474 # 240806 # 1 # ID=3_560;partial=00;start_type=TTG;rbs_motif=None;rbs_spacer=None;gc_cont=0.492
1:691169-692065      -            299 223233at2            -            494   4.4e-13   48.3   0.1   1   1   2.9e-13   1.6e-10   39.8   0.1   295   420    17   180    13   263 0.61 1_1529 # 691169 # 692065 # -1 # ID=1_1529;partial=00;start_type=GTG;rbs_motif=None;rbs_spacer=None;gc_cont=0.563
1:3252201-3252671    -            157 223233at2            -            494   2.1e-12   46.1   0.0   1   1   4.4e-15   2.5e-12   45.8   0.0   106   171    39   108    31   124 0.89 1_7068 # 3252201 # 3252671 # 1 # ID=1_7068;partial=00;start_type=GTG;rbs_motif=None;rbs_spacer=None;gc_cont=0.467
1:2973973-2974509    -            179 223233at2            -            494   4.5e-11   41.7   0.0   1   1   8.8e-14     5e-11   41.5   0.0   343   446    12   139     6   174 0.67 1_6453 # 2973973 # 2974509 # 1 # ID=1_6453;partial=00;start_type=ATG;rbs_motif=None;rbs_spacer=None;gc_cont=0.600
1:3253239-3253487    -             83 223233at2            -            494   1.2e-09   37.0   0.0   1   2   4.1e-06    0.0023   16.2   0.0   322   352    21    51     7    52 0.87 1_7071 # 3253239 # 3253487 # 1 # ID=1_7071;partial=00;start_type=ATG;rbs_motif=None;rbs_spacer=None;gc_cont=0.454
1:3253239-3253487    -             83 223233at2            -            494   1.2e-09   37.0   0.0   2   2     5e-07   0.00029   19.2   0.0   344   366    59    81    55    82 0.89 1_7071 # 3253239 # 3253487 # 1 # ID=1_7071;partial=00;start_type=ATG;rbs_motif=None;rbs_spacer=None;gc_cont=0.454
1:3252694-3252882    -             63 223233at2            -            494   2.9e-09   35.7   0.0   1   1   5.9e-12   3.4e-09   35.5   0.0   180   233     2    55     1    57 0.97 1_7069 # 3252694 # 3252882 # 1 # ID=1_7069;partial=00;start_type=GTG;rbs_motif=AAAA;rbs_spacer=10bp;gc_cont=0.434
3:241472-241648      -             59 223233at2            -            494   1.1e-05   23.9   0.0   1   1   2.2e-08   1.3e-05   23.7   0.0   347   375    16    44    14    52 0.90 3_563 # 241472 # 241648 # 1 # ID=3_563;partial=00;start_type=ATG;rbs_motif=None;rbs_spacer=None;gc_cont=0.514
1:2443712-2444032    -            107 223233at2            -            494     0.028   12.6   0.0   1   1   5.2e-05      0.03   12.6   0.0   266   317    36    94    10    99 0.82 1_5331 # 2443712 # 2444032 # -1 # ID=1_5331;partial=00;start_type=GTG;rbs_motif=None;rbs_spacer=None;gc_cont=0.611
3:241260-241523      -             88 223233at2            -            494     0.032   12.5   0.0   1   1     7e-05      0.04   12.1   0.0   294   344     7    68     3    71 0.72 3_562 # 241260 # 241523 # 1 # ID=3_562;partial=00;start_type=TTG;rbs_motif=None;rbs_spacer=None;gc_cont=0.458
1:1678387-1679514    -            376 223233at2            -            494     0.057   11.6   0.0   1   1   0.00015     0.087   11.0   0.0   382   463    14   111     5   158 0.67 1_3689 # 1678387 # 1679514 # 1 # ID=1_3689;partial=00;start_type=TTG;rbs_motif=AAGAA;rbs_spacer=5bp;gc_cont=0.527
#
# Program:         hmmsearch
# Version:         3.1b2 (February 2015)
# Pipeline mode:   SEARCH
# Query file:      /data/wgs_assembly/hybrid_genome_assembly_guide/busco_downloads/lineages/bacteria_odb10/hmms/223233at2.hmm
# Target file:     /data/wgs_assembly/hybrid_genome_assembly_guide/06_genome_quality_assessment/busco/long_only/prodigal_output/predicted_genes/predicted.faa
# Option settings: hmmsearch --domtblout /data/wgs_assembly/hybrid_genome_assembly_guide/06_genome_quality_assessment/busco/long_only/run_bacteria_odb10/hmmer_output/223233at2.out --cpu 1 /data/wgs_assembly/hybrid_genome_assembly_guide/busco_downloads/lineages/bacteria_odb10/hmms/223233at2.hmm /data/wgs_assembly/hybrid_genome_assembly_guide/06_genome_quality_assessment/busco/long_only/prodigal_output/predicted_genes/predicted.faa 
# Current dir:     /data/wgs_assembly/hybrid_genome_assembly_guide
# Date:            Sun Dec 28 03:07:41 2025
# [ok]
