#                                                                            --- full sequence --- -------------- this domain -------------   hmm coord   ali coord   env coord
# target name        accession   tlen query name           accession   qlen   E-value  score  bias   #  of  c-Evalue  i-Evalue  score  bias  from    to  from    to  from    to  acc description of target
#------------------- ---------- ----- -------------------- ---------- ----- --------- ------ ----- --- --- --------- --------- ------ ----- ----- ----- ----- ----- ----- ----- ---- ---------------------
2:75341-75652        -            104 226836at2            -            473   3.1e-57  193.2   0.5   1   1   2.6e-60   3.5e-57  193.0   0.5   129   225     1   100     1   102 0.95 2_164 # 75341 # 75652 # 1 # ID=2_164;partial=00;start_type=TTG;rbs_motif=None;rbs_spacer=None;gc_cont=0.452
2:76191-76529        -            113 226836at2            -            473   3.9e-38  130.3   0.0   1   1   3.3e-41   4.4e-38  130.1   0.0   350   439     2   101     1   108 0.90 2_167 # 76191 # 76529 # 1 # ID=2_167;partial=00;start_type=ATG;rbs_motif=AAGAA;rbs_spacer=9bp;gc_cont=0.472
2:74862-75350        -            163 226836at2            -            473   2.6e-32  111.0   2.1   1   1   4.2e-35   5.6e-32  109.9   2.1     1   122     3   148     3   158 0.83 2_163 # 74862 # 75350 # 1 # ID=2_163;partial=00;start_type=ATG;rbs_motif=AAAAA;rbs_spacer=13bp;gc_cont=0.419
2:75612-76028        -            139 226836at2            -            473     3e-13   48.2   0.0   1   1   3.2e-16   4.3e-13   47.7   0.0   222   295    14   106     6   136 0.69 2_165 # 75612 # 76028 # 1 # ID=2_165;partial=00;start_type=TTG;rbs_motif=None;rbs_spacer=None;gc_cont=0.405
1:3233511-3233816    -            102 226836at2            -            473   4.7e-12   44.2   0.0   1   1   3.5e-15   4.7e-12   44.2   0.0   409   452    43    86     1    96 0.73 1_7031 # 3233511 # 3233816 # -1 # ID=1_7031;partial=00;start_type=ATG;rbs_motif=None;rbs_spacer=None;gc_cont=0.454
1:2876868-2877818    -            317 226836at2            -            473   5.5e-11   40.7   0.0   1   3     0.013        17    2.8   0.0   180   224    19    67     7    75 0.78 1_6246 # 2876868 # 2877818 # 1 # ID=1_6246;partial=00;start_type=TTG;rbs_motif=None;rbs_spacer=None;gc_cont=0.428
1:2876868-2877818    -            317 226836at2            -            473   5.5e-11   40.7   0.0   2   3      0.94   1.3e+03   -3.3   0.0   220   238    93   111    87   113 0.83 1_6246 # 2876868 # 2877818 # 1 # ID=1_6246;partial=00;start_type=TTG;rbs_motif=None;rbs_spacer=None;gc_cont=0.428
1:2876868-2877818    -            317 226836at2            -            473   5.5e-11   40.7   0.0   3   3   1.8e-12   2.4e-09   35.3   0.0   355   456   162   261   138   265 0.78 1_6246 # 2876868 # 2877818 # 1 # ID=1_6246;partial=00;start_type=TTG;rbs_motif=None;rbs_spacer=None;gc_cont=0.428
1:3233834-3234760    -            309 226836at2            -            473     2e-10   38.9   0.1   1   1   1.9e-13   2.6e-10   38.5   0.1    98   223    65   202    57   259 0.82 1_7032 # 3233834 # 3234760 # -1 # ID=1_7032;partial=00;start_type=ATG;rbs_motif=None;rbs_spacer=None;gc_cont=0.446
1:2876188-2876751    -            188 226836at2            -            473   3.4e-07   28.2   0.2   1   1     3e-10     4e-07   28.0   0.2    12    88    40   122    30   153 0.81 1_6245 # 2876188 # 2876751 # 1 # ID=1_6245;partial=00;start_type=TTG;rbs_motif=None;rbs_spacer=None;gc_cont=0.418
2:76469-76621        -             51 226836at2            -            473     0.012   13.3   0.0   1   1   8.8e-06     0.012   13.3   0.0   436   473     5    42     1    42 0.90 2_168 # 76469 # 76621 # 1 # ID=2_168;partial=00;start_type=TTG;rbs_motif=None;rbs_spacer=None;gc_cont=0.431
#
# Program:         hmmsearch
# Version:         3.1b2 (February 2015)
# Pipeline mode:   SEARCH
# Query file:      /data/wgs_assembly/hybrid_genome_assembly_guide/busco_downloads/lineages/bacteria_odb10/hmms/226836at2.hmm
# Target file:     /data/wgs_assembly/hybrid_genome_assembly_guide/06_genome_quality_assessment/busco/long_only/prodigal_output/predicted_genes/predicted.faa
# Option settings: hmmsearch --domtblout /data/wgs_assembly/hybrid_genome_assembly_guide/06_genome_quality_assessment/busco/long_only/run_bacteria_odb10/hmmer_output/226836at2.out --cpu 1 /data/wgs_assembly/hybrid_genome_assembly_guide/busco_downloads/lineages/bacteria_odb10/hmms/226836at2.hmm /data/wgs_assembly/hybrid_genome_assembly_guide/06_genome_quality_assessment/busco/long_only/prodigal_output/predicted_genes/predicted.faa 
# Current dir:     /data/wgs_assembly/hybrid_genome_assembly_guide
# Date:            Sun Dec 28 03:07:41 2025
# [ok]
