#                                                                            --- full sequence --- -------------- this domain -------------   hmm coord   ali coord   env coord
# target name        accession   tlen query name           accession   qlen   E-value  score  bias   #  of  c-Evalue  i-Evalue  score  bias  from    to  from    to  from    to  acc description of target
#------------------- ---------- ----- -------------------- ---------- ----- --------- ------ ----- --- --- --------- --------- ------ ----- ----- ----- ----- ----- ----- ----- ---- ---------------------
12:39075-40163       -            363 1054741at2           -            333  1.4e-101  337.8   0.0   1   1  3.3e-104  1.7e-101  337.6   0.0     3   331     5   348     3   350 0.91 12_31 # 39075 # 40163 # -1 # ID=12_31;partial=00;start_type=ATG;rbs_motif=TAAAAA;rbs_spacer=10bp;gc_cont=0.504
4:204036-205127      -            364 1054741at2           -            333   5.2e-92  306.4   0.0   1   1   2.2e-94   1.1e-91  305.3   0.0     2   330     3   359     2   362 0.87 4_175 # 204036 # 205127 # 1 # ID=4_175;partial=00;start_type=ATG;rbs_motif=TAA;rbs_spacer=12bp;gc_cont=0.429
1:47323-48384        -            354 1054741at2           -            333   8.3e-88  292.6   0.0   1   1   1.9e-90   9.6e-88  292.4   0.0     6   328     3   352     1   353 0.88 1_54 # 47323 # 48384 # 1 # ID=1_54;partial=00;start_type=ATG;rbs_motif=TAA;rbs_spacer=3bp;gc_cont=0.455
17:49048-50253       -            402 1054741at2           -            333   5.9e-09   33.4   0.2   1   1   1.8e-11     9e-09   32.7   0.2     2   123     3   120     2   122 0.80 17_39 # 49048 # 50253 # 1 # ID=17_39;partial=00;start_type=ATG;rbs_motif=TAAAAA;rbs_spacer=10bp;gc_cont=0.459
5:7990-9513          -            508 1054741at2           -            333   8.7e-07   26.2   0.1   1   1   2.9e-09   1.5e-06   25.5   0.1     4    38   214   249   212   281 0.80 5_9 # 7990 # 9513 # 1 # ID=5_9;partial=00;start_type=ATG;rbs_motif=TAA;rbs_spacer=11bp;gc_cont=0.469
1:62158-63453        -            432 1054741at2           -            333   5.2e-06   23.7   0.0   1   1   2.1e-08   1.1e-05   22.6   0.0     4    72    20    84    18    92 0.90 1_63 # 62158 # 63453 # -1 # ID=1_63;partial=00;start_type=ATG;rbs_motif=None;rbs_spacer=None;gc_cont=0.447
14:35359-36108       -            250 1054741at2           -            333   0.00011   19.4   0.2   1   1   4.4e-06    0.0022   15.0   0.2     4   126    32   141    29   151 0.78 14_42 # 35359 # 36108 # -1 # ID=14_42;partial=00;start_type=ATG;rbs_motif=TAAAA;rbs_spacer=5bp;gc_cont=0.419
9:50476-52146        -            557 1054741at2           -            333    0.0064   13.5   0.0   1   1   2.4e-05     0.012   12.6   0.0     8    72   234   303   231   355 0.84 9_39 # 50476 # 52146 # 1 # ID=9_39;partial=00;start_type=ATG;rbs_motif=TAAA;rbs_spacer=12bp;gc_cont=0.518
1:109995-110654      -            220 1054741at2           -            333    0.0068   13.4   0.0   1   1     2e-05      0.01   12.9   0.0     3    71     3    64     1    66 0.89 1_108 # 109995 # 110654 # 1 # ID=1_108;partial=00;start_type=ATG;rbs_motif=AATAA;rbs_spacer=3bp;gc_cont=0.497
#
# Program:         hmmsearch
# Version:         3.1b2 (February 2015)
# Pipeline mode:   SEARCH
# Query file:      /data/wgs_assembly/hybrid_genome_assembly_guide/busco_downloads/lineages/bacteria_odb10/hmms/1054741at2.hmm
# Target file:     data/wgs_assembly/hybrid_genome_assembly_guide/06_genome_quality_assessment/busco/short_only/prodigal_output/predicted_genes/predicted.faa
# Option settings: hmmsearch --domtblout data/wgs_assembly/hybrid_genome_assembly_guide/06_genome_quality_assessment/busco/short_only/run_bacteria_odb10/hmmer_output/1054741at2.out --cpu 1 /data/wgs_assembly/hybrid_genome_assembly_guide/busco_downloads/lineages/bacteria_odb10/hmms/1054741at2.hmm data/wgs_assembly/hybrid_genome_assembly_guide/06_genome_quality_assessment/busco/short_only/prodigal_output/predicted_genes/predicted.faa 
# Current dir:     /data/wgs_assembly/hybrid_genome_assembly_guide
# Date:            Sun Dec 28 03:00:03 2025
# [ok]
