#                                                                            --- full sequence --- -------------- this domain -------------   hmm coord   ali coord   env coord
# target name        accession   tlen query name           accession   qlen   E-value  score  bias   #  of  c-Evalue  i-Evalue  score  bias  from    to  from    to  from    to  acc description of target
#------------------- ---------- ----- -------------------- ---------- ----- --------- ------ ----- --- --- --------- --------- ------ ----- ----- ----- ----- ----- ----- ----- ---- ---------------------
23:4466-5719         -            418 1592033at2           -            393  1.1e-141  470.4   6.6   1   1  2.8e-143  1.3e-140  467.0   6.6     5   371     8   414     4   417 0.94 23_3 # 4466 # 5719 # 1 # ID=23_3;partial=00;start_type=ATG;rbs_motif=TAA;rbs_spacer=13bp;gc_cont=0.468
12:135307-136620     -            438 1592033at2           -            393   1.8e-24   84.6   0.1   1   2   8.1e-20   3.7e-17   60.5   0.0   197   355     5   168     2   173 0.88 12_114 # 135307 # 136620 # -1 # ID=12_114;partial=00;start_type=ATG;rbs_motif=TAAA;rbs_spacer=11bp;gc_cont=0.432
12:135307-136620     -            438 1592033at2           -            393   1.8e-24   84.6   0.1   2   2   4.7e-08   2.1e-05   21.7   0.1   192   322   173   308   171   364 0.75 12_114 # 135307 # 136620 # -1 # ID=12_114;partial=00;start_type=ATG;rbs_motif=TAAA;rbs_spacer=11bp;gc_cont=0.432
14:43470-44867       -            466 1592033at2           -            393   2.4e-15   54.5   2.9   1   1   7.4e-18   3.4e-15   54.0   2.9   161   352   189   388   181   421 0.79 14_51 # 43470 # 44867 # 1 # ID=14_51;partial=00;start_type=ATG;rbs_motif=AAAA;rbs_spacer=11bp;gc_cont=0.431
7:83504-84688        -            395 1592033at2           -            393   4.3e-13   47.1   0.0   1   1   2.3e-15   1.1e-12   45.8   0.0   194   352     9   170     5   184 0.84 7_75 # 83504 # 84688 # -1 # ID=7_75;partial=00;start_type=TTG;rbs_motif=None;rbs_spacer=None;gc_cont=0.489
5:178763-179980      -            406 1592033at2           -            393   4.5e-13   47.0   0.0   1   1   1.9e-15   8.7e-13   46.1   0.0   195   376   182   375   178   388 0.82 5_146 # 178763 # 179980 # 1 # ID=5_146;partial=00;start_type=ATG;rbs_motif=None;rbs_spacer=None;gc_cont=0.460
12:136673-137554     -            294 1592033at2           -            393     7e-13   46.4   0.2   1   1   2.2e-15     1e-12   45.9   0.2   197   352     7   169     2   197 0.78 12_115 # 136673 # 137554 # -1 # ID=12_115;partial=00;start_type=ATG;rbs_motif=AATAA;rbs_spacer=10bp;gc_cont=0.416
4:26227-27330        -            368 1592033at2           -            393   5.5e-07   27.0   0.3   1   3   7.4e-09   3.4e-06   24.4   0.0   197   241     5    50     2    59 0.90 4_25 # 26227 # 27330 # 1 # ID=4_25;partial=00;start_type=ATG;rbs_motif=TAAAAA;rbs_spacer=13bp;gc_cont=0.459
4:26227-27330        -            368 1592033at2           -            393   5.5e-07   27.0   0.3   2   3      0.92   4.2e+02   -2.3   0.1   170   193   138   161   125   197 0.70 4_25 # 26227 # 27330 # 1 # ID=4_25;partial=00;start_type=ATG;rbs_motif=TAAAAA;rbs_spacer=13bp;gc_cont=0.459
4:26227-27330        -            368 1592033at2           -            393   5.5e-07   27.0   0.3   3   3      0.44     2e+02   -1.2   0.2   314   342   222   250   159   285 0.61 4_25 # 26227 # 27330 # 1 # ID=4_25;partial=00;start_type=ATG;rbs_motif=TAAAAA;rbs_spacer=13bp;gc_cont=0.459
23:32273-33205       -            311 1592033at2           -            393     0.003   14.7   0.0   1   2   0.00016     0.072   10.1   0.0   303   350   117   175    89   181 0.84 23_21 # 32273 # 33205 # -1 # ID=23_21;partial=00;start_type=ATG;rbs_motif=TAA;rbs_spacer=3bp;gc_cont=0.472
23:32273-33205       -            311 1592033at2           -            393     0.003   14.7   0.0   2   2     0.032        15    2.5   0.0   201   215   180   194   174   204 0.84 23_21 # 32273 # 33205 # -1 # ID=23_21;partial=00;start_type=ATG;rbs_motif=TAA;rbs_spacer=3bp;gc_cont=0.472
1:63539-66061        -            841 1592033at2           -            393    0.0034   14.5   0.1   1   1     2e-05    0.0092   13.1   0.1   191   224   121   154   103   252 0.84 1_64 # 63539 # 66061 # 1 # ID=1_64;partial=00;start_type=ATG;rbs_motif=AAA;rbs_spacer=3bp;gc_cont=0.454
1:778912-779517      -            202 1592033at2           -            393     0.011   12.8   0.0   1   1   4.8e-05     0.022   11.8   0.0   194   218    23    47    12    54 0.86 1_677 # 778912 # 779517 # -1 # ID=1_677;partial=00;start_type=ATG;rbs_motif=TAAAAA;rbs_spacer=12bp;gc_cont=0.441
#
# Program:         hmmsearch
# Version:         3.1b2 (February 2015)
# Pipeline mode:   SEARCH
# Query file:      /data/wgs_assembly/hybrid_genome_assembly_guide/busco_downloads/lineages/bacteria_odb10/hmms/1592033at2.hmm
# Target file:     data/wgs_assembly/hybrid_genome_assembly_guide/06_genome_quality_assessment/busco/short_only/prodigal_output/predicted_genes/predicted.faa
# Option settings: hmmsearch --domtblout data/wgs_assembly/hybrid_genome_assembly_guide/06_genome_quality_assessment/busco/short_only/run_bacteria_odb10/hmmer_output/1592033at2.out --cpu 1 /data/wgs_assembly/hybrid_genome_assembly_guide/busco_downloads/lineages/bacteria_odb10/hmms/1592033at2.hmm data/wgs_assembly/hybrid_genome_assembly_guide/06_genome_quality_assessment/busco/short_only/prodigal_output/predicted_genes/predicted.faa 
# Current dir:     /data/wgs_assembly/hybrid_genome_assembly_guide
# Date:            Sun Dec 28 03:00:03 2025
# [ok]
