#                                                                            --- full sequence --- -------------- this domain -------------   hmm coord   ali coord   env coord
# target name        accession   tlen query name           accession   qlen   E-value  score  bias   #  of  c-Evalue  i-Evalue  score  bias  from    to  from    to  from    to  acc description of target
#------------------- ---------- ----- -------------------- ---------- ----- --------- ------ ----- --- --- --------- --------- ------ ----- ----- ----- ----- ----- ----- ----- ---- ---------------------
6:40487-40978        -            164 1827334at2           -             97   2.2e-18   64.2   0.3   1   2   6.7e-16   6.1e-13   46.7   0.1    16    67     5    65     3    73 0.81 6_31 # 40487 # 40978 # -1 # ID=6_31;partial=00;start_type=GTG;rbs_motif=TAAAA;rbs_spacer=14bp;gc_cont=0.417
6:40487-40978        -            164 1827334at2           -             97   2.2e-18   64.2   0.3   2   2   3.9e-05     0.035   12.2   0.0    71    84    97   114    88   138 0.75 6_31 # 40487 # 40978 # -1 # ID=6_31;partial=00;start_type=GTG;rbs_motif=TAAAA;rbs_spacer=14bp;gc_cont=0.417
3:156200-156913      -            238 1827334at2           -             97     0.011   13.8   0.2   1   2    0.0002      0.19    9.9   0.1    34    71    39    76    35    81 0.88 3_132 # 156200 # 156913 # 1 # ID=3_132;partial=00;start_type=ATG;rbs_motif=TAA;rbs_spacer=15bp;gc_cont=0.424
3:156200-156913      -            238 1827334at2           -             97     0.011   13.8   0.2   2   2      0.09        82    1.4   0.0    71    83   106   118    91   131 0.84 3_132 # 156200 # 156913 # 1 # ID=3_132;partial=00;start_type=ATG;rbs_motif=TAA;rbs_spacer=15bp;gc_cont=0.424
19:736-1236          -            167 1827334at2           -             97     0.019   13.1   0.0   1   1   3.4e-05     0.031   12.4   0.0    35    70    45    80    39    85 0.87 19_1 # 736 # 1236 # 1 # ID=19_1;partial=00;start_type=ATG;rbs_motif=AATAA;rbs_spacer=3bp;gc_cont=0.419
35:21817-22623       -            269 1827334at2           -             97     0.023   12.8   0.0   1   1   7.3e-05     0.067   11.4   0.0    22    71    25    73    16    79 0.89 35_21 # 21817 # 22623 # -1 # ID=35_21;partial=01;start_type=Edge;rbs_motif=None;rbs_spacer=None;gc_cont=0.341
28:16606-18024       -            473 1827334at2           -             97     0.036   12.2   0.0   1   2    0.0025       2.2    6.5   0.0    36    62   329   354   327   367 0.87 28_16 # 16606 # 18024 # 1 # ID=28_16;partial=00;start_type=GTG;rbs_motif=TAA;rbs_spacer=13bp;gc_cont=0.457
28:16606-18024       -            473 1827334at2           -             97     0.036   12.2   0.0   2   2     0.028        26    3.1   0.0    64    90   388   414   371   422 0.85 28_16 # 16606 # 18024 # 1 # ID=28_16;partial=00;start_type=GTG;rbs_motif=TAA;rbs_spacer=13bp;gc_cont=0.457
#
# Program:         hmmsearch
# Version:         3.1b2 (February 2015)
# Pipeline mode:   SEARCH
# Query file:      /data/wgs_assembly/hybrid_genome_assembly_guide/busco_downloads/lineages/bacteria_odb10/hmms/1827334at2.hmm
# Target file:     data/wgs_assembly/hybrid_genome_assembly_guide/06_genome_quality_assessment/busco/short_only/prodigal_output/predicted_genes/predicted.faa
# Option settings: hmmsearch --domtblout data/wgs_assembly/hybrid_genome_assembly_guide/06_genome_quality_assessment/busco/short_only/run_bacteria_odb10/hmmer_output/1827334at2.out --cpu 1 /data/wgs_assembly/hybrid_genome_assembly_guide/busco_downloads/lineages/bacteria_odb10/hmms/1827334at2.hmm data/wgs_assembly/hybrid_genome_assembly_guide/06_genome_quality_assessment/busco/short_only/prodigal_output/predicted_genes/predicted.faa 
# Current dir:     /data/wgs_assembly/hybrid_genome_assembly_guide
# Date:            Sun Dec 28 03:00:03 2025
# [ok]
