#                                                                            --- full sequence --- -------------- this domain -------------   hmm coord   ali coord   env coord
# target name        accession   tlen query name           accession   qlen   E-value  score  bias   #  of  c-Evalue  i-Evalue  score  bias  from    to  from    to  from    to  acc description of target
#------------------- ---------- ----- -------------------- ---------- ----- --------- ------ ----- --- --- --------- --------- ------ ----- ----- ----- ----- ----- ----- ----- ---- ---------------------
9:41813-43696        -            628 267682at2            -            304   3.1e-47  159.2   0.9   1   5   6.3e-06    0.0057   13.8   0.0     4    30    31    57    28    61 0.89 9_35 # 41813 # 43696 # -1 # ID=9_35;partial=00;start_type=ATG;rbs_motif=TAA;rbs_spacer=11bp;gc_cont=0.495
9:41813-43696        -            628 267682at2            -            304   3.1e-47  159.2   0.9   2   5   1.5e-05     0.014   12.5   0.0    32    73   109   163    93   166 0.77 9_35 # 41813 # 43696 # -1 # ID=9_35;partial=00;start_type=ATG;rbs_motif=TAA;rbs_spacer=11bp;gc_cont=0.495
9:41813-43696        -            628 267682at2            -            304   3.1e-47  159.2   0.9   3   5   1.5e-15   1.3e-12   45.4   0.0    82   192   227   377   207   388 0.75 9_35 # 41813 # 43696 # -1 # ID=9_35;partial=00;start_type=ATG;rbs_motif=TAA;rbs_spacer=11bp;gc_cont=0.495
9:41813-43696        -            628 267682at2            -            304   3.1e-47  159.2   0.9   4   5   3.1e-25   2.9e-22   77.2   0.3   190   276   412   503   408   526 0.88 9_35 # 41813 # 43696 # -1 # ID=9_35;partial=00;start_type=ATG;rbs_motif=TAA;rbs_spacer=11bp;gc_cont=0.495
9:41813-43696        -            628 267682at2            -            304   3.1e-47  159.2   0.9   5   5      0.21   1.9e+02   -1.0   0.0   282   304   577   606   549   606 0.77 9_35 # 41813 # 43696 # -1 # ID=9_35;partial=00;start_type=ATG;rbs_motif=TAA;rbs_spacer=11bp;gc_cont=0.495
37:2132-3538         -            469 267682at2            -            304   5.3e-43  145.3   0.0   1   4     0.055        50    0.8   0.0     6    29    14    37    10    49 0.87 37_3 # 2132 # 3538 # 1 # ID=37_3;partial=00;start_type=ATG;rbs_motif=AAAAA;rbs_spacer=8bp;gc_cont=0.415
37:2132-3538         -            469 267682at2            -            304   5.3e-43  145.3   0.0   2   4     0.052        47    0.9   0.0    54    77    91   114    71   132 0.86 37_3 # 2132 # 3538 # 1 # ID=37_3;partial=00;start_type=ATG;rbs_motif=AAAAA;rbs_spacer=8bp;gc_cont=0.415
37:2132-3538         -            469 267682at2            -            304   5.3e-43  145.3   0.0   3   4   2.2e-43     2e-40  136.8   0.0    83   281   151   392   145   406 0.82 37_3 # 2132 # 3538 # 1 # ID=37_3;partial=00;start_type=ATG;rbs_motif=AAAAA;rbs_spacer=8bp;gc_cont=0.415
37:2132-3538         -            469 267682at2            -            304   5.3e-43  145.3   0.0   4   4      0.28   2.5e+02   -1.5   0.0   276   296   430   450   417   452 0.83 37_3 # 2132 # 3538 # 1 # ID=37_3;partial=00;start_type=ATG;rbs_motif=AAAAA;rbs_spacer=8bp;gc_cont=0.415
16:92177-93019       -            281 267682at2            -            304   0.00048   17.3   0.0   1   1   8.4e-07   0.00076   16.7   0.0   211   257   223   269   207   274 0.92 16_93 # 92177 # 93019 # -1 # ID=16_93;partial=00;start_type=ATG;rbs_motif=TAAAA;rbs_spacer=15bp;gc_cont=0.416
3:77478-78416        -            313 267682at2            -            304   0.00091   16.4   0.1   1   1   1.4e-06    0.0013   15.9   0.1   209   261   197   249   166   283 0.80 3_65 # 77478 # 78416 # -1 # ID=3_65;partial=00;start_type=ATG;rbs_motif=TAA;rbs_spacer=15bp;gc_cont=0.448
5:177569-178105      -            179 267682at2            -            304     0.014   12.5   0.2   1   1   2.2e-05      0.02   12.0   0.2   222   260    92   130    76   149 0.91 5_144 # 177569 # 178105 # 1 # ID=5_144;partial=00;start_type=ATG;rbs_motif=TAA;rbs_spacer=11bp;gc_cont=0.404
#
# Program:         hmmsearch
# Version:         3.1b2 (February 2015)
# Pipeline mode:   SEARCH
# Query file:      /data/wgs_assembly/hybrid_genome_assembly_guide/busco_downloads/lineages/bacteria_odb10/hmms/267682at2.hmm
# Target file:     data/wgs_assembly/hybrid_genome_assembly_guide/06_genome_quality_assessment/busco/short_only/prodigal_output/predicted_genes/predicted.faa
# Option settings: hmmsearch --domtblout data/wgs_assembly/hybrid_genome_assembly_guide/06_genome_quality_assessment/busco/short_only/run_bacteria_odb10/hmmer_output/267682at2.out --cpu 1 /data/wgs_assembly/hybrid_genome_assembly_guide/busco_downloads/lineages/bacteria_odb10/hmms/267682at2.hmm data/wgs_assembly/hybrid_genome_assembly_guide/06_genome_quality_assessment/busco/short_only/prodigal_output/predicted_genes/predicted.faa 
# Current dir:     /data/wgs_assembly/hybrid_genome_assembly_guide
# Date:            Sun Dec 28 03:00:04 2025
# [ok]
