#                                                                            --- full sequence --- -------------- this domain -------------   hmm coord   ali coord   env coord
# target name        accession   tlen query name           accession   qlen   E-value  score  bias   #  of  c-Evalue  i-Evalue  score  bias  from    to  from    to  from    to  acc description of target
#------------------- ---------- ----- -------------------- ---------- ----- --------- ------ ----- --- --- --------- --------- ------ ----- ----- ----- ----- ----- ----- ----- ---- ---------------------
6:22060-23310        -            417 776861at2            -            618   2.7e-86  288.1   0.0   1   1   4.1e-88   2.7e-85  284.8   0.0    11   399    10   400     3   413 0.90 6_19 # 22060 # 23310 # -1 # ID=6_19;partial=00;start_type=ATG;rbs_motif=AACAA;rbs_spacer=5bp;gc_cont=0.543
7:272182-272973      -            264 776861at2            -            618   1.6e-77  259.1   0.2   1   1   2.9e-80   1.9e-77  258.9   0.2   404   611    33   260    17   263 0.93 7_224 # 272182 # 272973 # -1 # ID=7_224;partial=00;start_type=TTG;rbs_motif=TAA;rbs_spacer=13bp;gc_cont=0.428
5:72843-73763        -            307 776861at2            -            618   0.00065   16.0   0.0   1   1   1.6e-06    0.0011   15.2   0.0   410   448     6    46     2    67 0.85 5_59 # 72843 # 73763 # -1 # ID=5_59;partial=00;start_type=ATG;rbs_motif=AATAA;rbs_spacer=10bp;gc_cont=0.460
1:333313-333921      -            203 776861at2            -            618   0.00084   15.6   0.0   1   2   0.00037      0.24    7.5   0.0   406   433    26    53     8    93 0.88 1_298 # 333313 # 333921 # 1 # ID=1_298;partial=00;start_type=ATG;rbs_motif=TAA;rbs_spacer=9bp;gc_cont=0.452
1:333313-333921      -            203 776861at2            -            618   0.00084   15.6   0.0   2   2   0.00078      0.51    6.4   0.0   583   611   169   197   138   202 0.85 1_298 # 333313 # 333921 # 1 # ID=1_298;partial=00;start_type=ATG;rbs_motif=TAA;rbs_spacer=9bp;gc_cont=0.452
5:178165-178734      -            190 776861at2            -            618    0.0012   15.1   0.0   1   1   2.3e-06    0.0015   14.7   0.0   410   445     3    38     1    52 0.92 5_145 # 178165 # 178734 # 1 # ID=5_145;partial=00;start_type=ATG;rbs_motif=TAAA;rbs_spacer=8bp;gc_cont=0.416
3:153547-156015      -            823 776861at2            -            618    0.0083   12.3   1.5   1   2      0.45   2.9e+02   -2.7   1.4   542   577   220   255   215   269 0.73 3_131 # 153547 # 156015 # -1 # ID=3_131;partial=00;start_type=ATG;rbs_motif=TAAA;rbs_spacer=14bp;gc_cont=0.427
3:153547-156015      -            823 776861at2            -            618    0.0083   12.3   1.5   2   2   1.7e-05     0.011   11.8   0.0   393   437   364   408   342   410 0.87 3_131 # 153547 # 156015 # -1 # ID=3_131;partial=00;start_type=ATG;rbs_motif=TAAA;rbs_spacer=14bp;gc_cont=0.427
4:226078-226617      -            180 776861at2            -            618     0.019   11.1   0.2   1   2   9.6e-05     0.062    9.4   0.0   411   438     4    31     1    32 0.90 4_195 # 226078 # 226617 # 1 # ID=4_195;partial=00;start_type=ATG;rbs_motif=AAAA;rbs_spacer=12bp;gc_cont=0.443
4:226078-226617      -            180 776861at2            -            618     0.019   11.1   0.2   2   2      0.12        75   -0.8   0.1   524   573    94   144    93   174 0.77 4_195 # 226078 # 226617 # 1 # ID=4_195;partial=00;start_type=ATG;rbs_motif=AAAA;rbs_spacer=12bp;gc_cont=0.443
#
# Program:         hmmsearch
# Version:         3.1b2 (February 2015)
# Pipeline mode:   SEARCH
# Query file:      /data/wgs_assembly/hybrid_genome_assembly_guide/busco_downloads/lineages/bacteria_odb10/hmms/776861at2.hmm
# Target file:     data/wgs_assembly/hybrid_genome_assembly_guide/06_genome_quality_assessment/busco/short_only/prodigal_output/predicted_genes/predicted.faa
# Option settings: hmmsearch --domtblout data/wgs_assembly/hybrid_genome_assembly_guide/06_genome_quality_assessment/busco/short_only/run_bacteria_odb10/hmmer_output/776861at2.out --cpu 1 /data/wgs_assembly/hybrid_genome_assembly_guide/busco_downloads/lineages/bacteria_odb10/hmms/776861at2.hmm data/wgs_assembly/hybrid_genome_assembly_guide/06_genome_quality_assessment/busco/short_only/prodigal_output/predicted_genes/predicted.faa 
# Current dir:     /data/wgs_assembly/hybrid_genome_assembly_guide
# Date:            Sun Dec 28 03:00:04 2025
# [ok]
