Read1 before filtering:
total reads: 1472011
total bases: 218129797
Q20 bases: 214942005(98.5386%)
Q30 bases: 213892821(98.0576%)
Q40 bases: 229188(0.10507%)

Read2 before filtering:
total reads: 1472011
total bases: 218119762
Q20 bases: 203190169(93.1553%)
Q30 bases: 199658980(91.5364%)
Q40 bases: 43472(0.0199303%)

Read1 after filtering:
total reads: 1472011
total bases: 218129797
Q20 bases: 214942005(98.5386%)
Q30 bases: 213892821(98.0576%)
Q40 bases: 229188(0.10507%)

Read2 after filtering:
total reads: 1472011
total bases: 218119762
Q20 bases: 203190169(93.1553%)
Q30 bases: 199658980(91.5364%)
Q40 bases: 43472(0.0199303%)

Filtering result:
reads passed filter: 2944022
reads failed due to low quality: 0
reads failed due to too many N: 0
reads failed due to too short: 0
reads with adapter trimmed: 0
bases trimmed due to adapters: 0

Duplication rate: 0.749383%

Insert size peak (evaluated by paired-end reads): 260

JSON report: fastp.json
HTML report: fastp.html

fastp --out1 /data/wgs_assembly/hybrid_genome_assembly_guide/08_plassembler/trimmed_R1.fastq --out2 /data/wgs_assembly/hybrid_genome_assembly_guide/08_plassembler/trimmed_R2.fastq --in1 /data/wgs_assembly/hybrid_genome_assembly_guide/03_processed_reads/short_reads/processed_1.fastq.gz --in2 /data/wgs_assembly/hybrid_genome_assembly_guide/03_processed_reads/short_reads/processed_2.fastq.gz 
fastp v1.0.1, time used: 5 seconds
Command line: fastp --out1 /data/wgs_assembly/hybrid_genome_assembly_guide/08_plassembler/trimmed_R1.fastq --out2 /data/wgs_assembly/hybrid_genome_assembly_guide/08_plassembler/trimmed_R2.fastq --in1 /data/wgs_assembly/hybrid_genome_assembly_guide/03_processed_reads/short_reads/processed_1.fastq.gz --in2 /data/wgs_assembly/hybrid_genome_assembly_guide/03_processed_reads/short_reads/processed_2.fastq.gz
