#                                                                            --- full sequence --- -------------- this domain -------------   hmm coord   ali coord   env coord
# target name        accession   tlen query name           accession   qlen   E-value  score  bias   #  of  c-Evalue  i-Evalue  score  bias  from    to  from    to  from    to  acc description of target
#------------------- ---------- ----- -------------------- ---------- ----- --------- ------ ----- --- --- --------- --------- ------ ----- ----- ----- ----- ----- ----- ----- ---- ---------------------
1:2141922-2142146    -             75 1036075at2           -            356   3.1e-20   72.2   0.2   1   1   1.7e-23   3.4e-20   72.1   0.2    35   105     2    74     1    74 0.92 1_4682 # 2141922 # 2142146 # 1 # ID=1_4682;partial=00;start_type=GTG;rbs_motif=None;rbs_spacer=None;gc_cont=0.436
1:2143124-2143519    -            132 1036075at2           -            356     1e-18   67.2   0.9   1   1   6.5e-22   1.3e-18   66.9   0.9   284   355    44   123    37   124 0.86 1_4686 # 2143124 # 2143519 # 1 # ID=1_4686;partial=00;start_type=ATG;rbs_motif=None;rbs_spacer=None;gc_cont=0.460
1:2142795-2143022    -             76 1036075at2           -            356   1.4e-09   37.1   0.1   1   1   7.4e-13   1.5e-09   37.1   0.1   196   237    13    56     1    67 0.78 1_4685 # 2142795 # 2143022 # 1 # ID=1_4685;partial=00;start_type=ATG;rbs_motif=AACAA;rbs_spacer=15bp;gc_cont=0.417
1:2142125-2142640    -            172 1036075at2           -            356   8.7e-07   28.0   6.5   1   2      0.38   7.6e+02   -1.4   0.0    85   100     2    17     1    30 0.85 1_4683 # 2142125 # 2142640 # 1 # ID=1_4683;partial=00;start_type=ATG;rbs_motif=None;rbs_spacer=None;gc_cont=0.393
1:2142125-2142640    -            172 1036075at2           -            356   8.7e-07   28.0   6.5   2   2   2.5e-09     5e-06   25.5   5.0    96   157    30   107    25   138 0.74 1_4683 # 2142125 # 2142640 # 1 # ID=1_4683;partial=00;start_type=ATG;rbs_motif=None;rbs_spacer=None;gc_cont=0.393
1:2141697-2141846    -             50 1036075at2           -            356      0.01   14.6   0.1   1   1   5.9e-06     0.012   14.4   0.1     1    19    24    44    24    47 0.85 1_4681 # 2141697 # 2141846 # 1 # ID=1_4681;partial=00;start_type=ATG;rbs_motif=None;rbs_spacer=None;gc_cont=0.367
2:316606-317211      -            202 1036075at2           -            356     0.024   13.4   1.6   1   1   1.9e-05     0.038   12.7   1.3   118   155   156   193   142   196 0.75 2_700 # 316606 # 317211 # 1 # ID=2_700;partial=00;start_type=ATG;rbs_motif=None;rbs_spacer=None;gc_cont=0.479
#
# Program:         hmmsearch
# Version:         3.1b2 (February 2015)
# Pipeline mode:   SEARCH
# Query file:      /data/wgs_assembly/hybrid_genome_assembly_guide/busco_downloads/lineages/bacteria_odb10/hmms/1036075at2.hmm
# Target file:     data/wgs_assembly/hybrid_genome_assembly_guide/06_genome_quality_assessment/busco/long_only/prodigal_output/predicted_genes/predicted.faa
# Option settings: hmmsearch --domtblout data/wgs_assembly/hybrid_genome_assembly_guide/06_genome_quality_assessment/busco/long_only/run_bacteria_odb10/hmmer_output/1036075at2.out --cpu 1 /data/wgs_assembly/hybrid_genome_assembly_guide/busco_downloads/lineages/bacteria_odb10/hmms/1036075at2.hmm data/wgs_assembly/hybrid_genome_assembly_guide/06_genome_quality_assessment/busco/long_only/prodigal_output/predicted_genes/predicted.faa 
# Current dir:     /data/wgs_assembly/hybrid_genome_assembly_guide
# Date:            Sun Dec 28 03:00:29 2025
# [ok]
