#                                                                            --- full sequence --- -------------- this domain -------------   hmm coord   ali coord   env coord
# target name        accession   tlen query name           accession   qlen   E-value  score  bias   #  of  c-Evalue  i-Evalue  score  bias  from    to  from    to  from    to  acc description of target
#------------------- ---------- ----- -------------------- ---------- ----- --------- ------ ----- --- --- --------- --------- ------ ----- ----- ----- ----- ----- ----- ----- ---- ---------------------
3:196142-196411      -             90 430176at2            -            369   1.9e-52  178.1   0.3   1   1   1.7e-55     2e-52  178.0   0.3   172   258     1    87     1    89 0.98 3_454 # 196142 # 196411 # 1 # ID=3_454;partial=00;start_type=TTG;rbs_motif=None;rbs_spacer=None;gc_cont=0.463
3:195707-196000      -             98 430176at2            -            369   1.4e-34  119.3   1.5   1   1   1.3e-37   1.5e-34  119.2   1.5    67   137     1    74     1    88 0.93 3_453 # 195707 # 196000 # 1 # ID=3_453;partial=00;start_type=GTG;rbs_motif=None;rbs_spacer=None;gc_cont=0.408
3:196440-196829      -            130 430176at2            -            369   5.8e-32  110.7   0.0   1   1   5.4e-35   6.5e-32  110.5   0.0   271   369     1   115     1   115 0.87 3_455 # 196440 # 196829 # 1 # ID=3_455;partial=00;start_type=TTG;rbs_motif=None;rbs_spacer=None;gc_cont=0.462
2:451420-452322      -            301 430176at2            -            369   3.3e-08   32.5   0.0   1   2       1.5   1.8e+03   -2.8   0.0    43    57    83    97    77   101 0.84 2_974 # 451420 # 452322 # -1 # ID=2_974;partial=00;start_type=ATG;rbs_motif=AATAA;rbs_spacer=4bp;gc_cont=0.471
2:451420-452322      -            301 430176at2            -            369   3.3e-08   32.5   0.0   2   2   6.3e-11   7.6e-08   31.3   0.0    45   215   103   279    98   284 0.84 2_974 # 451420 # 452322 # -1 # ID=2_974;partial=00;start_type=ATG;rbs_motif=AATAA;rbs_spacer=4bp;gc_cont=0.471
2:452842-453342      -            167 430176at2            -            369     5e-06   25.3   0.0   1   1   4.9e-09   5.9e-06   25.1   0.0   114   240     2   145     1   154 0.75 2_976 # 452842 # 453342 # -1 # ID=2_976;partial=00;start_type=GTG;rbs_motif=None;rbs_spacer=None;gc_cont=0.487
3:200574-201293      -            240 430176at2            -            369    0.0005   18.8   0.0   1   1   2.8e-05     0.033   12.8   0.0   197   277   139   221    21   231 0.77 3_464 # 200574 # 201293 # 1 # ID=3_464;partial=00;start_type=GTG;rbs_motif=None;rbs_spacer=None;gc_cont=0.460
2:806709-807392      -            228 430176at2            -            369   0.00099   17.8   0.0   1   1   1.3e-06    0.0015   17.2   0.0    73   133   140   204   134   223 0.76 2_1755 # 806709 # 807392 # 1 # ID=2_1755;partial=00;start_type=ATG;rbs_motif=None;rbs_spacer=None;gc_cont=0.496
3:195501-195692      -             64 430176at2            -            369    0.0086   14.7   0.0   1   1   7.5e-06    0.0091   14.6   0.0    30    60     5    44     1    54 0.73 3_452 # 195501 # 195692 # 1 # ID=3_452;partial=00;start_type=ATG;rbs_motif=None;rbs_spacer=None;gc_cont=0.453
2:807627-807908      -             94 430176at2            -            369     0.034   12.7   0.0   1   1     3e-05     0.035   12.7   0.0   252   303    16    64     8    89 0.75 2_1756 # 807627 # 807908 # 1 # ID=2_1756;partial=00;start_type=ATG;rbs_motif=None;rbs_spacer=None;gc_cont=0.500
2:453339-453479      -             47 430176at2            -            369     0.075   11.6   0.0   1   1   6.6e-05      0.08   11.5   0.0    67    86     1    20     1    28 0.92 2_977 # 453339 # 453479 # -1 # ID=2_977;partial=00;start_type=TTG;rbs_motif=AAAAAA;rbs_spacer=15bp;gc_cont=0.475
#
# Program:         hmmsearch
# Version:         3.1b2 (February 2015)
# Pipeline mode:   SEARCH
# Query file:      /data/wgs_assembly/hybrid_genome_assembly_guide/busco_downloads/lineages/bacteria_odb10/hmms/430176at2.hmm
# Target file:     data/wgs_assembly/hybrid_genome_assembly_guide/06_genome_quality_assessment/busco/long_only/prodigal_output/predicted_genes/predicted.faa
# Option settings: hmmsearch --domtblout data/wgs_assembly/hybrid_genome_assembly_guide/06_genome_quality_assessment/busco/long_only/run_bacteria_odb10/hmmer_output/430176at2.out --cpu 1 /data/wgs_assembly/hybrid_genome_assembly_guide/busco_downloads/lineages/bacteria_odb10/hmms/430176at2.hmm data/wgs_assembly/hybrid_genome_assembly_guide/06_genome_quality_assessment/busco/long_only/prodigal_output/predicted_genes/predicted.faa 
# Current dir:     /data/wgs_assembly/hybrid_genome_assembly_guide
# Date:            Sun Dec 28 03:00:33 2025
# [ok]
