#                                                                            --- full sequence --- -------------- this domain -------------   hmm coord   ali coord   env coord
# target name        accession   tlen query name           accession   qlen   E-value  score  bias   #  of  c-Evalue  i-Evalue  score  bias  from    to  from    to  from    to  acc description of target
#------------------- ---------- ----- -------------------- ---------- ----- --------- ------ ----- --- --- --------- --------- ------ ----- ----- ----- ----- ----- ----- ----- ---- ---------------------
2:135555-136334      -            260 665824at2            -            547   5.1e-60  203.2   0.0   1   1   3.8e-63   6.5e-60  202.9   0.0   373   544    14   190     3   199 0.89 2_308 # 135555 # 136334 # -1 # ID=2_308;partial=00;start_type=GTG;rbs_motif=None;rbs_spacer=None;gc_cont=0.464
2:136387-136968      -            194 665824at2            -            547   1.7e-34  119.0   0.0   1   1   1.2e-37     2e-34  118.7   0.0     6   120     6   137     1   140 0.96 2_309 # 136387 # 136968 # -1 # ID=2_309;partial=00;start_type=ATG;rbs_motif=AAAAAA;rbs_spacer=4bp;gc_cont=0.467
1:348422-348883      -            154 665824at2            -            547   8.8e-19   67.1   0.1   1   1   5.8e-22   9.9e-19   66.9   0.1   393   529    16   148     5   153 0.85 1_787 # 348422 # 348883 # -1 # ID=1_787;partial=00;start_type=ATG;rbs_motif=None;rbs_spacer=None;gc_cont=0.448
1:348977-349564      -            196 665824at2            -            547   1.1e-15   56.9   0.0   1   1   7.6e-19   1.3e-15   56.6   0.0    35   179    10   156     5   175 0.87 1_788 # 348977 # 349564 # -1 # ID=1_788;partial=00;start_type=ATG;rbs_motif=None;rbs_spacer=None;gc_cont=0.432
1:1841622-1841882    -             87 665824at2            -            547    0.0072   14.6   0.0   1   1   4.2e-06    0.0072   14.6   0.0   442   490    24    71     6    79 0.87 1_4057 # 1841622 # 1841882 # -1 # ID=1_4057;partial=00;start_type=ATG;rbs_motif=None;rbs_spacer=None;gc_cont=0.464
2:305213-305539      -            109 665824at2            -            547      0.01   14.1   0.0   1   1   6.1e-06      0.01   14.1   0.0   279   353     7    86     1   102 0.83 2_675 # 305213 # 305539 # -1 # ID=2_675;partial=00;start_type=GTG;rbs_motif=AAAA;rbs_spacer=5bp;gc_cont=0.431
1:1056214-1056354    -             47 665824at2            -            547     0.061   11.5   0.0   1   1   3.6e-05     0.061   11.5   0.0   102   131     7    36     1    44 0.87 1_2355 # 1056214 # 1056354 # 1 # ID=1_2355;partial=00;start_type=ATG;rbs_motif=AAGAA;rbs_spacer=6bp;gc_cont=0.447
#
# Program:         hmmsearch
# Version:         3.1b2 (February 2015)
# Pipeline mode:   SEARCH
# Query file:      /data/wgs_assembly/hybrid_genome_assembly_guide/busco_downloads/lineages/bacteria_odb10/hmms/665824at2.hmm
# Target file:     data/wgs_assembly/hybrid_genome_assembly_guide/06_genome_quality_assessment/busco/long_only/prodigal_output/predicted_genes/predicted.faa
# Option settings: hmmsearch --domtblout data/wgs_assembly/hybrid_genome_assembly_guide/06_genome_quality_assessment/busco/long_only/run_bacteria_odb10/hmmer_output/665824at2.out --cpu 1 /data/wgs_assembly/hybrid_genome_assembly_guide/busco_downloads/lineages/bacteria_odb10/hmms/665824at2.hmm data/wgs_assembly/hybrid_genome_assembly_guide/06_genome_quality_assessment/busco/long_only/prodigal_output/predicted_genes/predicted.faa 
# Current dir:     /data/wgs_assembly/hybrid_genome_assembly_guide
# Date:            Sun Dec 28 03:00:33 2025
# [ok]
