#                                                                            --- full sequence --- -------------- this domain -------------   hmm coord   ali coord   env coord
# target name        accession   tlen query name           accession   qlen   E-value  score  bias   #  of  c-Evalue  i-Evalue  score  bias  from    to  from    to  from    to  acc description of target
#------------------- ---------- ----- -------------------- ---------- ----- --------- ------ ----- --- --- --------- --------- ------ ----- ----- ----- ----- ----- ----- ----- ---- ---------------------
1:2159383-2159868    -            162 932854at2            -           1620   7.2e-63  212.0   0.4   1   1   5.4e-66   8.1e-63  211.8   0.4   174   317     6   151     1   159 0.95 1_4722 # 2159383 # 2159868 # 1 # ID=1_4722;partial=00;start_type=ATG;rbs_motif=AAAAA;rbs_spacer=12bp;gc_cont=0.568
1:2158861-2159124    -             88 932854at2            -           1620   5.1e-35  119.7   0.0   1   1     4e-38   6.1e-35  119.4   0.0     2    85     1    85     1    86 0.98 1_4720 # 2158861 # 2159124 # 1 # ID=1_4720;partial=00;start_type=ATG;rbs_motif=AAAAAA;rbs_spacer=3bp;gc_cont=0.504
1:2159871-2160134    -             88 932854at2            -           1620   1.9e-25   88.0   0.1   1   1   1.4e-28     2e-25   87.9   0.1   330   413     1    85     1    87 0.96 1_4723 # 2159871 # 2160134 # 1 # ID=1_4723;partial=00;start_type=ATG;rbs_motif=None;rbs_spacer=None;gc_cont=0.591
2:965838-967529      -            564 932854at2            -           1620   2.1e-20   71.2   0.1   1   1   1.9e-23   2.8e-20   70.8   0.1   834  1239    25   441    11   509 0.79 2_2084 # 965838 # 967529 # 1 # ID=2_2084;partial=00;start_type=TTG;rbs_motif=AACAA;rbs_spacer=13bp;gc_cont=0.514
2:967827-968534      -            236 932854at2            -           1620     1e-19   69.0   0.0   1   1   8.2e-23   1.2e-19   68.7   0.0  1416  1594    25   197    10   207 0.87 2_2086 # 967827 # 968534 # 1 # ID=2_2086;partial=00;start_type=ATG;rbs_motif=None;rbs_spacer=None;gc_cont=0.490
2:965459-965812      -            118 932854at2            -           1620     8e-06   22.9   0.0   1   1   5.4e-09     8e-06   22.9   0.0   732   766    31    65    24    96 0.88 2_2083 # 965459 # 965812 # 1 # ID=2_2083;partial=00;start_type=GTG;rbs_motif=None;rbs_spacer=None;gc_cont=0.514
3:193442-194053      -            204 932854at2            -           1620   0.00027   17.9   0.2   1   1   2.1e-07   0.00031   17.7   0.2     3   152    45   195    43   201 0.84 3_447 # 193442 # 194053 # 1 # ID=3_447;partial=00;start_type=TTG;rbs_motif=None;rbs_spacer=None;gc_cont=0.422
1:2159200-2159304    -             35 932854at2            -           1620      0.12    9.0   0.0   1   1   8.3e-05      0.12    9.0   0.0   110   139     1    32     1    34 0.84 1_4721 # 2159200 # 2159304 # 1 # ID=1_4721;partial=00;start_type=ATG;rbs_motif=None;rbs_spacer=None;gc_cont=0.619
#
# Program:         hmmsearch
# Version:         3.1b2 (February 2015)
# Pipeline mode:   SEARCH
# Query file:      /data/wgs_assembly/hybrid_genome_assembly_guide/busco_downloads/lineages/bacteria_odb10/hmms/932854at2.hmm
# Target file:     data/wgs_assembly/hybrid_genome_assembly_guide/06_genome_quality_assessment/busco/long_only/prodigal_output/predicted_genes/predicted.faa
# Option settings: hmmsearch --domtblout data/wgs_assembly/hybrid_genome_assembly_guide/06_genome_quality_assessment/busco/long_only/run_bacteria_odb10/hmmer_output/932854at2.out --cpu 1 /data/wgs_assembly/hybrid_genome_assembly_guide/busco_downloads/lineages/bacteria_odb10/hmms/932854at2.hmm data/wgs_assembly/hybrid_genome_assembly_guide/06_genome_quality_assessment/busco/long_only/prodigal_output/predicted_genes/predicted.faa 
# Current dir:     /data/wgs_assembly/hybrid_genome_assembly_guide
# Date:            Sun Dec 28 03:00:33 2025
# [ok]
