#                                                                            --- full sequence --- -------------- this domain -------------   hmm coord   ali coord   env coord
# target name        accession   tlen query name           accession   qlen   E-value  score  bias   #  of  c-Evalue  i-Evalue  score  bias  from    to  from    to  from    to  acc description of target
#------------------- ---------- ----- -------------------- ---------- ----- --------- ------ ----- --- --- --------- --------- ------ ----- ----- ----- ----- ----- ----- ----- ---- ---------------------
2:315181-315831      -            217 95696at2             -            490   1.1e-71  241.5   1.0   1   1   1.3e-72   1.1e-69  234.8   1.0     1   151    33   205    33   216 0.87 2_696 # 315181 # 315831 # 1 # ID=2_696;partial=00;start_type=ATG;rbs_motif=AAAAA;rbs_spacer=10bp;gc_cont=0.429
2:316606-317211      -            202 95696at2             -            490   3.3e-44  150.7   0.6   1   2   3.9e-47   3.3e-44  150.7   0.6   373   468     5   102     3   116 0.94 2_700 # 316606 # 317211 # 1 # ID=2_700;partial=00;start_type=ATG;rbs_motif=None;rbs_spacer=None;gc_cont=0.479
2:316606-317211      -            202 95696at2             -            490   3.3e-44  150.7   0.6   2   2      0.13   1.1e+02    0.6   0.1   463   490   160   188   145   188 0.78 2_700 # 316606 # 317211 # 1 # ID=2_700;partial=00;start_type=ATG;rbs_motif=None;rbs_spacer=None;gc_cont=0.479
2:315920-316168      -             83 95696at2             -            490   9.8e-20   70.1   0.1   1   1   1.2e-22     1e-19   70.0   0.1   178   244     8    81     1    82 0.87 2_697 # 315920 # 316168 # 1 # ID=2_697;partial=00;start_type=ATG;rbs_motif=None;rbs_spacer=None;gc_cont=0.434
2:316476-316643      -             56 95696at2             -            490     2e-14   52.6   0.4   1   1   2.3e-17     2e-14   52.6   0.4   333   374     8    49     1    53 0.89 2_699 # 316476 # 316643 # 1 # ID=2_699;partial=00;start_type=ATG;rbs_motif=None;rbs_spacer=None;gc_cont=0.405
2:316256-316408      -             51 95696at2             -            490   5.8e-11   41.1   0.0   1   1   7.2e-14   6.2e-11   41.0   0.0   275   305     1    36     1    43 0.89 2_698 # 316256 # 316408 # 1 # ID=2_698;partial=00;start_type=GTG;rbs_motif=AAAA;rbs_spacer=8bp;gc_cont=0.490
1:2664685-2665347    -            221 95696at2             -            490   5.4e-08   31.3   0.0   1   1   9.6e-11   8.2e-08   30.7   0.0   377   442    14    88     2   105 0.79 1_5791 # 2664685 # 2665347 # 1 # ID=1_5791;partial=00;start_type=ATG;rbs_motif=None;rbs_spacer=None;gc_cont=0.469
4:160106-160435      -            110 95696at2             -            490   1.6e-07   29.8   0.5   1   1   2.1e-10   1.8e-07   29.6   0.5   361   464     3   103     1   108 0.84 4_375 # 160106 # 160435 # -1 # ID=4_375;partial=00;start_type=ATG;rbs_motif=AAAAA;rbs_spacer=12bp;gc_cont=0.391
1:2800401-2801516    -            372 95696at2             -            490   4.6e-06   25.0   0.0   1   2       1.9   1.7e+03   -3.3   0.0     7    56    13    62    10    64 0.75 1_6075 # 2800401 # 2801516 # 1 # ID=1_6075;partial=00;start_type=TTG;rbs_motif=None;rbs_spacer=None;gc_cont=0.457
1:2800401-2801516    -            372 95696at2             -            490   4.6e-06   25.0   0.0   2   2   1.2e-08   9.9e-06   23.9   0.0   339   438   207   301   179   320 0.84 1_6075 # 2800401 # 2801516 # 1 # ID=1_6075;partial=00;start_type=TTG;rbs_motif=None;rbs_spacer=None;gc_cont=0.457
2:684955-685239      -             95 95696at2             -            490   0.00018   19.7   0.0   1   1   2.5e-07   0.00021   19.5   0.0   362   442    10    86     5    89 0.86 2_1462 # 684955 # 685239 # -1 # ID=2_1462;partial=00;start_type=ATG;rbs_motif=None;rbs_spacer=None;gc_cont=0.446
1:380551-380907      -            119 95696at2             -            490   0.00045   18.4   0.0   1   1   5.4e-07   0.00046   18.4   0.0   335   408     6    79     2   108 0.94 1_856 # 380551 # 380907 # 1 # ID=1_856;partial=00;start_type=TTG;rbs_motif=AAAAAA;rbs_spacer=15bp;gc_cont=0.510
1:3113697-3114101    -            135 95696at2             -            490    0.0012   17.0   0.0   1   1   1.6e-06    0.0013   16.8   0.0   339   413    12    86     2   108 0.87 1_6770 # 3113697 # 3114101 # -1 # ID=1_6770;partial=00;start_type=TTG;rbs_motif=AAAA;rbs_spacer=7bp;gc_cont=0.494
1:2122941-2123228    -             96 95696at2             -            490     0.032   12.3   0.0   1   1   3.8e-05     0.032   12.3   0.0   360   409     4    53     1    85 0.84 1_4647 # 2122941 # 2123228 # 1 # ID=1_4647;partial=00;start_type=ATG;rbs_motif=None;rbs_spacer=None;gc_cont=0.538
3:51342-51785        -            148 95696at2             -            490     0.063   11.3   0.0   1   1   8.3e-05     0.071   11.1   0.0   374   408     5    39     1    61 0.88 3_105 # 51342 # 51785 # 1 # ID=3_105;partial=00;start_type=ATG;rbs_motif=None;rbs_spacer=None;gc_cont=0.477
1:532461-532970      -            170 95696at2             -            490     0.068   11.2   0.1   1   2   0.00031      0.27    9.2   0.1     6    45     2    47     1    57 0.71 1_1189 # 532461 # 532970 # -1 # ID=1_1189;partial=00;start_type=ATG;rbs_motif=AACAA;rbs_spacer=15bp;gc_cont=0.420
1:532461-532970      -            170 95696at2             -            490     0.068   11.2   0.1   2   2      0.25   2.2e+02   -0.3   0.0   232   254    82   106    66   117 0.65 1_1189 # 532461 # 532970 # -1 # ID=1_1189;partial=00;start_type=ATG;rbs_motif=AACAA;rbs_spacer=15bp;gc_cont=0.420
#
# Program:         hmmsearch
# Version:         3.1b2 (February 2015)
# Pipeline mode:   SEARCH
# Query file:      /data/wgs_assembly/hybrid_genome_assembly_guide/busco_downloads/lineages/bacteria_odb10/hmms/95696at2.hmm
# Target file:     data/wgs_assembly/hybrid_genome_assembly_guide/06_genome_quality_assessment/busco/long_only/prodigal_output/predicted_genes/predicted.faa
# Option settings: hmmsearch --domtblout data/wgs_assembly/hybrid_genome_assembly_guide/06_genome_quality_assessment/busco/long_only/run_bacteria_odb10/hmmer_output/95696at2.out --cpu 1 /data/wgs_assembly/hybrid_genome_assembly_guide/busco_downloads/lineages/bacteria_odb10/hmms/95696at2.hmm data/wgs_assembly/hybrid_genome_assembly_guide/06_genome_quality_assessment/busco/long_only/prodigal_output/predicted_genes/predicted.faa 
# Current dir:     /data/wgs_assembly/hybrid_genome_assembly_guide
# Date:            Sun Dec 28 03:00:33 2025
# [ok]
