#                                                                            --- full sequence --- -------------- this domain -------------   hmm coord   ali coord   env coord
# target name        accession   tlen query name           accession   qlen   E-value  score  bias   #  of  c-Evalue  i-Evalue  score  bias  from    to  from    to  from    to  acc description of target
#------------------- ---------- ----- -------------------- ---------- ----- --------- ------ ----- --- --- --------- --------- ------ ----- ----- ----- ----- ----- ----- ----- ---- ---------------------
1:4775456-4776790    -            445 1093223at2           -            361   3.7e-94  314.1   0.2   1   1     3e-96   2.2e-93  311.5   0.2     3   358     2   444     1   444 0.81 1_4023 # 4775456 # 4776790 # -1 # ID=1_4023;partial=00;start_type=ATG;rbs_motif=TAAA;rbs_spacer=15bp;gc_cont=0.446
1:4778284-4779741    -            486 1093223at2           -            361   9.5e-16   56.1   0.6   1   2   2.2e-07   0.00017   19.1   0.2    72    97   103   128    86   150 0.80 1_4025 # 4778284 # 4779741 # -1 # ID=1_4025;partial=00;start_type=ATG;rbs_motif=TAA;rbs_spacer=3bp;gc_cont=0.458
1:4778284-4779741    -            486 1093223at2           -            361   9.5e-16   56.1   0.6   2   2   2.9e-12   2.2e-09   35.2   0.0   118   309   173   407   163   416 0.67 1_4025 # 4778284 # 4779741 # -1 # ID=1_4025;partial=00;start_type=ATG;rbs_motif=TAA;rbs_spacer=3bp;gc_cont=0.458
1:4771567-4772961    -            465 1093223at2           -            361   1.1e-15   55.9   0.0   1   1   7.7e-18   5.9e-15   53.5   0.0    38   255    71   332    32   334 0.75 1_4020 # 4771567 # 4772961 # -1 # ID=1_4020;partial=00;start_type=ATG;rbs_motif=TAAAA;rbs_spacer=14bp;gc_cont=0.458
1:4964578-4965876    -            433 1093223at2           -            361   6.8e-15   53.3   1.0   1   1   8.7e-17   6.6e-14   50.1   1.0    73   279    92   350    80   372 0.74 1_4153 # 4964578 # 4965876 # -1 # ID=1_4153;partial=00;start_type=ATG;rbs_motif=TAAAAA;rbs_spacer=9bp;gc_cont=0.462
1:224170-226665      -            832 1093223at2           -            361     3e-07   28.2   0.0   1   1   7.8e-09   5.9e-06   23.9   0.0    73   258   117   349   106   360 0.73 1_163 # 224170 # 226665 # -1 # ID=1_163;partial=00;start_type=ATG;rbs_motif=None;rbs_spacer=None;gc_cont=0.476
1:2501528-2502904    -            459 1093223at2           -            361    0.0019   15.6   0.1   1   2    0.0014         1    6.7   0.0    74   101    47    74    31    81 0.88 1_2144 # 2501528 # 2502904 # 1 # ID=1_2144;partial=00;start_type=ATG;rbs_motif=TAAA;rbs_spacer=11bp;gc_cont=0.452
1:2501528-2502904    -            459 1093223at2           -            361    0.0019   15.6   0.1   2   2    0.0013         1    6.7   0.0   129   192   156   231   153   262 0.66 1_2144 # 2501528 # 2502904 # 1 # ID=1_2144;partial=00;start_type=ATG;rbs_motif=TAAA;rbs_spacer=11bp;gc_cont=0.452
#
# Program:         hmmsearch
# Version:         3.1b2 (February 2015)
# Pipeline mode:   SEARCH
# Query file:      /data/wgs_assembly/hybrid_genome_assembly_guide/busco_downloads/lineages/bacteria_odb10/hmms/1093223at2.hmm
# Target file:     data/wgs_assembly/hybrid_genome_assembly_guide/06_genome_quality_assessment/busco/hybrid/prodigal_output/predicted_genes/predicted.faa
# Option settings: hmmsearch --domtblout data/wgs_assembly/hybrid_genome_assembly_guide/06_genome_quality_assessment/busco/hybrid/run_bacteria_odb10/hmmer_output/1093223at2.out --cpu 1 /data/wgs_assembly/hybrid_genome_assembly_guide/busco_downloads/lineages/bacteria_odb10/hmms/1093223at2.hmm data/wgs_assembly/hybrid_genome_assembly_guide/06_genome_quality_assessment/busco/hybrid/prodigal_output/predicted_genes/predicted.faa 
# Current dir:     /data/wgs_assembly/hybrid_genome_assembly_guide
# Date:            Sun Dec 28 03:00:47 2025
# [ok]
