#                                                                            --- full sequence --- -------------- this domain -------------   hmm coord   ali coord   env coord
# target name        accession   tlen query name           accession   qlen   E-value  score  bias   #  of  c-Evalue  i-Evalue  score  bias  from    to  from    to  from    to  acc description of target
#------------------- ---------- ----- -------------------- ---------- ----- --------- ------ ----- --- --- --------- --------- ------ ----- ----- ----- ----- ----- ----- ----- ---- ---------------------
1:4776931-4778199    -            423 1151822at2           -            254   1.5e-61  205.9  32.3   1   4   3.7e-16   1.9e-13   48.3   3.2     3   104    28   151    26   159 0.79 1_4024 # 4776931 # 4778199 # -1 # ID=1_4024;partial=00;start_type=ATG;rbs_motif=AATAA;rbs_spacer=4bp;gc_cont=0.431
1:4776931-4778199    -            423 1151822at2           -            254   1.5e-61  205.9  32.3   2   4   2.8e-12   1.4e-09   35.6   5.7    92   142   209   259   200   266 0.91 1_4024 # 4776931 # 4778199 # -1 # ID=1_4024;partial=00;start_type=ATG;rbs_motif=AATAA;rbs_spacer=4bp;gc_cont=0.431
1:4776931-4778199    -            423 1151822at2           -            254   1.5e-61  205.9  32.3   3   4   6.5e-40   3.3e-37  126.2   1.8   139   234   277   378   266   381 0.88 1_4024 # 4776931 # 4778199 # -1 # ID=1_4024;partial=00;start_type=ATG;rbs_motif=AATAA;rbs_spacer=4bp;gc_cont=0.431
1:4776931-4778199    -            423 1151822at2           -            254   1.5e-61  205.9  32.3   4   4   6.2e-05     0.031   11.6   0.4   231   254   396   419   391   419 0.89 1_4024 # 4776931 # 4778199 # -1 # ID=1_4024;partial=00;start_type=ATG;rbs_motif=AATAA;rbs_spacer=4bp;gc_cont=0.431
1:3343621-3344718    -            366 1151822at2           -            254   1.5e-25   88.0  20.7   1   3   0.00068      0.35    8.2   0.1     7    65     7    72     1    78 0.63 1_2834 # 3343621 # 3344718 # -1 # ID=1_2834;partial=00;start_type=TTG;rbs_motif=TAAA;rbs_spacer=11bp;gc_cont=0.491
1:3343621-3344718    -            366 1151822at2           -            254   1.5e-25   88.0  20.7   2   3   5.6e-05     0.028   11.7   0.7    60   106    90   133    77   139 0.76 1_2834 # 3343621 # 3344718 # -1 # ID=1_2834;partial=00;start_type=TTG;rbs_motif=TAAA;rbs_spacer=11bp;gc_cont=0.491
1:3343621-3344718    -            366 1151822at2           -            254   1.5e-25   88.0  20.7   3   3   1.6e-24   8.2e-22   75.7   8.6    95   247   147   326   139   333 0.71 1_2834 # 3343621 # 3344718 # -1 # ID=1_2834;partial=00;start_type=TTG;rbs_motif=TAAA;rbs_spacer=11bp;gc_cont=0.491
1:485632-486588      -            319 1151822at2           -            254   1.5e-12   45.4  25.3   1   1   8.3e-15   4.2e-12   43.9  25.3    14   213    14   239     1   283 0.71 1_366 # 485632 # 486588 # 1 # ID=1_366;partial=00;start_type=ATG;rbs_motif=AATAA;rbs_spacer=3bp;gc_cont=0.362
1:1276304-1277254    -            317 1151822at2           -            254   2.1e-12   44.9  25.5   1   1   1.2e-14   5.9e-12   43.5  25.5    16   240    16   265     1   282 0.68 1_1030 # 1276304 # 1277254 # 1 # ID=1_1030;partial=00;start_type=ATG;rbs_motif=AATAA;rbs_spacer=3bp;gc_cont=0.411
1:131858-132808      -            317 1151822at2           -            254     7e-12   43.2  22.7   1   1   4.9e-14   2.5e-11   41.4  22.7    10   236    10   261     1   283 0.68 1_101 # 131858 # 132808 # 1 # ID=1_101;partial=00;start_type=ATG;rbs_motif=TAGAA;rbs_spacer=11bp;gc_cont=0.427
1:3623543-3624493    -            317 1151822at2           -            254   1.2e-11   42.4  20.5   1   1   5.2e-14   2.6e-11   41.3  20.5    13   213    13   239     1   279 0.67 1_3073 # 3623543 # 3624493 # -1 # ID=1_3073;partial=00;start_type=ATG;rbs_motif=TAAAAA;rbs_spacer=12bp;gc_cont=0.410
1:926399-927349      -            317 1151822at2           -            254   1.3e-11   42.4  23.6   1   1   6.5e-14   3.3e-11   41.0  23.6    19   249    19   274     1   281 0.70 1_755 # 926399 # 927349 # 1 # ID=1_755;partial=00;start_type=ATG;rbs_motif=TAAAAA;rbs_spacer=13bp;gc_cont=0.397
1:2182383-2183336    -            318 1151822at2           -            254   1.6e-11   42.0  25.6   1   1   3.1e-14   1.6e-11   42.0  25.6    13   235    13   260     1   283 0.67 1_1864 # 2182383 # 2183336 # -1 # ID=1_1864;partial=00;start_type=ATG;rbs_motif=AATAA;rbs_spacer=3bp;gc_cont=0.378
1:2713842-2714792    -            317 1151822at2           -            254   3.6e-11   40.8  22.2   1   1   1.8e-13   8.9e-11   39.6  22.2    17   249    17   274     1   283 0.68 1_2329 # 2713842 # 2714792 # -1 # ID=1_2329;partial=00;start_type=ATG;rbs_motif=AATAA;rbs_spacer=3bp;gc_cont=0.382
#
# Program:         hmmsearch
# Version:         3.1b2 (February 2015)
# Pipeline mode:   SEARCH
# Query file:      /data/wgs_assembly/hybrid_genome_assembly_guide/busco_downloads/lineages/bacteria_odb10/hmms/1151822at2.hmm
# Target file:     data/wgs_assembly/hybrid_genome_assembly_guide/06_genome_quality_assessment/busco/hybrid/prodigal_output/predicted_genes/predicted.faa
# Option settings: hmmsearch --domtblout data/wgs_assembly/hybrid_genome_assembly_guide/06_genome_quality_assessment/busco/hybrid/run_bacteria_odb10/hmmer_output/1151822at2.out --cpu 1 /data/wgs_assembly/hybrid_genome_assembly_guide/busco_downloads/lineages/bacteria_odb10/hmms/1151822at2.hmm data/wgs_assembly/hybrid_genome_assembly_guide/06_genome_quality_assessment/busco/hybrid/prodigal_output/predicted_genes/predicted.faa 
# Current dir:     /data/wgs_assembly/hybrid_genome_assembly_guide
# Date:            Sun Dec 28 03:00:47 2025
# [ok]
