#                                                                            --- full sequence --- -------------- this domain -------------   hmm coord   ali coord   env coord
# target name        accession   tlen query name           accession   qlen   E-value  score  bias   #  of  c-Evalue  i-Evalue  score  bias  from    to  from    to  from    to  acc description of target
#------------------- ---------- ----- -------------------- ---------- ----- --------- ------ ----- --- --- --------- --------- ------ ----- ----- ----- ----- ----- ----- ----- ---- ---------------------
1:4301893-4303692    -            600 143460at2            -            439  3.7e-156  518.3   0.3   1   2     3e-78   1.2e-75  252.9   0.0     1   192     4   239     4   247 0.87 1_3629 # 4301893 # 4303692 # -1 # ID=1_3629;partial=00;start_type=ATG;rbs_motif=AATAA;rbs_spacer=10bp;gc_cont=0.444
1:4301893-4303692    -            600 143460at2            -            439  3.7e-156  518.3   0.3   2   2   2.4e-79   9.8e-77  256.5   0.2   170   438   242   585   239   586 0.86 1_3629 # 4301893 # 4303692 # -1 # ID=1_3629;partial=00;start_type=ATG;rbs_motif=AATAA;rbs_spacer=10bp;gc_cont=0.444
1:2171043-2172824    -            594 143460at2            -            439   8.1e-36  121.7   1.3   1   3   5.4e-38   2.2e-35  120.2   0.4     1   191     4   223     4   237 0.85 1_1853 # 2171043 # 2172824 # -1 # ID=1_1853;partial=00;start_type=ATG;rbs_motif=TAA;rbs_spacer=14bp;gc_cont=0.454
1:2171043-2172824    -            594 143460at2            -            439   8.1e-36  121.7   1.3   2   3      0.54   2.2e+02   -1.7   0.0   236   264   339   367   327   371 0.81 1_1853 # 2171043 # 2172824 # -1 # ID=1_1853;partial=00;start_type=ATG;rbs_motif=TAA;rbs_spacer=14bp;gc_cont=0.454
1:2171043-2172824    -            594 143460at2            -            439   8.1e-36  121.7   1.3   3   3      0.39   1.6e+02   -1.2   0.0   122   172   369   415   340   437 0.47 1_1853 # 2171043 # 2172824 # -1 # ID=1_1853;partial=00;start_type=ATG;rbs_motif=TAA;rbs_spacer=14bp;gc_cont=0.454
1:5069777-5071702    -            642 143460at2            -            439   1.3e-30  104.6   0.5   1   1   6.4e-33   2.6e-30  103.5   0.5     2   135     4   154     3   180 0.84 1_4263 # 5069777 # 5071702 # -1 # ID=1_4263;partial=00;start_type=ATG;rbs_motif=TAA;rbs_spacer=5bp;gc_cont=0.398
1:4325871-4327796    -            642 143460at2            -            439   1.9e-30  104.0   1.1   1   1   9.6e-33     4e-30  102.9   1.1     2   142     4   161     3   183 0.82 1_3648 # 4325871 # 4327796 # 1 # ID=1_3648;partial=00;start_type=ATG;rbs_motif=TAA;rbs_spacer=4bp;gc_cont=0.381
1:4061450-4063567    -            706 143460at2            -            439   1.3e-29  101.3   0.4   1   3   9.2e-26   3.8e-23   79.9   0.0     2   123    10   153     9   196 0.83 1_3447 # 4061450 # 4063567 # -1 # ID=1_3447;partial=00;start_type=ATG;rbs_motif=TAAA;rbs_spacer=11bp;gc_cont=0.447
1:4061450-4063567    -            706 143460at2            -            439   1.3e-29  101.3   0.4   2   3    0.0001     0.041   10.6   0.0   192   293   371   484   307   503 0.63 1_3447 # 4061450 # 4063567 # -1 # ID=1_3447;partial=00;start_type=ATG;rbs_motif=TAAA;rbs_spacer=11bp;gc_cont=0.447
1:4061450-4063567    -            706 143460at2            -            439   1.3e-29  101.3   0.4   3   3     0.038        16    2.1   0.1   297   346   617   675   608   697 0.76 1_3447 # 4061450 # 4063567 # -1 # ID=1_3447;partial=00;start_type=ATG;rbs_motif=TAAA;rbs_spacer=11bp;gc_cont=0.447
1:675406-676980      -            525 143460at2            -            439   7.7e-21   72.3   0.1   1   1   3.4e-23   1.4e-20   71.4   0.1     2   121    11   152    10   188 0.76 1_522 # 675406 # 676980 # 1 # ID=1_522;partial=00;start_type=ATG;rbs_motif=None;rbs_spacer=None;gc_cont=0.452
1:4079568-4080752    -            395 143460at2            -            439   4.8e-20   69.7   0.6   1   2   2.2e-21   9.2e-19   65.5   0.4     3   121    14   150    12   175 0.71 1_3462 # 4079568 # 4080752 # -1 # ID=1_3462;partial=00;start_type=ATG;rbs_motif=TAA;rbs_spacer=11bp;gc_cont=0.449
1:4079568-4080752    -            395 143460at2            -            439   4.8e-20   69.7   0.6   2   2     0.028        12    2.5   0.0   169   195   224   250   184   261 0.75 1_3462 # 4079568 # 4080752 # -1 # ID=1_3462;partial=00;start_type=ATG;rbs_motif=TAA;rbs_spacer=11bp;gc_cont=0.449
1:4731848-4734898    -           1017 143460at2            -            439   2.3e-13   47.7   0.1   1   1   1.5e-15   6.4e-13   46.2   0.1     4   116   520   633   518   765 0.86 1_3992 # 4731848 # 4734898 # 1 # ID=1_3992;partial=00;start_type=ATG;rbs_motif=TAAA;rbs_spacer=7bp;gc_cont=0.441
1:3567280-3569436    -            719 143460at2            -            439   7.7e-11   39.4   0.0   1   2   4.6e-13   1.9e-10   38.1   0.0     1   121     9   146     9   176 0.80 1_3024 # 3567280 # 3569436 # -1 # ID=1_3024;partial=00;start_type=ATG;rbs_motif=TAAA;rbs_spacer=11bp;gc_cont=0.464
1:3567280-3569436    -            719 143460at2            -            439   7.7e-11   39.4   0.0   2   2       2.4     1e+03   -3.8   0.0   154   187   299   332   284   337 0.79 1_3024 # 3567280 # 3569436 # -1 # ID=1_3024;partial=00;start_type=ATG;rbs_motif=TAAA;rbs_spacer=11bp;gc_cont=0.464
1:1060580-1062010    -            477 143460at2            -            439   2.4e-09   34.4   0.4   1   3     0.019       7.8    3.1   0.0     9    36    27    55    22    62 0.78 1_865 # 1060580 # 1062010 # 1 # ID=1_865;partial=00;start_type=ATG;rbs_motif=TAA;rbs_spacer=11bp;gc_cont=0.435
1:1060580-1062010    -            477 143460at2            -            439   2.4e-09   34.4   0.4   2   3   3.7e-10   1.5e-07   28.5   0.1    30   114    72   166    64   193 0.81 1_865 # 1060580 # 1062010 # 1 # ID=1_865;partial=00;start_type=ATG;rbs_motif=TAA;rbs_spacer=11bp;gc_cont=0.435
1:1060580-1062010    -            477 143460at2            -            439   2.4e-09   34.4   0.4   3   3       1.1   4.4e+02   -2.7   0.0   162   181   248   267   239   288 0.63 1_865 # 1060580 # 1062010 # 1 # ID=1_865;partial=00;start_type=ATG;rbs_motif=TAA;rbs_spacer=11bp;gc_cont=0.435
1:3966507-3967820    -            438 143460at2            -            439   2.7e-08   31.0   2.4   1   2   2.9e-05     0.012   12.3   0.1     4   117     5   128     3   197 0.78 1_3359 # 3966507 # 3967820 # -1 # ID=1_3359;partial=00;start_type=ATG;rbs_motif=TAAA;rbs_spacer=11bp;gc_cont=0.432
1:3966507-3967820    -            438 143460at2            -            439   2.7e-08   31.0   2.4   2   2   3.8e-07   0.00016   18.6   0.3    70   150   253   343   247   362 0.70 1_3359 # 3966507 # 3967820 # -1 # ID=1_3359;partial=00;start_type=ATG;rbs_motif=TAAA;rbs_spacer=11bp;gc_cont=0.432
#
# Program:         hmmsearch
# Version:         3.1b2 (February 2015)
# Pipeline mode:   SEARCH
# Query file:      /data/wgs_assembly/hybrid_genome_assembly_guide/busco_downloads/lineages/bacteria_odb10/hmms/143460at2.hmm
# Target file:     data/wgs_assembly/hybrid_genome_assembly_guide/06_genome_quality_assessment/busco/hybrid/prodigal_output/predicted_genes/predicted.faa
# Option settings: hmmsearch --domtblout data/wgs_assembly/hybrid_genome_assembly_guide/06_genome_quality_assessment/busco/hybrid/run_bacteria_odb10/hmmer_output/143460at2.out --cpu 1 /data/wgs_assembly/hybrid_genome_assembly_guide/busco_downloads/lineages/bacteria_odb10/hmms/143460at2.hmm data/wgs_assembly/hybrid_genome_assembly_guide/06_genome_quality_assessment/busco/hybrid/prodigal_output/predicted_genes/predicted.faa 
# Current dir:     /data/wgs_assembly/hybrid_genome_assembly_guide
# Date:            Sun Dec 28 03:00:47 2025
# [ok]
