#                                                                            --- full sequence --- -------------- this domain -------------   hmm coord   ali coord   env coord
# target name        accession   tlen query name           accession   qlen   E-value  score  bias   #  of  c-Evalue  i-Evalue  score  bias  from    to  from    to  from    to  acc description of target
#------------------- ---------- ----- -------------------- ---------- ----- --------- ------ ----- --- --- --------- --------- ------ ----- ----- ----- ----- ----- ----- ----- ---- ---------------------
3:4466-5719          -            418 1592033at2           -            393  1.1e-141  470.4   6.6   1   1  2.8e-143  1.3e-140  467.0   6.6     5   371     8   414     4   417 0.94 3_3 # 4466 # 5719 # 1 # ID=3_3;partial=00;start_type=ATG;rbs_motif=TAA;rbs_spacer=13bp;gc_cont=0.468
1:3966507-3967820    -            438 1592033at2           -            393   1.8e-24   84.6   0.1   1   2   8.1e-20   3.7e-17   60.5   0.0   197   355     5   168     2   173 0.88 1_3359 # 3966507 # 3967820 # -1 # ID=1_3359;partial=00;start_type=ATG;rbs_motif=TAAA;rbs_spacer=11bp;gc_cont=0.432
1:3966507-3967820    -            438 1592033at2           -            393   1.8e-24   84.6   0.1   2   2   4.7e-08   2.1e-05   21.7   0.1   192   322   173   308   171   364 0.75 1_3359 # 3966507 # 3967820 # -1 # ID=1_3359;partial=00;start_type=ATG;rbs_motif=TAAA;rbs_spacer=11bp;gc_cont=0.432
1:3145305-3146702    -            466 1592033at2           -            393   2.4e-15   54.5   2.9   1   1   7.4e-18   3.4e-15   54.0   2.9   161   352   189   388   181   421 0.79 1_2671 # 3145305 # 3146702 # 1 # ID=1_2671;partial=00;start_type=ATG;rbs_motif=AAAA;rbs_spacer=11bp;gc_cont=0.431
1:3601330-3602514    -            395 1592033at2           -            393   4.3e-13   47.1   0.0   1   1   2.3e-15   1.1e-12   45.8   0.0   194   352     9   170     5   184 0.84 1_3055 # 3601330 # 3602514 # 1 # ID=1_3055;partial=00;start_type=TTG;rbs_motif=AAA;rbs_spacer=13bp;gc_cont=0.489
1:492430-493647      -            406 1592033at2           -            393   4.5e-13   47.0   0.0   1   1   1.9e-15   8.7e-13   46.1   0.0   195   376   182   375   178   388 0.82 1_372 # 492430 # 493647 # 1 # ID=1_372;partial=00;start_type=ATG;rbs_motif=None;rbs_spacer=None;gc_cont=0.460
1:3967873-3968754    -            294 1592033at2           -            393     7e-13   46.4   0.2   1   1   2.2e-15     1e-12   45.9   0.2   197   352     7   169     2   197 0.78 1_3360 # 3967873 # 3968754 # -1 # ID=1_3360;partial=00;start_type=ATG;rbs_motif=AATAA;rbs_spacer=10bp;gc_cont=0.416
1:4505130-4506233    -            368 1592033at2           -            393   5.5e-07   27.0   0.3   1   3   7.4e-09   3.4e-06   24.4   0.0   197   241     5    50     2    59 0.90 1_3798 # 4505130 # 4506233 # 1 # ID=1_3798;partial=00;start_type=ATG;rbs_motif=TAAAAA;rbs_spacer=13bp;gc_cont=0.459
1:4505130-4506233    -            368 1592033at2           -            393   5.5e-07   27.0   0.3   2   3      0.92   4.2e+02   -2.3   0.1   170   193   138   161   125   197 0.70 1_3798 # 4505130 # 4506233 # 1 # ID=1_3798;partial=00;start_type=ATG;rbs_motif=TAAAAA;rbs_spacer=13bp;gc_cont=0.459
1:4505130-4506233    -            368 1592033at2           -            393   5.5e-07   27.0   0.3   3   3      0.44     2e+02   -1.2   0.2   314   342   222   250   159   285 0.61 1_3798 # 4505130 # 4506233 # 1 # ID=1_3798;partial=00;start_type=ATG;rbs_motif=TAAAAA;rbs_spacer=13bp;gc_cont=0.459
3:32273-33205        -            311 1592033at2           -            393     0.003   14.7   0.0   1   2   0.00016     0.072   10.1   0.0   303   350   117   175    89   181 0.84 3_21 # 32273 # 33205 # -1 # ID=3_21;partial=00;start_type=ATG;rbs_motif=TAA;rbs_spacer=3bp;gc_cont=0.472
3:32273-33205        -            311 1592033at2           -            393     0.003   14.7   0.0   2   2     0.032        15    2.5   0.0   201   215   180   194   174   204 0.84 3_21 # 32273 # 33205 # -1 # ID=3_21;partial=00;start_type=ATG;rbs_motif=TAA;rbs_spacer=3bp;gc_cont=0.472
1:789247-791769      -            841 1592033at2           -            393    0.0034   14.5   0.1   1   1     2e-05    0.0092   13.1   0.1   191   224   121   154   103   252 0.84 1_630 # 789247 # 791769 # 1 # ID=1_630;partial=00;start_type=ATG;rbs_motif=AAA;rbs_spacer=3bp;gc_cont=0.454
1:1513721-1514326    -            202 1592033at2           -            393     0.011   12.8   0.0   1   1   4.8e-05     0.022   11.8   0.0   194   218    23    47    12    54 0.86 1_1247 # 1513721 # 1514326 # -1 # ID=1_1247;partial=00;start_type=ATG;rbs_motif=TAAAAA;rbs_spacer=12bp;gc_cont=0.441
#
# Program:         hmmsearch
# Version:         3.1b2 (February 2015)
# Pipeline mode:   SEARCH
# Query file:      /data/wgs_assembly/hybrid_genome_assembly_guide/busco_downloads/lineages/bacteria_odb10/hmms/1592033at2.hmm
# Target file:     data/wgs_assembly/hybrid_genome_assembly_guide/06_genome_quality_assessment/busco/hybrid/prodigal_output/predicted_genes/predicted.faa
# Option settings: hmmsearch --domtblout data/wgs_assembly/hybrid_genome_assembly_guide/06_genome_quality_assessment/busco/hybrid/run_bacteria_odb10/hmmer_output/1592033at2.out --cpu 1 /data/wgs_assembly/hybrid_genome_assembly_guide/busco_downloads/lineages/bacteria_odb10/hmms/1592033at2.hmm data/wgs_assembly/hybrid_genome_assembly_guide/06_genome_quality_assessment/busco/hybrid/prodigal_output/predicted_genes/predicted.faa 
# Current dir:     /data/wgs_assembly/hybrid_genome_assembly_guide
# Date:            Sun Dec 28 03:00:47 2025
# [ok]
