#                                                                            --- full sequence --- -------------- this domain -------------   hmm coord   ali coord   env coord
# target name        accession   tlen query name           accession   qlen   E-value  score  bias   #  of  c-Evalue  i-Evalue  score  bias  from    to  from    to  from    to  acc description of target
#------------------- ---------- ----- -------------------- ---------- ----- --------- ------ ----- --- --- --------- --------- ------ ----- ----- ----- ----- ----- ----- ----- ---- ---------------------
1:42255-42746        -            164 1827334at2           -             97   2.2e-18   64.2   0.3   1   2   6.7e-16   6.1e-13   46.7   0.1    16    67     5    65     3    73 0.81 1_33 # 42255 # 42746 # -1 # ID=1_33;partial=00;start_type=GTG;rbs_motif=TAAAA;rbs_spacer=14bp;gc_cont=0.417
1:42255-42746        -            164 1827334at2           -             97   2.2e-18   64.2   0.3   2   2   3.9e-05     0.035   12.2   0.0    71    84    97   114    88   138 0.75 1_33 # 42255 # 42746 # -1 # ID=1_33;partial=00;start_type=GTG;rbs_motif=TAAAA;rbs_spacer=14bp;gc_cont=0.417
1:1887593-1888306    -            238 1827334at2           -             97     0.011   13.8   0.2   1   2    0.0002      0.19    9.9   0.1    34    71    39    76    35    81 0.88 1_1579 # 1887593 # 1888306 # 1 # ID=1_1579;partial=00;start_type=ATG;rbs_motif=TAA;rbs_spacer=15bp;gc_cont=0.424
1:1887593-1888306    -            238 1827334at2           -             97     0.011   13.8   0.2   2   2      0.09        82    1.4   0.0    71    83   106   118    91   131 0.84 1_1579 # 1887593 # 1888306 # 1 # ID=1_1579;partial=00;start_type=ATG;rbs_motif=TAA;rbs_spacer=15bp;gc_cont=0.424
1:5234090-5234590    -            167 1827334at2           -             97     0.019   13.1   0.0   1   1   3.4e-05     0.031   12.4   0.0    35    70    45    80    39    85 0.87 1_4382 # 5234090 # 5234590 # -1 # ID=1_4382;partial=00;start_type=ATG;rbs_motif=AATAA;rbs_spacer=3bp;gc_cont=0.417
1:4324784-4325584    -            267 1827334at2           -             97     0.023   12.8   0.0   1   1   7.3e-05     0.067   11.3   0.0    22    71    23    71    15    77 0.89 1_3647 # 4324784 # 4325584 # 1 # ID=1_3647;partial=00;start_type=ATG;rbs_motif=None;rbs_spacer=None;gc_cont=0.345
1:2151900-2153318    -            473 1827334at2           -             97     0.036   12.2   0.0   1   2    0.0025       2.2    6.5   0.0    36    62   329   354   327   367 0.87 1_1834 # 2151900 # 2153318 # 1 # ID=1_1834;partial=00;start_type=GTG;rbs_motif=TAA;rbs_spacer=13bp;gc_cont=0.457
1:2151900-2153318    -            473 1827334at2           -             97     0.036   12.2   0.0   2   2     0.028        26    3.1   0.0    64    90   388   414   371   422 0.85 1_1834 # 2151900 # 2153318 # 1 # ID=1_1834;partial=00;start_type=GTG;rbs_motif=TAA;rbs_spacer=13bp;gc_cont=0.457
#
# Program:         hmmsearch
# Version:         3.1b2 (February 2015)
# Pipeline mode:   SEARCH
# Query file:      /data/wgs_assembly/hybrid_genome_assembly_guide/busco_downloads/lineages/bacteria_odb10/hmms/1827334at2.hmm
# Target file:     data/wgs_assembly/hybrid_genome_assembly_guide/06_genome_quality_assessment/busco/hybrid/prodigal_output/predicted_genes/predicted.faa
# Option settings: hmmsearch --domtblout data/wgs_assembly/hybrid_genome_assembly_guide/06_genome_quality_assessment/busco/hybrid/run_bacteria_odb10/hmmer_output/1827334at2.out --cpu 1 /data/wgs_assembly/hybrid_genome_assembly_guide/busco_downloads/lineages/bacteria_odb10/hmms/1827334at2.hmm data/wgs_assembly/hybrid_genome_assembly_guide/06_genome_quality_assessment/busco/hybrid/prodigal_output/predicted_genes/predicted.faa 
# Current dir:     /data/wgs_assembly/hybrid_genome_assembly_guide
# Date:            Sun Dec 28 03:00:47 2025
# [ok]
