#                                                                            --- full sequence --- -------------- this domain -------------   hmm coord   ali coord   env coord
# target name        accession   tlen query name           accession   qlen   E-value  score  bias   #  of  c-Evalue  i-Evalue  score  bias  from    to  from    to  from    to  acc description of target
#------------------- ---------- ----- -------------------- ---------- ----- --------- ------ ----- --- --- --------- --------- ------ ----- ----- ----- ----- ----- ----- ----- ---- ---------------------
3:62133-62552        -            140 1827295at2           -             74   5.8e-20   69.0   2.9   1   1   4.1e-21   8.8e-19   65.3   2.9     5    74    21   110     9   110 0.81 3_52 # 62133 # 62552 # -1 # ID=3_52;partial=00;start_type=ATG;rbs_motif=TAAAAA;rbs_spacer=12bp;gc_cont=0.452
1:4704981-4705520    -            180 1827295at2           -             74   0.00019   19.3   0.1   1   1   1.7e-06   0.00037   18.4   0.1    11    33     4    26     2    29 0.91 1_3968 # 4704981 # 4705520 # 1 # ID=1_3968;partial=00;start_type=ATG;rbs_motif=AAAA;rbs_spacer=12bp;gc_cont=0.443
1:3826284-3828164    -            627 1827295at2           -             74    0.0015   16.5   0.0   1   1   2.4e-05    0.0051   14.8   0.0    10    35    21    46     9    73 0.83 1_3242 # 3826284 # 3828164 # 1 # ID=1_3242;partial=00;start_type=ATG;rbs_motif=TAA;rbs_spacer=11bp;gc_cont=0.400
1:4626122-4627150    -            343 1827295at2           -             74    0.0026   15.7   0.0   1   1   3.6e-05    0.0078   14.2   0.0     8    33    53    80    43    87 0.83 1_3903 # 4626122 # 4627150 # 1 # ID=1_3903;partial=00;start_type=ATG;rbs_motif=TAAAAA;rbs_spacer=4bp;gc_cont=0.504
1:552036-554624      -            863 1827295at2           -             74     0.003   15.5   0.0   1   2      0.01       2.2    6.3   0.0    12    36   201   226   189   228 0.86 1_420 # 552036 # 554624 # -1 # ID=1_420;partial=00;start_type=ATG;rbs_motif=AATAA;rbs_spacer=5bp;gc_cont=0.418
1:552036-554624      -            863 1827295at2           -             74     0.003   15.5   0.0   2   2    0.0096       2.1    6.4   0.0    11    31   599   619   584   623 0.85 1_420 # 552036 # 554624 # -1 # ID=1_420;partial=00;start_type=ATG;rbs_motif=AATAA;rbs_spacer=5bp;gc_cont=0.418
1:3387731-3389365    -            545 1827295at2           -             74    0.0036   15.2   0.1   1   2    0.0056       1.2    7.1   0.0     9    29    28    48    14    62 0.81 1_2878 # 3387731 # 3389365 # 1 # ID=1_2878;partial=00;start_type=ATG;rbs_motif=TAAAA;rbs_spacer=14bp;gc_cont=0.461
1:3387731-3389365    -            545 1827295at2           -             74    0.0036   15.2   0.1   2   2     0.019       4.1    5.4   0.0     8    33   352   378   343   382 0.80 1_2878 # 3387731 # 3389365 # 1 # ID=1_2878;partial=00;start_type=ATG;rbs_motif=TAAAA;rbs_spacer=14bp;gc_cont=0.461
1:2743054-2744373    -            440 1827295at2           -             74     0.004   15.1   0.1   1   1   4.3e-05    0.0094   13.9   0.1     8    33    96   124    83   143 0.84 1_2354 # 2743054 # 2744373 # 1 # ID=1_2354;partial=00;start_type=ATG;rbs_motif=TAA;rbs_spacer=9bp;gc_cont=0.502
1:2545998-2546696    -            233 1827295at2           -             74    0.0062   14.5   0.0   1   1   6.5e-05     0.014   13.3   0.0     8    38    30    59    17    61 0.83 1_2183 # 2545998 # 2546696 # -1 # ID=1_2183;partial=00;start_type=ATG;rbs_motif=TAA;rbs_spacer=13bp;gc_cont=0.514
1:1315055-1316326    -            424 1827295at2           -             74    0.0072   14.3   0.0   1   2   0.00014      0.03   12.3   0.0     9    43    39    69    29    72 0.82 1_1066 # 1315055 # 1316326 # -1 # ID=1_1066;partial=00;start_type=ATG;rbs_motif=AAA;rbs_spacer=5bp;gc_cont=0.484
1:1315055-1316326    -            424 1827295at2           -             74    0.0072   14.3   0.0   2   2       4.9   1.1e+03   -2.3   0.0    34    62   129   158   121   162 0.69 1_1066 # 1315055 # 1316326 # -1 # ID=1_1066;partial=00;start_type=ATG;rbs_motif=AAA;rbs_spacer=5bp;gc_cont=0.484
3:32273-33205        -            311 1827295at2           -             74    0.0099   13.8   0.1   1   1   0.00013     0.028   12.4   0.1     9    36   174   199   160   204 0.83 3_21 # 32273 # 33205 # -1 # ID=3_21;partial=00;start_type=ATG;rbs_motif=TAA;rbs_spacer=3bp;gc_cont=0.472
1:233785-234786      -            334 1827295at2           -             74      0.01   13.8   0.1   1   1   0.00012     0.026   12.5   0.1     9    38    34    63    21    69 0.86 1_171 # 233785 # 234786 # -1 # ID=1_171;partial=00;start_type=GTG;rbs_motif=AATAA;rbs_spacer=9bp;gc_cont=0.409
1:2035861-2038395    -            845 1827295at2           -             74     0.011   13.7   0.0   1   2      0.26        56    1.8   0.0    12    31   235   254   218   262 0.80 1_1734 # 2035861 # 2038395 # -1 # ID=1_1734;partial=00;start_type=ATG;rbs_motif=AAA;rbs_spacer=3bp;gc_cont=0.419
1:2035861-2038395    -            845 1827295at2           -             74     0.011   13.7   0.0   2   2    0.0017      0.37    8.8   0.0    11    32   571   592   555   598 0.84 1_1734 # 2035861 # 2038395 # -1 # ID=1_1734;partial=00;start_type=ATG;rbs_motif=AAA;rbs_spacer=3bp;gc_cont=0.419
1:858026-859615      -            530 1827295at2           -             74     0.011   13.7   0.1   1   2     0.053        11    4.0   0.0     9    32    30    53    18    68 0.83 1_694 # 858026 # 859615 # -1 # ID=1_694;partial=00;start_type=ATG;rbs_motif=AAA;rbs_spacer=13bp;gc_cont=0.465
1:858026-859615      -            530 1827295at2           -             74     0.011   13.7   0.1   2   2    0.0065       1.4    6.9   0.0     9    28   366   385   356   394 0.80 1_694 # 858026 # 859615 # -1 # ID=1_694;partial=00;start_type=ATG;rbs_motif=AAA;rbs_spacer=13bp;gc_cont=0.465
1:352281-354281      -            667 1827295at2           -             74     0.012   13.6   0.0   1   1   0.00012     0.026   12.5   0.0     9    33    24    48     9    57 0.80 1_256 # 352281 # 354281 # -1 # ID=1_256;partial=00;start_type=GTG;rbs_motif=None;rbs_spacer=None;gc_cont=0.503
1:3708064-3710019    -            652 1827295at2           -             74     0.014   13.4   0.0   1   2    0.0062       1.4    7.0   0.0     9    40    28    54    12    59 0.77 1_3141 # 3708064 # 3710019 # -1 # ID=1_3141;partial=00;start_type=GTG;rbs_motif=AAA;rbs_spacer=3bp;gc_cont=0.454
1:3708064-3710019    -            652 1827295at2           -             74     0.014   13.4   0.0   2   2     0.069        15    3.7   0.0     9    32   354   377   343   381 0.83 1_3141 # 3708064 # 3710019 # -1 # ID=1_3141;partial=00;start_type=GTG;rbs_motif=AAA;rbs_spacer=3bp;gc_cont=0.454
1:44361-45779        -            473 1827295at2           -             74     0.014   13.3   0.1   1   1   0.00017     0.037   12.0   0.1     7    33    37    64    25    69 0.84 1_36 # 44361 # 45779 # 1 # ID=1_36;partial=00;start_type=ATG;rbs_motif=None;rbs_spacer=None;gc_cont=0.434
1:379187-379891      -            235 1827295at2           -             74     0.022   12.7   0.1   1   1   0.00023      0.05   11.6   0.1     8    32    26    51     9    58 0.81 1_280 # 379187 # 379891 # -1 # ID=1_280;partial=00;start_type=ATG;rbs_motif=AAAAA;rbs_spacer=5bp;gc_cont=0.396
1:3958095-3959342    -            416 1827295at2           -             74     0.026   12.5   0.0   1   1   0.00033     0.071   11.1   0.0     9    33   114   138   101   148 0.82 1_3351 # 3958095 # 3959342 # -1 # ID=1_3351;partial=00;start_type=ATG;rbs_motif=AAGAA;rbs_spacer=6bp;gc_cont=0.488
1:1884940-1887408    -            823 1827295at2           -             74     0.031   12.3   0.0   1   2       8.2   1.8e+03   -3.0   0.0    23    49   300   326   300   329 0.76 1_1578 # 1884940 # 1887408 # -1 # ID=1_1578;partial=00;start_type=ATG;rbs_motif=TAAA;rbs_spacer=14bp;gc_cont=0.427
1:1884940-1887408    -            823 1827295at2           -             74     0.031   12.3   0.0   2   2   0.00055      0.12   10.4   0.0     9    33   380   404   353   407 0.87 1_1578 # 1884940 # 1887408 # -1 # ID=1_1578;partial=00;start_type=ATG;rbs_motif=TAAA;rbs_spacer=14bp;gc_cont=0.427
1:2697129-2697737    -            203 1827295at2           -             74     0.033   12.2   0.0   1   1   0.00033     0.072   11.1   0.0    11    32     4    25     2    40 0.87 1_2312 # 2697129 # 2697737 # 1 # ID=1_2312;partial=00;start_type=ATG;rbs_motif=TAA;rbs_spacer=4bp;gc_cont=0.471
1:2256679-2258139    -            487 1827295at2           -             74     0.058   11.4   0.5   1   2      0.11        23    3.0   0.1     9    29    31    51    16    62 0.77 1_1929 # 2256679 # 2258139 # -1 # ID=1_1929;partial=00;start_type=ATG;rbs_motif=TAAA;rbs_spacer=12bp;gc_cont=0.500
1:2256679-2258139    -            487 1827295at2           -             74     0.058   11.4   0.5   2   2     0.011       2.4    6.2   0.1     9    29   271   291   258   300 0.81 1_1929 # 2256679 # 2258139 # -1 # ID=1_1929;partial=00;start_type=ATG;rbs_motif=TAAA;rbs_spacer=12bp;gc_cont=0.500
#
# Program:         hmmsearch
# Version:         3.1b2 (February 2015)
# Pipeline mode:   SEARCH
# Query file:      /data/wgs_assembly/hybrid_genome_assembly_guide/busco_downloads/lineages/bacteria_odb10/hmms/1827295at2.hmm
# Target file:     data/wgs_assembly/hybrid_genome_assembly_guide/06_genome_quality_assessment/busco/hybrid/prodigal_output/predicted_genes/predicted.faa
# Option settings: hmmsearch --domtblout data/wgs_assembly/hybrid_genome_assembly_guide/06_genome_quality_assessment/busco/hybrid/run_bacteria_odb10/hmmer_output/1827295at2.out --cpu 1 /data/wgs_assembly/hybrid_genome_assembly_guide/busco_downloads/lineages/bacteria_odb10/hmms/1827295at2.hmm data/wgs_assembly/hybrid_genome_assembly_guide/06_genome_quality_assessment/busco/hybrid/prodigal_output/predicted_genes/predicted.faa 
# Current dir:     /data/wgs_assembly/hybrid_genome_assembly_guide
# Date:            Sun Dec 28 03:00:47 2025
# [ok]
