#                                                                            --- full sequence --- -------------- this domain -------------   hmm coord   ali coord   env coord
# target name        accession   tlen query name           accession   qlen   E-value  score  bias   #  of  c-Evalue  i-Evalue  score  bias  from    to  from    to  from    to  acc description of target
#------------------- ---------- ----- -------------------- ---------- ----- --------- ------ ----- --- --- --------- --------- ------ ----- ----- ----- ----- ----- ----- ----- ---- ---------------------
1:3544796-3546223    -            476 219876at2            -            282   1.2e-73  246.0   2.6   1   1     3e-76   2.3e-73  245.1   2.6    15   279   130   451   121   454 0.85 1_3003 # 3544796 # 3546223 # 1 # ID=1_3003;partial=00;start_type=ATG;rbs_motif=TAAA;rbs_spacer=15bp;gc_cont=0.419
1:4626122-4627150    -            343 219876at2            -            282   0.00025   18.5   0.0   1   1   6.8e-07   0.00051   17.5   0.0    41   107    49   119    15   146 0.76 1_3903 # 4626122 # 4627150 # 1 # ID=1_3903;partial=00;start_type=ATG;rbs_motif=TAAAAA;rbs_spacer=4bp;gc_cont=0.504
1:1884940-1887408    -            823 219876at2            -            282    0.0018   15.8   3.8   1   3    0.0086       6.5    4.1   1.3   155   216   215   272   206   292 0.83 1_1578 # 1884940 # 1887408 # -1 # ID=1_1578;partial=00;start_type=ATG;rbs_motif=TAAA;rbs_spacer=14bp;gc_cont=0.427
1:1884940-1887408    -            823 219876at2            -            282    0.0018   15.8   3.8   2   3   0.00013     0.096   10.1   0.0    50    77   382   409   361   411 0.83 1_1578 # 1884940 # 1887408 # -1 # ID=1_1578;partial=00;start_type=ATG;rbs_motif=TAAA;rbs_spacer=14bp;gc_cont=0.427
1:1884940-1887408    -            823 219876at2            -            282    0.0018   15.8   3.8   3   3      0.33   2.5e+02   -1.1   0.0   154   191   549   586   545   595 0.82 1_1578 # 1884940 # 1887408 # -1 # ID=1_1578;partial=00;start_type=ATG;rbs_motif=TAAA;rbs_spacer=14bp;gc_cont=0.427
1:1315055-1316326    -            424 219876at2            -            282    0.0029   15.1   0.0   1   1   7.2e-06    0.0054   14.2   0.0    45    82    36    73    26   182 0.77 1_1066 # 1315055 # 1316326 # -1 # ID=1_1066;partial=00;start_type=ATG;rbs_motif=AAA;rbs_spacer=5bp;gc_cont=0.484
1:5063166-5064296    -            377 219876at2            -            282    0.0036   14.7   0.1   1   2     4e-05      0.03   11.7   0.0    39   106    13    87     2    94 0.81 1_4258 # 5063166 # 5064296 # -1 # ID=1_4258;partial=00;start_type=ATG;rbs_motif=TAA;rbs_spacer=3bp;gc_cont=0.464
1:5063166-5064296    -            377 219876at2            -            282    0.0036   14.7   0.1   2   2       0.1        77    0.5   0.0   207   266   174   234   145   243 0.72 1_4258 # 5063166 # 5064296 # -1 # ID=1_4258;partial=00;start_type=ATG;rbs_motif=TAA;rbs_spacer=3bp;gc_cont=0.464
1:1632884-1635424    -            847 219876at2            -            282    0.0039   14.6   0.3   1   2   0.00012     0.091   10.1   0.0    37    67     8    38     2    48 0.87 1_1353 # 1632884 # 1635424 # 1 # ID=1_1353;partial=00;start_type=ATG;rbs_motif=AAA;rbs_spacer=10bp;gc_cont=0.431
1:1632884-1635424    -            847 219876at2            -            282    0.0039   14.6   0.3   2   2      0.04        31    1.8   0.1    82   109    88   116    79   126 0.75 1_1353 # 1632884 # 1635424 # 1 # ID=1_1353;partial=00;start_type=ATG;rbs_motif=AAA;rbs_spacer=10bp;gc_cont=0.431
#
# Program:         hmmsearch
# Version:         3.1b2 (February 2015)
# Pipeline mode:   SEARCH
# Query file:      /data/wgs_assembly/hybrid_genome_assembly_guide/busco_downloads/lineages/bacteria_odb10/hmms/219876at2.hmm
# Target file:     data/wgs_assembly/hybrid_genome_assembly_guide/06_genome_quality_assessment/busco/hybrid/prodigal_output/predicted_genes/predicted.faa
# Option settings: hmmsearch --domtblout data/wgs_assembly/hybrid_genome_assembly_guide/06_genome_quality_assessment/busco/hybrid/run_bacteria_odb10/hmmer_output/219876at2.out --cpu 1 /data/wgs_assembly/hybrid_genome_assembly_guide/busco_downloads/lineages/bacteria_odb10/hmms/219876at2.hmm data/wgs_assembly/hybrid_genome_assembly_guide/06_genome_quality_assessment/busco/hybrid/prodigal_output/predicted_genes/predicted.faa 
# Current dir:     /data/wgs_assembly/hybrid_genome_assembly_guide
# Date:            Sun Dec 28 03:00:48 2025
# [ok]
