#                                                                            --- full sequence --- -------------- this domain -------------   hmm coord   ali coord   env coord
# target name        accession   tlen query name           accession   qlen   E-value  score  bias   #  of  c-Evalue  i-Evalue  score  bias  from    to  from    to  from    to  acc description of target
#------------------- ---------- ----- -------------------- ---------- ----- --------- ------ ----- --- --- --------- --------- ------ ----- ----- ----- ----- ----- ----- ----- ---- ---------------------
1:2245305-2247338    -            678 95696at2             -            490  2.3e-216  717.2  14.8   1   2    3e-218  1.1e-215  714.9  10.5     1   480    33   591    33   596 0.89 1_1920 # 2245305 # 2247338 # 1 # ID=1_1920;partial=00;start_type=ATG;rbs_motif=AAAAA;rbs_spacer=6bp;gc_cont=0.449
1:2245305-2247338    -            678 95696at2             -            490  2.3e-216  717.2  14.8   2   2       0.6   2.3e+02   -1.8   0.1   464   490   637   664   625   664 0.78 1_1920 # 2245305 # 2247338 # 1 # ID=1_1920;partial=00;start_type=ATG;rbs_motif=AAAAA;rbs_spacer=6bp;gc_cont=0.449
1:4092739-4095234    -            832 95696at2             -            490   1.5e-10   38.4   0.3   1   3    0.0012      0.46    7.1   0.0     3    49   318   367   316   379 0.84 1_3473 # 4092739 # 4095234 # -1 # ID=1_3473;partial=00;start_type=TTG;rbs_motif=AAA;rbs_spacer=10bp;gc_cont=0.479
1:4092739-4095234    -            832 95696at2             -            490   1.5e-10   38.4   0.3   2   3      0.38   1.4e+02   -1.2   0.0   366   393   372   400   366   421 0.84 1_3473 # 4092739 # 4095234 # -1 # ID=1_3473;partial=00;start_type=TTG;rbs_motif=AAA;rbs_spacer=10bp;gc_cont=0.479
1:4092739-4095234    -            832 95696at2             -            490   1.5e-10   38.4   0.3   3   3     5e-10   1.9e-07   28.1   0.1   376   442   624   699   593   714 0.77 1_3473 # 4092739 # 4095234 # -1 # ID=1_3473;partial=00;start_type=TTG;rbs_motif=AAA;rbs_spacer=10bp;gc_cont=0.479
1:1879206-1880462    -            419 95696at2             -            490   4.9e-09   33.4   0.6   1   2      0.58   2.2e+02   -1.8   0.0     7    46    47    95    42   107 0.55 1_1573 # 1879206 # 1880462 # -1 # ID=1_1573;partial=00;start_type=ATG;rbs_motif=TAAAAA;rbs_spacer=6bp;gc_cont=0.417
1:1879206-1880462    -            419 95696at2             -            490   4.9e-09   33.4   0.6   2   2   3.4e-11   1.3e-08   32.0   0.4   337   437   245   340   234   368 0.87 1_1573 # 1879206 # 1880462 # -1 # ID=1_1573;partial=00;start_type=ATG;rbs_motif=TAAAAA;rbs_spacer=6bp;gc_cont=0.417
1:2614067-2617444    -           1126 95696at2             -            490   1.5e-08   31.8   1.2   1   3   0.00035      0.13    8.9   0.0   128   166   168   210   156   247 0.85 1_2245 # 2614067 # 2617444 # -1 # ID=1_2245;partial=00;start_type=ATG;rbs_motif=TAAAA;rbs_spacer=8bp;gc_cont=0.469
1:2614067-2617444    -           1126 95696at2             -            490   1.5e-08   31.8   1.2   2   3    0.0056       2.1    4.9   0.1   322   412   594   688   582   714 0.77 1_2245 # 2614067 # 2617444 # -1 # ID=1_2245;partial=00;start_type=ATG;rbs_motif=TAAAA;rbs_spacer=8bp;gc_cont=0.469
1:2614067-2617444    -           1126 95696at2             -            490   1.5e-08   31.8   1.2   3   3   4.9e-06    0.0018   15.0   0.0   362   443   795   872   777   905 0.84 1_2245 # 2614067 # 2617444 # -1 # ID=1_2245;partial=00;start_type=ATG;rbs_motif=TAAAA;rbs_spacer=8bp;gc_cont=0.469
1:3955743-3957923    -            727 95696at2             -            490   4.3e-06   23.7   0.0   1   1   2.8e-08   1.1e-05   22.4   0.0   340   438   238   331   210   350 0.84 1_3350 # 3955743 # 3957923 # -1 # ID=1_3350;partial=00;start_type=ATG;rbs_motif=TAAAA;rbs_spacer=14bp;gc_cont=0.451
1:3643626-3645530    -            635 95696at2             -            490   2.7e-05   21.0   0.1   1   2       1.2   4.7e+02   -2.8   0.0   331   382    51   101    44   109 0.55 1_3095 # 3643626 # 3645530 # 1 # ID=1_3095;partial=00;start_type=GTG;rbs_motif=None;rbs_spacer=None;gc_cont=0.491
1:3643626-3645530    -            635 95696at2             -            490   2.7e-05   21.0   0.1   2   2   2.1e-07   7.9e-05   19.5   0.0   339   455   228   343   212   357 0.81 1_3095 # 3643626 # 3645530 # 1 # ID=1_3095;partial=00;start_type=GTG;rbs_motif=None;rbs_spacer=None;gc_cont=0.491
1:1480828-1482147    -            440 95696at2             -            490   5.4e-05   20.0   0.0   1   2      0.21        81   -0.3   0.0     2    46    35    85    34    90 0.69 1_1219 # 1480828 # 1482147 # 1 # ID=1_1219;partial=00;start_type=ATG;rbs_motif=AACAA;rbs_spacer=15bp;gc_cont=0.484
1:1480828-1482147    -            440 95696at2             -            490   5.4e-05   20.0   0.0   2   2   7.8e-07   0.00029   17.6   0.0   350   408   243   301   229   320 0.90 1_1219 # 1480828 # 1482147 # 1 # ID=1_1219;partial=00;start_type=ATG;rbs_motif=AACAA;rbs_spacer=15bp;gc_cont=0.484
1:4633790-4635733    -            648 95696at2             -            490   8.5e-05   19.4   0.1   1   2      0.14        54    0.2   0.0     4    46    57   105    54   108 0.72 1_3908 # 4633790 # 4635733 # -1 # ID=1_3908;partial=00;start_type=TTG;rbs_motif=TAA;rbs_spacer=9bp;gc_cont=0.496
1:4633790-4635733    -            648 95696at2             -            490   8.5e-05   19.4   0.1   2   2   1.7e-06   0.00065   16.5   0.0   341   408   258   325   240   352 0.89 1_3908 # 4633790 # 4635733 # -1 # ID=1_3908;partial=00;start_type=TTG;rbs_motif=TAA;rbs_spacer=9bp;gc_cont=0.496
1:1050239-1051522    -            428 95696at2             -            490    0.0003   17.6   0.2   1   2      0.21        80   -0.3   0.0     6    44    46    92    40    99 0.67 1_857 # 1050239 # 1051522 # -1 # ID=1_857;partial=00;start_type=ATG;rbs_motif=None;rbs_spacer=None;gc_cont=0.452
1:1050239-1051522    -            428 95696at2             -            490    0.0003   17.6   0.2   2   2   3.8e-06    0.0014   15.3   0.1   335   408   240   313   202   336 0.88 1_857 # 1050239 # 1051522 # -1 # ID=1_857;partial=00;start_type=ATG;rbs_motif=None;rbs_spacer=None;gc_cont=0.452
1:3678700-3680796    -            699 95696at2             -            490   0.00037   17.3   1.1   1   3    0.0084       3.2    4.3   0.0     2    47   293   341   292   346 0.80 1_3121 # 3678700 # 3680796 # -1 # ID=1_3121;partial=00;start_type=ATG;rbs_motif=None;rbs_spacer=None;gc_cont=0.440
1:3678700-3680796    -            699 95696at2             -            490   0.00037   17.3   1.1   2   3    0.0028       1.1    5.9   0.2   345   398   330   383   326   409 0.80 1_3121 # 3678700 # 3680796 # -1 # ID=1_3121;partial=00;start_type=ATG;rbs_motif=None;rbs_spacer=None;gc_cont=0.440
1:3678700-3680796    -            699 95696at2             -            490   0.00037   17.3   1.1   3   3   0.00077      0.29    7.7   0.0   360   435   513   587   496   619 0.79 1_3121 # 3678700 # 3680796 # -1 # ID=1_3121;partial=00;start_type=ATG;rbs_motif=None;rbs_spacer=None;gc_cont=0.440
1:3048425-3050230    -            602 95696at2             -            490     0.031   11.0   0.1   1   2      0.56   2.1e+02   -1.7   0.0   292   325   159   192   142   199 0.84 1_2580 # 3048425 # 3050230 # 1 # ID=1_2580;partial=00;start_type=ATG;rbs_motif=AAAAA;rbs_spacer=6bp;gc_cont=0.502
1:3048425-3050230    -            602 95696at2             -            490     0.031   11.0   0.1   2   2   0.00026     0.097    9.3   0.0   340   436   230   321   210   366 0.82 1_2580 # 3048425 # 3050230 # 1 # ID=1_2580;partial=00;start_type=ATG;rbs_motif=AAAAA;rbs_spacer=6bp;gc_cont=0.502
1:897862-900177      -            772 95696at2             -            490     0.032   10.9   1.3   1   2    0.0011      0.42    7.2   0.1     4    44   189   235   186   244 0.69 1_725 # 897862 # 900177 # 1 # ID=1_725;partial=00;start_type=ATG;rbs_motif=TAAA;rbs_spacer=12bp;gc_cont=0.404
1:897862-900177      -            772 95696at2             -            490     0.032   10.9   1.3   2   2     0.066        25    1.3   0.1   182   225   393   436   357   446 0.83 1_725 # 897862 # 900177 # 1 # ID=1_725;partial=00;start_type=ATG;rbs_motif=TAAA;rbs_spacer=12bp;gc_cont=0.404
#
# Program:         hmmsearch
# Version:         3.1b2 (February 2015)
# Pipeline mode:   SEARCH
# Query file:      /data/wgs_assembly/hybrid_genome_assembly_guide/busco_downloads/lineages/bacteria_odb10/hmms/95696at2.hmm
# Target file:     data/wgs_assembly/hybrid_genome_assembly_guide/06_genome_quality_assessment/busco/hybrid/prodigal_output/predicted_genes/predicted.faa
# Option settings: hmmsearch --domtblout data/wgs_assembly/hybrid_genome_assembly_guide/06_genome_quality_assessment/busco/hybrid/run_bacteria_odb10/hmmer_output/95696at2.out --cpu 1 /data/wgs_assembly/hybrid_genome_assembly_guide/busco_downloads/lineages/bacteria_odb10/hmms/95696at2.hmm data/wgs_assembly/hybrid_genome_assembly_guide/06_genome_quality_assessment/busco/hybrid/prodigal_output/predicted_genes/predicted.faa 
# Current dir:     /data/wgs_assembly/hybrid_genome_assembly_guide
# Date:            Sun Dec 28 03:00:48 2025
# [ok]
