#                                                                            --- full sequence --- -------------- this domain -------------   hmm coord   ali coord   env coord
# target name        accession   tlen query name           accession   qlen   E-value  score  bias   #  of  c-Evalue  i-Evalue  score  bias  from    to  from    to  from    to  acc description of target
#------------------- ---------- ----- -------------------- ---------- ----- --------- ------ ----- --- --- --------- --------- ------ ----- ----- ----- ----- ----- ----- ----- ---- ---------------------
1:3967873-3968754    -            294 984717at2            -            224   4.8e-65  217.2   8.5   1   2   1.7e-35   6.5e-33  112.1   1.0     1   124     6   143     6   152 0.82 1_3360 # 3967873 # 3968754 # -1 # ID=1_3360;partial=00;start_type=ATG;rbs_motif=AATAA;rbs_spacer=10bp;gc_cont=0.416
1:3967873-3968754    -            294 984717at2            -            224   4.8e-65  217.2   8.5   2   2     4e-34   1.5e-31  107.7   1.4   112   224   158   290   148   290 0.85 1_3360 # 3967873 # 3968754 # -1 # ID=1_3360;partial=00;start_type=ATG;rbs_motif=AATAA;rbs_spacer=10bp;gc_cont=0.416
1:3966507-3967820    -            438 984717at2            -            224   9.3e-30  101.8   2.4   1   2   4.4e-17   1.7e-14   51.9   0.3     2   104     5   124     4   130 0.71 1_3359 # 3966507 # 3967820 # -1 # ID=1_3359;partial=00;start_type=ATG;rbs_motif=TAAA;rbs_spacer=11bp;gc_cont=0.432
1:3966507-3967820    -            438 984717at2            -            224   9.3e-30  101.8   2.4   2   2   3.3e-16   1.3e-13   49.1   0.1     3   106   179   301   177   316 0.71 1_3359 # 3966507 # 3967820 # -1 # ID=1_3359;partial=00;start_type=ATG;rbs_motif=TAAA;rbs_spacer=11bp;gc_cont=0.432
1:3145305-3146702    -            466 984717at2            -            224   7.5e-14   49.8   1.7   1   1     6e-16   2.3e-13   48.2   1.6     2   107   223   345   222   385 0.73 1_2671 # 3145305 # 3146702 # 1 # ID=1_2671;partial=00;start_type=ATG;rbs_motif=AAAA;rbs_spacer=11bp;gc_cont=0.431
3:4466-5719          -            418 984717at2            -            224     4e-10   37.6   2.3   1   2     0.015       5.5    4.4   0.2    60   119    71   130    66   141 0.90 3_3 # 4466 # 5719 # 1 # ID=3_3;partial=00;start_type=ATG;rbs_motif=TAA;rbs_spacer=13bp;gc_cont=0.468
3:4466-5719          -            418 984717at2            -            224     4e-10   37.6   2.3   2   2   3.9e-11   1.5e-08   32.5   0.1     2   143   217   361   216   384 0.69 3_3 # 4466 # 5719 # 1 # ID=3_3;partial=00;start_type=ATG;rbs_motif=TAA;rbs_spacer=13bp;gc_cont=0.468
1:3601330-3602514    -            395 984717at2            -            224   9.7e-10   36.3   0.0   1   1   6.3e-12   2.4e-09   35.0   0.0     2   106    12   130    11   137 0.71 1_3055 # 3601330 # 3602514 # 1 # ID=1_3055;partial=00;start_type=TTG;rbs_motif=AAA;rbs_spacer=13bp;gc_cont=0.489
1:492430-493647      -            406 984717at2            -            224   7.5e-06   23.6   0.0   1   1   4.4e-08   1.7e-05   22.5   0.0     2    59   184   242   183   318 0.79 1_372 # 492430 # 493647 # 1 # ID=1_372;partial=00;start_type=ATG;rbs_motif=None;rbs_spacer=None;gc_cont=0.460
1:1513721-1514326    -            202 984717at2            -            224   1.9e-05   22.3   0.0   1   1   8.9e-08   3.4e-05   21.5   0.0     3    56    27    79    26   109 0.84 1_1247 # 1513721 # 1514326 # -1 # ID=1_1247;partial=00;start_type=ATG;rbs_motif=TAAAAA;rbs_spacer=12bp;gc_cont=0.441
1:4505130-4506233    -            368 984717at2            -            224   0.00093   16.8   0.5   1   2   5.2e-06     0.002   15.7   0.0     3    23     6    26     4    45 0.89 1_3798 # 4505130 # 4506233 # 1 # ID=1_3798;partial=00;start_type=ATG;rbs_motif=TAAAAA;rbs_spacer=13bp;gc_cont=0.459
1:4505130-4506233    -            368 984717at2            -            224   0.00093   16.8   0.5   2   2       4.4   1.7e+03   -3.7   0.1    65    82   224   241   220   251 0.71 1_3798 # 4505130 # 4506233 # 1 # ID=1_3798;partial=00;start_type=ATG;rbs_motif=TAAAAA;rbs_spacer=13bp;gc_cont=0.459
1:3387731-3389365    -            545 984717at2            -            224    0.0024   15.4   1.2   1   3    0.0096       3.6    5.0   0.0     2    21    30    49    29    58 0.90 1_2878 # 3387731 # 3389365 # 1 # ID=1_2878;partial=00;start_type=ATG;rbs_motif=TAAAA;rbs_spacer=14bp;gc_cont=0.461
1:3387731-3389365    -            545 984717at2            -            224    0.0024   15.4   1.2   2   3     0.015       5.7    4.4   0.1     2    21   356   375   355   378 0.90 1_2878 # 3387731 # 3389365 # 1 # ID=1_2878;partial=00;start_type=ATG;rbs_motif=TAAAA;rbs_spacer=14bp;gc_cont=0.461
1:3387731-3389365    -            545 984717at2            -            224    0.0024   15.4   1.2   3   3     0.041        16    3.0   0.0    23    83   442   501   440   525 0.78 1_2878 # 3387731 # 3389365 # 1 # ID=1_2878;partial=00;start_type=ATG;rbs_motif=TAAAA;rbs_spacer=14bp;gc_cont=0.461
3:32273-33205        -            311 984717at2            -            224     0.012   13.1   0.2   1   2      0.15        59    1.1   0.0    58   105    85   132    44   144 0.79 3_21 # 32273 # 33205 # -1 # ID=3_21;partial=00;start_type=ATG;rbs_motif=TAA;rbs_spacer=3bp;gc_cont=0.472
3:32273-33205        -            311 984717at2            -            224     0.012   13.1   0.2   2   2   0.00033      0.12    9.8   0.0     6    56   180   235   175   239 0.56 3_21 # 32273 # 33205 # -1 # ID=3_21;partial=00;start_type=ATG;rbs_motif=TAA;rbs_spacer=3bp;gc_cont=0.472
1:3708064-3710019    -            652 984717at2            -            224     0.031   11.8   1.2   1   3     0.011       4.2    4.8   0.1     2    21    30    49    29    52 0.89 1_3141 # 3708064 # 3710019 # -1 # ID=1_3141;partial=00;start_type=GTG;rbs_motif=AAA;rbs_spacer=3bp;gc_cont=0.454
1:3708064-3710019    -            652 984717at2            -            224     0.031   11.8   1.2   2   3     0.025       9.5    3.7   0.1     2    21   356   375   355   377 0.89 1_3141 # 3708064 # 3710019 # -1 # ID=1_3141;partial=00;start_type=GTG;rbs_motif=AAA;rbs_spacer=3bp;gc_cont=0.454
1:3708064-3710019    -            652 984717at2            -            224     0.031   11.8   1.2   3   3      0.48   1.8e+02   -0.5   0.0    23    83   441   500   437   512 0.75 1_3141 # 3708064 # 3710019 # -1 # ID=1_3141;partial=00;start_type=GTG;rbs_motif=AAA;rbs_spacer=3bp;gc_cont=0.454
1:961427-963292      -            622 984717at2            -            224      0.35    8.3   7.0   1   3      0.26        99    0.3   0.2     2    22    33    53    32    54 0.84 1_785 # 961427 # 963292 # 1 # ID=1_785;partial=00;start_type=ATG;rbs_motif=None;rbs_spacer=None;gc_cont=0.468
1:961427-963292      -            622 984717at2            -            224      0.35    8.3   7.0   2   3     0.027        10    3.6   0.4     3    22   342   361   340   363 0.92 1_785 # 961427 # 963292 # 1 # ID=1_785;partial=00;start_type=ATG;rbs_motif=None;rbs_spacer=None;gc_cont=0.468
1:961427-963292      -            622 984717at2            -            224      0.35    8.3   7.0   3   3    0.0035       1.3    6.4   0.1   109   150   570   612   544   617 0.84 1_785 # 961427 # 963292 # 1 # ID=1_785;partial=00;start_type=ATG;rbs_motif=None;rbs_spacer=None;gc_cont=0.468
#
# Program:         hmmsearch
# Version:         3.1b2 (February 2015)
# Pipeline mode:   SEARCH
# Query file:      /data/wgs_assembly/hybrid_genome_assembly_guide/busco_downloads/lineages/bacteria_odb10/hmms/984717at2.hmm
# Target file:     data/wgs_assembly/hybrid_genome_assembly_guide/06_genome_quality_assessment/busco/hybrid/prodigal_output/predicted_genes/predicted.faa
# Option settings: hmmsearch --domtblout data/wgs_assembly/hybrid_genome_assembly_guide/06_genome_quality_assessment/busco/hybrid/run_bacteria_odb10/hmmer_output/984717at2.out --cpu 1 /data/wgs_assembly/hybrid_genome_assembly_guide/busco_downloads/lineages/bacteria_odb10/hmms/984717at2.hmm data/wgs_assembly/hybrid_genome_assembly_guide/06_genome_quality_assessment/busco/hybrid/prodigal_output/predicted_genes/predicted.faa 
# Current dir:     /data/wgs_assembly/hybrid_genome_assembly_guide
# Date:            Sun Dec 28 03:00:48 2025
# [ok]
